build-and-deploy	Set up job	﻿2026-03-30T09:13:03.1253655Z Current runner version: '2.333.0'
build-and-deploy	Set up job	2026-03-30T09:13:03.1277730Z ##[group]Runner Image Provisioner
build-and-deploy	Set up job	2026-03-30T09:13:03.1278786Z Hosted Compute Agent
build-and-deploy	Set up job	2026-03-30T09:13:03.1279467Z Version: 20260213.493
build-and-deploy	Set up job	2026-03-30T09:13:03.1280202Z Commit: 5c115507f6dd24b8de37d8bbe0bb4509d0cc0fa3
build-and-deploy	Set up job	2026-03-30T09:13:03.1281016Z Build Date: 2026-02-13T00:28:41Z
build-and-deploy	Set up job	2026-03-30T09:13:03.1281821Z Worker ID: {80a10bc4-cee7-464e-865a-c4bdaa8b0bc6}
build-and-deploy	Set up job	2026-03-30T09:13:03.1282605Z Azure Region: westcentralus
build-and-deploy	Set up job	2026-03-30T09:13:03.1283309Z ##[endgroup]
build-and-deploy	Set up job	2026-03-30T09:13:03.1285136Z ##[group]Operating System
build-and-deploy	Set up job	2026-03-30T09:13:03.1285875Z Ubuntu
build-and-deploy	Set up job	2026-03-30T09:13:03.1286813Z 24.04.4
build-and-deploy	Set up job	2026-03-30T09:13:03.1287371Z LTS
build-and-deploy	Set up job	2026-03-30T09:13:03.1288097Z ##[endgroup]
build-and-deploy	Set up job	2026-03-30T09:13:03.1288851Z ##[group]Runner Image
build-and-deploy	Set up job	2026-03-30T09:13:03.1289495Z Image: ubuntu-24.04
build-and-deploy	Set up job	2026-03-30T09:13:03.1290185Z Version: 20260323.65.1
build-and-deploy	Set up job	2026-03-30T09:13:03.1291290Z Included Software: https://github.com/actions/runner-images/blob/ubuntu24/20260323.65/images/ubuntu/Ubuntu2404-Readme.md
build-and-deploy	Set up job	2026-03-30T09:13:03.1293152Z Image Release: https://github.com/actions/runner-images/releases/tag/ubuntu24%2F20260323.65
build-and-deploy	Set up job	2026-03-30T09:13:03.1294149Z ##[endgroup]
build-and-deploy	Set up job	2026-03-30T09:13:03.1295486Z ##[group]GITHUB_TOKEN Permissions
build-and-deploy	Set up job	2026-03-30T09:13:03.1297967Z Contents: read
build-and-deploy	Set up job	2026-03-30T09:13:03.1298740Z Metadata: read
build-and-deploy	Set up job	2026-03-30T09:13:03.1299328Z Packages: read
build-and-deploy	Set up job	2026-03-30T09:13:03.1299982Z ##[endgroup]
build-and-deploy	Set up job	2026-03-30T09:13:03.1302063Z Secret source: Actions
build-and-deploy	Set up job	2026-03-30T09:13:03.1302993Z Prepare workflow directory
build-and-deploy	Set up job	2026-03-30T09:13:03.1688002Z Prepare all required actions
build-and-deploy	Set up job	2026-03-30T09:13:03.1725348Z Getting action download info
build-and-deploy	Set up job	2026-03-30T09:13:03.6764637Z Download action repository 'actions/checkout@v4' (SHA:34e114876b0b11c390a56381ad16ebd13914f8d5)
build-and-deploy	Set up job	2026-03-30T09:13:03.8197471Z Download action repository 'docker/login-action@v3' (SHA:c94ce9fb468520275223c153574b00df6fe4bcc9)
build-and-deploy	Set up job	2026-03-30T09:13:05.0318032Z Download action repository 'docker/build-push-action@v5' (SHA:ca052bb54ab0790a636c9b5f226502c73d547a25)
build-and-deploy	Set up job	2026-03-30T09:13:06.1414302Z Download action repository 'appleboy/ssh-action@v1.0.3' (SHA:029f5b4aeeeb58fdfe1410a5d17f967dacf36262)
build-and-deploy	Set up job	2026-03-30T09:13:06.8884584Z Complete job name: build-and-deploy
build-and-deploy	Build appleboy/ssh-action@v1.0.3	﻿2026-03-30T09:13:06.9324857Z ##[group]Build container for action use: '/home/runner/work/_actions/appleboy/ssh-action/v1.0.3/Dockerfile'.
build-and-deploy	Build appleboy/ssh-action@v1.0.3	2026-03-30T09:13:06.9407122Z ##[command]/usr/bin/docker build -t eb17e9:dcf0fdbdb99d4ab1a42815f3f1e70870 -f "/home/runner/work/_actions/appleboy/ssh-action/v1.0.3/Dockerfile" "/home/runner/work/_actions/appleboy/ssh-action/v1.0.3"
build-and-deploy	Build appleboy/ssh-action@v1.0.3	2026-03-30T09:13:07.3168172Z #0 building with "default" instance using docker driver
build-and-deploy	Build appleboy/ssh-action@v1.0.3	2026-03-30T09:13:07.3168815Z 
build-and-deploy	Build appleboy/ssh-action@v1.0.3	2026-03-30T09:13:07.3169075Z #1 [internal] load build definition from Dockerfile
build-and-deploy	Build appleboy/ssh-action@v1.0.3	2026-03-30T09:13:07.3169631Z #1 transferring dockerfile: 149B done
build-and-deploy	Build appleboy/ssh-action@v1.0.3	2026-03-30T09:13:07.3170172Z #1 DONE 0.0s
build-and-deploy	Build appleboy/ssh-action@v1.0.3	2026-03-30T09:13:07.3170362Z 
build-and-deploy	Build appleboy/ssh-action@v1.0.3	2026-03-30T09:13:07.3170709Z #2 [internal] load metadata for ghcr.io/appleboy/drone-ssh:1.7.3
build-and-deploy	Build appleboy/ssh-action@v1.0.3	2026-03-30T09:13:08.3041843Z #2 DONE 1.1s
build-and-deploy	Build appleboy/ssh-action@v1.0.3	2026-03-30T09:13:08.4186703Z 
build-and-deploy	Build appleboy/ssh-action@v1.0.3	2026-03-30T09:13:08.4187264Z #3 [internal] load .dockerignore
build-and-deploy	Build appleboy/ssh-action@v1.0.3	2026-03-30T09:13:08.4188757Z #3 transferring context: 2B done
build-and-deploy	Build appleboy/ssh-action@v1.0.3	2026-03-30T09:13:08.4189777Z #3 DONE 0.0s
build-and-deploy	Build appleboy/ssh-action@v1.0.3	2026-03-30T09:13:08.4190363Z 
build-and-deploy	Build appleboy/ssh-action@v1.0.3	2026-03-30T09:13:08.4190901Z #4 [internal] load build context
build-and-deploy	Build appleboy/ssh-action@v1.0.3	2026-03-30T09:13:08.4191895Z #4 transferring context: 108B done
build-and-deploy	Build appleboy/ssh-action@v1.0.3	2026-03-30T09:13:08.4192818Z #4 DONE 0.0s
build-and-deploy	Build appleboy/ssh-action@v1.0.3	2026-03-30T09:13:08.4193184Z 
build-and-deploy	Build appleboy/ssh-action@v1.0.3	2026-03-30T09:13:08.4194176Z #5 [1/2] FROM ghcr.io/appleboy/drone-ssh:1.7.3@sha256:179cbd253771007f2ebcaf7a3860afe059207351de1f3378efafac93bd310158
build-and-deploy	Build appleboy/ssh-action@v1.0.3	2026-03-30T09:13:08.4196558Z #5 resolve ghcr.io/appleboy/drone-ssh:1.7.3@sha256:179cbd253771007f2ebcaf7a3860afe059207351de1f3378efafac93bd310158 done
build-and-deploy	Build appleboy/ssh-action@v1.0.3	2026-03-30T09:13:08.4199225Z #5 sha256:179cbd253771007f2ebcaf7a3860afe059207351de1f3378efafac93bd310158 2.38kB / 2.38kB done
build-and-deploy	Build appleboy/ssh-action@v1.0.3	2026-03-30T09:13:08.4201092Z #5 sha256:1a52f94820e830bc9734623deb03bbafa6a248fba19cdc2e5605c70d90d91441 1.24kB / 1.24kB done
build-and-deploy	Build appleboy/ssh-action@v1.0.3	2026-03-30T09:13:08.4202895Z #5 sha256:c4781b8d012b16b6c7468dc9104fad0a63f2a8815b2af8b7176bb544253ea8c7 3.86kB / 3.86kB done
build-and-deploy	Build appleboy/ssh-action@v1.0.3	2026-03-30T09:13:08.4204651Z #5 sha256:1207c741d8c9b028d98c4006013f9de959da3c55f85b91ed5e4583438a0112ca 0B / 3.38MB 0.1s
build-and-deploy	Build appleboy/ssh-action@v1.0.3	2026-03-30T09:13:08.4206075Z #5 sha256:654aaee5654be60f81172539ecd74485cf8bbe2e9137bab0d429862c31c676f6 0B / 284.83kB 0.1s
build-and-deploy	Build appleboy/ssh-action@v1.0.3	2026-03-30T09:13:08.4207463Z #5 sha256:7e20f48a19643465f486f59127b8f4e0f4114bedc8bd5260fb4f92d5fda95f1c 0B / 1.20kB 0.1s
build-and-deploy	Build appleboy/ssh-action@v1.0.3	2026-03-30T09:13:08.6261949Z #5 sha256:1207c741d8c9b028d98c4006013f9de959da3c55f85b91ed5e4583438a0112ca 2.10MB / 3.38MB 0.3s
build-and-deploy	Build appleboy/ssh-action@v1.0.3	2026-03-30T09:13:08.6263515Z #5 sha256:7e20f48a19643465f486f59127b8f4e0f4114bedc8bd5260fb4f92d5fda95f1c 1.20kB / 1.20kB 0.3s done
build-and-deploy	Build appleboy/ssh-action@v1.0.3	2026-03-30T09:13:08.6265177Z #5 sha256:066e5b821e26d8313055e0314c056e6c297847bcf963e5df10e7aa03107f2246 0B / 125B 0.3s
build-and-deploy	Build appleboy/ssh-action@v1.0.3	2026-03-30T09:13:08.6266560Z #5 extracting sha256:1207c741d8c9b028d98c4006013f9de959da3c55f85b91ed5e4583438a0112ca
build-and-deploy	Build appleboy/ssh-action@v1.0.3	2026-03-30T09:13:08.7330720Z #5 sha256:1207c741d8c9b028d98c4006013f9de959da3c55f85b91ed5e4583438a0112ca 3.38MB / 3.38MB 0.3s done
build-and-deploy	Build appleboy/ssh-action@v1.0.3	2026-03-30T09:13:08.7336426Z #5 sha256:654aaee5654be60f81172539ecd74485cf8bbe2e9137bab0d429862c31c676f6 284.83kB / 284.83kB 0.3s done
build-and-deploy	Build appleboy/ssh-action@v1.0.3	2026-03-30T09:13:08.7339220Z #5 extracting sha256:1207c741d8c9b028d98c4006013f9de959da3c55f85b91ed5e4583438a0112ca 0.1s done
build-and-deploy	Build appleboy/ssh-action@v1.0.3	2026-03-30T09:13:08.7340760Z #5 sha256:47353a6f9201a145b687290e5ae0278ac269faf4bb61bee3e9246c37a8d74277 0B / 2.44MB 0.4s
build-and-deploy	Build appleboy/ssh-action@v1.0.3	2026-03-30T09:13:08.7342275Z #5 extracting sha256:654aaee5654be60f81172539ecd74485cf8bbe2e9137bab0d429862c31c676f6
build-and-deploy	Build appleboy/ssh-action@v1.0.3	2026-03-30T09:13:08.9694061Z #5 sha256:066e5b821e26d8313055e0314c056e6c297847bcf963e5df10e7aa03107f2246 125B / 125B 0.4s done
build-and-deploy	Build appleboy/ssh-action@v1.0.3	2026-03-30T09:13:08.9696042Z #5 sha256:47353a6f9201a145b687290e5ae0278ac269faf4bb61bee3e9246c37a8d74277 2.44MB / 2.44MB 0.5s done
build-and-deploy	Build appleboy/ssh-action@v1.0.3	2026-03-30T09:13:08.9697996Z #5 extracting sha256:654aaee5654be60f81172539ecd74485cf8bbe2e9137bab0d429862c31c676f6 0.0s done
build-and-deploy	Build appleboy/ssh-action@v1.0.3	2026-03-30T09:13:11.1189119Z #5 extracting sha256:7e20f48a19643465f486f59127b8f4e0f4114bedc8bd5260fb4f92d5fda95f1c
build-and-deploy	Build appleboy/ssh-action@v1.0.3	2026-03-30T09:13:11.3571183Z #5 extracting sha256:7e20f48a19643465f486f59127b8f4e0f4114bedc8bd5260fb4f92d5fda95f1c done
build-and-deploy	Build appleboy/ssh-action@v1.0.3	2026-03-30T09:13:11.3573133Z #5 extracting sha256:066e5b821e26d8313055e0314c056e6c297847bcf963e5df10e7aa03107f2246 done
build-and-deploy	Build appleboy/ssh-action@v1.0.3	2026-03-30T09:13:11.3575610Z #5 extracting sha256:47353a6f9201a145b687290e5ae0278ac269faf4bb61bee3e9246c37a8d74277 0.0s done
build-and-deploy	Build appleboy/ssh-action@v1.0.3	2026-03-30T09:13:11.3577063Z #5 DONE 2.9s
build-and-deploy	Build appleboy/ssh-action@v1.0.3	2026-03-30T09:13:11.3577437Z 
build-and-deploy	Build appleboy/ssh-action@v1.0.3	2026-03-30T09:13:12.0044599Z #6 [2/2] COPY entrypoint.sh /bin/entrypoint.sh
build-and-deploy	Build appleboy/ssh-action@v1.0.3	2026-03-30T09:13:12.0046064Z #6 DONE 0.0s
build-and-deploy	Build appleboy/ssh-action@v1.0.3	2026-03-30T09:13:12.0046466Z 
build-and-deploy	Build appleboy/ssh-action@v1.0.3	2026-03-30T09:13:12.0046864Z #7 exporting to image
build-and-deploy	Build appleboy/ssh-action@v1.0.3	2026-03-30T09:13:12.0047878Z #7 exporting layers
build-and-deploy	Build appleboy/ssh-action@v1.0.3	2026-03-30T09:13:12.0048430Z #7 exporting layers 0.8s done
build-and-deploy	Build appleboy/ssh-action@v1.0.3	2026-03-30T09:13:12.0251277Z #7 writing image sha256:c537b75d31d75b7d3a45d26e3abced04b7969666f9cf6450c0c4da415f5e3182 done
build-and-deploy	Build appleboy/ssh-action@v1.0.3	2026-03-30T09:13:12.0253132Z #7 naming to docker.io/library/eb17e9:dcf0fdbdb99d4ab1a42815f3f1e70870 done
build-and-deploy	Build appleboy/ssh-action@v1.0.3	2026-03-30T09:13:12.0253985Z #7 DONE 0.8s
build-and-deploy	Build appleboy/ssh-action@v1.0.3	2026-03-30T09:13:12.0310033Z ##[endgroup]
build-and-deploy	Checkout code	﻿2026-03-30T09:13:12.0636874Z ##[group]Run actions/checkout@v4
build-and-deploy	Checkout code	2026-03-30T09:13:12.0637901Z with:
build-and-deploy	Checkout code	2026-03-30T09:13:12.0638172Z   repository: stanisloveme-cloud/UPGRADE
build-and-deploy	Checkout code	2026-03-30T09:13:12.0638641Z   token: ***
build-and-deploy	Checkout code	2026-03-30T09:13:12.0638854Z   ssh-strict: true
build-and-deploy	Checkout code	2026-03-30T09:13:12.0639080Z   ssh-user: git
build-and-deploy	Checkout code	2026-03-30T09:13:12.0639308Z   persist-credentials: true
build-and-deploy	Checkout code	2026-03-30T09:13:12.0639571Z   clean: true
build-and-deploy	Checkout code	2026-03-30T09:13:12.0639795Z   sparse-checkout-cone-mode: true
build-and-deploy	Checkout code	2026-03-30T09:13:12.0640075Z   fetch-depth: 1
build-and-deploy	Checkout code	2026-03-30T09:13:12.0640281Z   fetch-tags: false
build-and-deploy	Checkout code	2026-03-30T09:13:12.0640496Z   show-progress: true
build-and-deploy	Checkout code	2026-03-30T09:13:12.0640729Z   lfs: false
build-and-deploy	Checkout code	2026-03-30T09:13:12.0640952Z   submodules: false
build-and-deploy	Checkout code	2026-03-30T09:13:12.0641177Z   set-safe-directory: true
build-and-deploy	Checkout code	2026-03-30T09:13:12.0641720Z ##[endgroup]
build-and-deploy	Checkout code	2026-03-30T09:13:12.1701753Z Syncing repository: stanisloveme-cloud/UPGRADE
build-and-deploy	Checkout code	2026-03-30T09:13:12.1703094Z ##[group]Getting Git version info
build-and-deploy	Checkout code	2026-03-30T09:13:12.1703521Z Working directory is '/home/runner/work/UPGRADE/UPGRADE'
build-and-deploy	Checkout code	2026-03-30T09:13:12.1704440Z [command]/usr/bin/git version
build-and-deploy	Checkout code	2026-03-30T09:13:12.1710695Z git version 2.53.0
build-and-deploy	Checkout code	2026-03-30T09:13:12.1735634Z ##[endgroup]
build-and-deploy	Checkout code	2026-03-30T09:13:12.1756317Z Temporarily overriding HOME='/home/runner/work/_temp/8a6e2070-5678-446b-b5c3-3650af00329e' before making global git config changes
build-and-deploy	Checkout code	2026-03-30T09:13:12.1757881Z Adding repository directory to the temporary git global config as a safe directory
build-and-deploy	Checkout code	2026-03-30T09:13:12.1761461Z [command]/usr/bin/git config --global --add safe.directory /home/runner/work/UPGRADE/UPGRADE
build-and-deploy	Checkout code	2026-03-30T09:13:12.1791027Z Deleting the contents of '/home/runner/work/UPGRADE/UPGRADE'
build-and-deploy	Checkout code	2026-03-30T09:13:12.1794424Z ##[group]Initializing the repository
build-and-deploy	Checkout code	2026-03-30T09:13:12.1798504Z [command]/usr/bin/git init /home/runner/work/UPGRADE/UPGRADE
build-and-deploy	Checkout code	2026-03-30T09:13:12.1878589Z hint: Using 'master' as the name for the initial branch. This default branch name
build-and-deploy	Checkout code	2026-03-30T09:13:12.1880965Z hint: will change to "main" in Git 3.0. To configure the initial branch name
build-and-deploy	Checkout code	2026-03-30T09:13:12.1882012Z hint: to use in all of your new repositories, which will suppress this warning,
build-and-deploy	Checkout code	2026-03-30T09:13:12.1882814Z hint: call:
build-and-deploy	Checkout code	2026-03-30T09:13:12.1883195Z hint:
build-and-deploy	Checkout code	2026-03-30T09:13:12.1883721Z hint: 	git config --global init.defaultBranch <name>
build-and-deploy	Checkout code	2026-03-30T09:13:12.1884344Z hint:
build-and-deploy	Checkout code	2026-03-30T09:13:12.1884937Z hint: Names commonly chosen instead of 'master' are 'main', 'trunk' and
build-and-deploy	Checkout code	2026-03-30T09:13:12.1885973Z hint: 'development'. The just-created branch can be renamed via this command:
build-and-deploy	Checkout code	2026-03-30T09:13:12.1886763Z hint:
build-and-deploy	Checkout code	2026-03-30T09:13:12.1887150Z hint: 	git branch -m <name>
build-and-deploy	Checkout code	2026-03-30T09:13:12.1887870Z hint:
build-and-deploy	Checkout code	2026-03-30T09:13:12.1888519Z hint: Disable this message with "git config set advice.defaultBranchName false"
build-and-deploy	Checkout code	2026-03-30T09:13:12.1889532Z Initialized empty Git repository in /home/runner/work/UPGRADE/UPGRADE/.git/
build-and-deploy	Checkout code	2026-03-30T09:13:12.1893180Z [command]/usr/bin/git remote add origin https://github.com/stanisloveme-cloud/UPGRADE
build-and-deploy	Checkout code	2026-03-30T09:13:12.1921304Z ##[endgroup]
build-and-deploy	Checkout code	2026-03-30T09:13:12.1922076Z ##[group]Disabling automatic garbage collection
build-and-deploy	Checkout code	2026-03-30T09:13:12.1926314Z [command]/usr/bin/git config --local gc.auto 0
build-and-deploy	Checkout code	2026-03-30T09:13:12.1953929Z ##[endgroup]
build-and-deploy	Checkout code	2026-03-30T09:13:12.1954657Z ##[group]Setting up auth
build-and-deploy	Checkout code	2026-03-30T09:13:12.1961445Z [command]/usr/bin/git config --local --name-only --get-regexp core\.sshCommand
build-and-deploy	Checkout code	2026-03-30T09:13:12.1991226Z [command]/usr/bin/git submodule foreach --recursive sh -c "git config --local --name-only --get-regexp 'core\.sshCommand' && git config --local --unset-all 'core.sshCommand' || :"
build-and-deploy	Checkout code	2026-03-30T09:13:12.2264570Z [command]/usr/bin/git config --local --name-only --get-regexp http\.https\:\/\/github\.com\/\.extraheader
build-and-deploy	Checkout code	2026-03-30T09:13:12.2293841Z [command]/usr/bin/git submodule foreach --recursive sh -c "git config --local --name-only --get-regexp 'http\.https\:\/\/github\.com\/\.extraheader' && git config --local --unset-all 'http.https://github.com/.extraheader' || :"
build-and-deploy	Checkout code	2026-03-30T09:13:12.2504374Z [command]/usr/bin/git config --local --name-only --get-regexp ^includeIf\.gitdir:
build-and-deploy	Checkout code	2026-03-30T09:13:12.2534321Z [command]/usr/bin/git submodule foreach --recursive git config --local --show-origin --name-only --get-regexp remote.origin.url
build-and-deploy	Checkout code	2026-03-30T09:13:12.2749870Z [command]/usr/bin/git config --local http.https://github.com/.extraheader AUTHORIZATION: basic ***
build-and-deploy	Checkout code	2026-03-30T09:13:12.2782661Z ##[endgroup]
build-and-deploy	Checkout code	2026-03-30T09:13:12.2783365Z ##[group]Fetching the repository
build-and-deploy	Checkout code	2026-03-30T09:13:12.2790903Z [command]/usr/bin/git -c protocol.version=2 fetch --no-tags --prune --no-recurse-submodules --depth=1 origin +05559966e73362127149e957abdd9412f0f28f05:refs/remotes/origin/main
build-and-deploy	Checkout code	2026-03-30T09:13:14.1458083Z From https://github.com/stanisloveme-cloud/UPGRADE
build-and-deploy	Checkout code	2026-03-30T09:13:14.1459233Z  * [new ref]         05559966e73362127149e957abdd9412f0f28f05 -> origin/main
build-and-deploy	Checkout code	2026-03-30T09:13:14.1485433Z ##[endgroup]
build-and-deploy	Checkout code	2026-03-30T09:13:14.1486130Z ##[group]Determining the checkout info
build-and-deploy	Checkout code	2026-03-30T09:13:14.1488573Z ##[endgroup]
build-and-deploy	Checkout code	2026-03-30T09:13:14.1493981Z [command]/usr/bin/git sparse-checkout disable
build-and-deploy	Checkout code	2026-03-30T09:13:14.1529950Z [command]/usr/bin/git config --local --unset-all extensions.worktreeConfig
build-and-deploy	Checkout code	2026-03-30T09:13:14.1554314Z ##[group]Checking out the ref
build-and-deploy	Checkout code	2026-03-30T09:13:14.1559112Z [command]/usr/bin/git checkout --progress --force -B main refs/remotes/origin/main
build-and-deploy	Checkout code	2026-03-30T09:13:14.4524743Z Switched to a new branch 'main'
build-and-deploy	Checkout code	2026-03-30T09:13:14.4525560Z branch 'main' set up to track 'origin/main'.
build-and-deploy	Checkout code	2026-03-30T09:13:14.4552260Z ##[endgroup]
build-and-deploy	Checkout code	2026-03-30T09:13:14.4590511Z [command]/usr/bin/git log -1 --format=%H
build-and-deploy	Checkout code	2026-03-30T09:13:14.4614265Z 05559966e73362127149e957abdd9412f0f28f05
build-and-deploy	Log in to Docker Hub	﻿2026-03-30T09:13:14.4808472Z ##[group]Run docker/login-action@v3
build-and-deploy	Log in to Docker Hub	2026-03-30T09:13:14.4808790Z with:
build-and-deploy	Log in to Docker Hub	2026-03-30T09:13:14.4809094Z   username: ***
build-and-deploy	Log in to Docker Hub	2026-03-30T09:13:14.4809372Z   password: ***
build-and-deploy	Log in to Docker Hub	2026-03-30T09:13:14.4809588Z   logout: true
build-and-deploy	Log in to Docker Hub	2026-03-30T09:13:14.4809793Z ##[endgroup]
build-and-deploy	Log in to Docker Hub	2026-03-30T09:13:14.7749574Z Logging into docker.io...
build-and-deploy	Log in to Docker Hub	2026-03-30T09:13:15.2414927Z Login Succeeded!
build-and-deploy	Build and Push Backend	﻿2026-03-30T09:13:15.2582600Z ##[group]Run docker/build-push-action@v5
build-and-deploy	Build and Push Backend	2026-03-30T09:13:15.2582949Z with:
build-and-deploy	Build and Push Backend	2026-03-30T09:13:15.2583146Z   context: .
build-and-deploy	Build and Push Backend	2026-03-30T09:13:15.2583366Z   file: Dockerfile
build-and-deploy	Build and Push Backend	2026-03-30T09:13:15.2583577Z   push: true
build-and-deploy	Build and Push Backend	2026-03-30T09:13:15.2583854Z   tags: ***/upgrade-backend:latest
build-and-deploy	Build and Push Backend	2026-03-30T09:13:15.2584124Z   load: false
build-and-deploy	Build and Push Backend	2026-03-30T09:13:15.2584324Z   no-cache: false
build-and-deploy	Build and Push Backend	2026-03-30T09:13:15.2584535Z   pull: false
build-and-deploy	Build and Push Backend	2026-03-30T09:13:15.2584845Z   github-token: ***
build-and-deploy	Build and Push Backend	2026-03-30T09:13:15.2585067Z ##[endgroup]
build-and-deploy	Build and Push Backend	2026-03-30T09:13:15.4757435Z ##[group]GitHub Actions runtime token ACs
build-and-deploy	Build and Push Backend	2026-03-30T09:13:15.4769323Z refs/heads/main: read/write
build-and-deploy	Build and Push Backend	2026-03-30T09:13:15.4770836Z ##[endgroup]
build-and-deploy	Build and Push Backend	2026-03-30T09:13:15.4773167Z ##[group]Docker info
build-and-deploy	Build and Push Backend	2026-03-30T09:13:15.4819764Z [command]/usr/bin/docker version
build-and-deploy	Build and Push Backend	2026-03-30T09:13:15.5053054Z Client: Docker Engine - Community
build-and-deploy	Build and Push Backend	2026-03-30T09:13:15.5056345Z  Version:           28.0.4
build-and-deploy	Build and Push Backend	2026-03-30T09:13:15.5056852Z  API version:       1.48
build-and-deploy	Build and Push Backend	2026-03-30T09:13:15.5058903Z  Go version:        go1.23.7
build-and-deploy	Build and Push Backend	2026-03-30T09:13:15.5059279Z  Git commit:        b8034c0
build-and-deploy	Build and Push Backend	2026-03-30T09:13:15.5059551Z  Built:             Tue Mar 25 15:07:16 2025
build-and-deploy	Build and Push Backend	2026-03-30T09:13:15.5059855Z  OS/Arch:           linux/amd64
build-and-deploy	Build and Push Backend	2026-03-30T09:13:15.5060108Z  Context:           default
build-and-deploy	Build and Push Backend	2026-03-30T09:13:15.5060266Z 
build-and-deploy	Build and Push Backend	2026-03-30T09:13:15.5060375Z Server: Docker Engine - Community
build-and-deploy	Build and Push Backend	2026-03-30T09:13:15.5060637Z  Engine:
build-and-deploy	Build and Push Backend	2026-03-30T09:13:15.5060834Z   Version:          28.0.4
build-and-deploy	Build and Push Backend	2026-03-30T09:13:15.5061106Z   API version:      1.48 (minimum version 1.24)
build-and-deploy	Build and Push Backend	2026-03-30T09:13:15.5061402Z   Go version:       go1.23.7
build-and-deploy	Build and Push Backend	2026-03-30T09:13:15.5061638Z   Git commit:       6430e49
build-and-deploy	Build and Push Backend	2026-03-30T09:13:15.5061904Z   Built:            Tue Mar 25 15:07:16 2025
build-and-deploy	Build and Push Backend	2026-03-30T09:13:15.5062186Z   OS/Arch:          linux/amd64
build-and-deploy	Build and Push Backend	2026-03-30T09:13:15.5062432Z   Experimental:     false
build-and-deploy	Build and Push Backend	2026-03-30T09:13:15.5062668Z  containerd:
build-and-deploy	Build and Push Backend	2026-03-30T09:13:15.5062873Z   Version:          v2.2.2
build-and-deploy	Build and Push Backend	2026-03-30T09:13:15.5063168Z   GitCommit:        301b2dac98f15c27117da5c8af12118a041a31d9
build-and-deploy	Build and Push Backend	2026-03-30T09:13:15.5064103Z  runc:
build-and-deploy	Build and Push Backend	2026-03-30T09:13:15.5064310Z   Version:          1.3.4
build-and-deploy	Build and Push Backend	2026-03-30T09:13:15.5064560Z   GitCommit:        v1.3.4-0-gd6d73eb8
build-and-deploy	Build and Push Backend	2026-03-30T09:13:15.5064834Z  docker-init:
build-and-deploy	Build and Push Backend	2026-03-30T09:13:15.5065050Z   Version:          0.19.0
build-and-deploy	Build and Push Backend	2026-03-30T09:13:15.5065319Z   GitCommit:        de40ad0
build-and-deploy	Build and Push Backend	2026-03-30T09:13:15.5111034Z [command]/usr/bin/docker info
build-and-deploy	Build and Push Backend	2026-03-30T09:13:15.6067357Z Client: Docker Engine - Community
build-and-deploy	Build and Push Backend	2026-03-30T09:13:15.6068192Z  Version:    28.0.4
build-and-deploy	Build and Push Backend	2026-03-30T09:13:15.6068523Z  Context:    default
build-and-deploy	Build and Push Backend	2026-03-30T09:13:15.6068946Z  Debug Mode: false
build-and-deploy	Build and Push Backend	2026-03-30T09:13:15.6069331Z  Plugins:
build-and-deploy	Build and Push Backend	2026-03-30T09:13:15.6069620Z   buildx: Docker Buildx (Docker Inc.)
build-and-deploy	Build and Push Backend	2026-03-30T09:13:15.6069912Z     Version:  v0.32.1
build-and-deploy	Build and Push Backend	2026-03-30T09:13:15.6070307Z     Path:     /usr/libexec/docker/cli-plugins/docker-buildx
build-and-deploy	Build and Push Backend	2026-03-30T09:13:15.6070884Z   compose: Docker Compose (Docker Inc.)
build-and-deploy	Build and Push Backend	2026-03-30T09:13:15.6071404Z     Version:  v2.38.2
build-and-deploy	Build and Push Backend	2026-03-30T09:13:15.6071923Z     Path:     /usr/libexec/docker/cli-plugins/docker-compose
build-and-deploy	Build and Push Backend	2026-03-30T09:13:15.6072588Z 
build-and-deploy	Build and Push Backend	2026-03-30T09:13:15.6072672Z Server:
build-and-deploy	Build and Push Backend	2026-03-30T09:13:15.6072878Z  Containers: 0
build-and-deploy	Build and Push Backend	2026-03-30T09:13:15.6073088Z   Running: 0
build-and-deploy	Build and Push Backend	2026-03-30T09:13:15.6073287Z   Paused: 0
build-and-deploy	Build and Push Backend	2026-03-30T09:13:15.6073483Z   Stopped: 0
build-and-deploy	Build and Push Backend	2026-03-30T09:13:15.6073673Z  Images: 7
build-and-deploy	Build and Push Backend	2026-03-30T09:13:15.6073868Z  Server Version: 28.0.4
build-and-deploy	Build and Push Backend	2026-03-30T09:13:15.6074116Z  Storage Driver: overlay2
build-and-deploy	Build and Push Backend	2026-03-30T09:13:15.6074364Z   Backing Filesystem: extfs
build-and-deploy	Build and Push Backend	2026-03-30T09:13:15.6074621Z   Supports d_type: true
build-and-deploy	Build and Push Backend	2026-03-30T09:13:15.6074857Z   Using metacopy: false
build-and-deploy	Build and Push Backend	2026-03-30T09:13:15.6075090Z   Native Overlay Diff: false
build-and-deploy	Build and Push Backend	2026-03-30T09:13:15.6075347Z   userxattr: false
build-and-deploy	Build and Push Backend	2026-03-30T09:13:15.6075575Z  Logging Driver: json-file
build-and-deploy	Build and Push Backend	2026-03-30T09:13:15.6075816Z  Cgroup Driver: systemd
build-and-deploy	Build and Push Backend	2026-03-30T09:13:15.6076045Z  Cgroup Version: 2
build-and-deploy	Build and Push Backend	2026-03-30T09:13:15.6076250Z  Plugins:
build-and-deploy	Build and Push Backend	2026-03-30T09:13:15.6076449Z   Volume: local
build-and-deploy	Build and Push Backend	2026-03-30T09:13:15.6076701Z   Network: bridge host ipvlan macvlan null overlay
build-and-deploy	Build and Push Backend	2026-03-30T09:13:15.6077147Z   Log: awslogs fluentd gcplogs gelf journald json-file local splunk syslog
build-and-deploy	Build and Push Backend	2026-03-30T09:13:15.6078081Z  Swarm: inactive
build-and-deploy	Build and Push Backend	2026-03-30T09:13:15.6078331Z  Runtimes: io.containerd.runc.v2 runc
build-and-deploy	Build and Push Backend	2026-03-30T09:13:15.6078751Z  Default Runtime: runc
build-and-deploy	Build and Push Backend	2026-03-30T09:13:15.6078985Z  Init Binary: docker-init
build-and-deploy	Build and Push Backend	2026-03-30T09:13:15.6079303Z  containerd version: 301b2dac98f15c27117da5c8af12118a041a31d9
build-and-deploy	Build and Push Backend	2026-03-30T09:13:15.6079658Z  runc version: v1.3.4-0-gd6d73eb8
build-and-deploy	Build and Push Backend	2026-03-30T09:13:15.6079918Z  init version: de40ad0
build-and-deploy	Build and Push Backend	2026-03-30T09:13:15.6080147Z  Security Options:
build-and-deploy	Build and Push Backend	2026-03-30T09:13:15.6080353Z   apparmor
build-and-deploy	Build and Push Backend	2026-03-30T09:13:15.6080546Z   seccomp
build-and-deploy	Build and Push Backend	2026-03-30T09:13:15.6080739Z    Profile: builtin
build-and-deploy	Build and Push Backend	2026-03-30T09:13:15.6080950Z   cgroupns
build-and-deploy	Build and Push Backend	2026-03-30T09:13:15.6081149Z  Kernel Version: 6.17.0-1008-azure
build-and-deploy	Build and Push Backend	2026-03-30T09:13:15.6081428Z  Operating System: Ubuntu 24.04.4 LTS
build-and-deploy	Build and Push Backend	2026-03-30T09:13:15.6081693Z  OSType: linux
build-and-deploy	Build and Push Backend	2026-03-30T09:13:15.6081906Z  Architecture: x86_64
build-and-deploy	Build and Push Backend	2026-03-30T09:13:15.6082117Z  CPUs: 4
build-and-deploy	Build and Push Backend	2026-03-30T09:13:15.6082310Z  Total Memory: 15.61GiB
build-and-deploy	Build and Push Backend	2026-03-30T09:13:15.6082550Z  Name: runnervmrg6be
build-and-deploy	Build and Push Backend	2026-03-30T09:13:15.6082791Z  ID: 26c853c4-ebf5-403c-a446-44e39e017c08
build-and-deploy	Build and Push Backend	2026-03-30T09:13:15.6083074Z  Docker Root Dir: /var/lib/docker
build-and-deploy	Build and Push Backend	2026-03-30T09:13:15.6083330Z  Debug Mode: false
build-and-deploy	Build and Push Backend	2026-03-30T09:13:15.6083866Z  Username: ***
build-and-deploy	Build and Push Backend	2026-03-30T09:13:15.6084106Z  Experimental: false
build-and-deploy	Build and Push Backend	2026-03-30T09:13:15.6084334Z  Insecure Registries:
build-and-deploy	Build and Push Backend	2026-03-30T09:13:15.6089024Z   ::1/128
build-and-deploy	Build and Push Backend	2026-03-30T09:13:15.6089265Z   127.0.0.0/8
build-and-deploy	Build and Push Backend	2026-03-30T09:13:15.6089487Z  Live Restore Enabled: false
build-and-deploy	Build and Push Backend	2026-03-30T09:13:15.6089677Z 
build-and-deploy	Build and Push Backend	2026-03-30T09:13:15.6092667Z ##[endgroup]
build-and-deploy	Build and Push Backend	2026-03-30T09:13:15.6093371Z ##[group]Proxy configuration
build-and-deploy	Build and Push Backend	2026-03-30T09:13:15.6098043Z No proxy configuration found
build-and-deploy	Build and Push Backend	2026-03-30T09:13:15.6098571Z ##[endgroup]
build-and-deploy	Build and Push Backend	2026-03-30T09:13:15.6732426Z ##[group]Buildx version
build-and-deploy	Build and Push Backend	2026-03-30T09:13:15.6775891Z [command]/usr/bin/docker buildx version
build-and-deploy	Build and Push Backend	2026-03-30T09:13:15.7340159Z github.com/docker/buildx v0.32.1 d3bfb3f4e48a67dda56e957a6636f4fab6c5fcb2
build-and-deploy	Build and Push Backend	2026-03-30T09:13:15.7374697Z ##[endgroup]
build-and-deploy	Build and Push Backend	2026-03-30T09:13:15.7375371Z ##[group]Builder info
build-and-deploy	Build and Push Backend	2026-03-30T09:13:15.8086746Z {
build-and-deploy	Build and Push Backend	2026-03-30T09:13:15.8106508Z   "nodes": [
build-and-deploy	Build and Push Backend	2026-03-30T09:13:15.8106899Z     {
build-and-deploy	Build and Push Backend	2026-03-30T09:13:15.8107264Z       "name": "default",
build-and-deploy	Build and Push Backend	2026-03-30T09:13:15.8107940Z       "endpoint": "default",
build-and-deploy	Build and Push Backend	2026-03-30T09:13:15.8108416Z       "status": "running",
build-and-deploy	Build and Push Backend	2026-03-30T09:13:15.8108864Z       "buildkit": "v0.20.2",
build-and-deploy	Build and Push Backend	2026-03-30T09:13:15.8109501Z       "platforms": "linux/amd64,linux/amd64/v2,linux/amd64/v3,linux/386",
build-and-deploy	Build and Push Backend	2026-03-30T09:13:15.8110169Z       "features": {
build-and-deploy	Build and Push Backend	2026-03-30T09:13:15.8110773Z         "Automatically load images to the Docker Engine image store": true,
build-and-deploy	Build and Push Backend	2026-03-30T09:13:15.8111474Z         "Cache export": true,
build-and-deploy	Build and Push Backend	2026-03-30T09:13:15.8111959Z         "Direct push": true,
build-and-deploy	Build and Push Backend	2026-03-30T09:13:15.8112415Z         "Docker exporter": true,
build-and-deploy	Build and Push Backend	2026-03-30T09:13:15.8112924Z         "Multi-platform build": true,
build-and-deploy	Build and Push Backend	2026-03-30T09:13:15.8113430Z         "OCI exporter": true
build-and-deploy	Build and Push Backend	2026-03-30T09:13:15.8113866Z       },
build-and-deploy	Build and Push Backend	2026-03-30T09:13:15.8114224Z       "labels": {
build-and-deploy	Build and Push Backend	2026-03-30T09:13:15.8114865Z         "org.mobyproject.buildkit.worker.moby.host-gateway-ip": "172.17.0.1"
build-and-deploy	Build and Push Backend	2026-03-30T09:13:15.8116043Z       }
build-and-deploy	Build and Push Backend	2026-03-30T09:13:15.8116388Z     }
build-and-deploy	Build and Push Backend	2026-03-30T09:13:15.8116695Z   ],
build-and-deploy	Build and Push Backend	2026-03-30T09:13:15.8117031Z   "name": "default",
build-and-deploy	Build and Push Backend	2026-03-30T09:13:15.8117441Z   "driver": "docker",
build-and-deploy	Build and Push Backend	2026-03-30T09:13:15.8118146Z   "lastActivity": "2026-03-30T09:13:07.000Z"
build-and-deploy	Build and Push Backend	2026-03-30T09:13:15.8118654Z }
build-and-deploy	Build and Push Backend	2026-03-30T09:13:15.8119421Z ##[endgroup]
build-and-deploy	Build and Push Backend	2026-03-30T09:13:15.9542242Z [command]/usr/bin/docker buildx build --file Dockerfile --iidfile /home/runner/work/_temp/docker-actions-toolkit-eXk7HS/build-iidfile-514c032487.txt --tag ***/upgrade-backend:latest --metadata-file /home/runner/work/_temp/docker-actions-toolkit-eXk7HS/build-metadata-6f8bfc7b8f.json --push .
build-and-deploy	Build and Push Backend	2026-03-30T09:13:16.1778310Z #0 building with "default" instance using docker driver
build-and-deploy	Build and Push Backend	2026-03-30T09:13:16.1778807Z 
build-and-deploy	Build and Push Backend	2026-03-30T09:13:16.1779048Z #1 [internal] load build definition from Dockerfile
build-and-deploy	Build and Push Backend	2026-03-30T09:13:16.1779633Z #1 transferring dockerfile: 947B done
build-and-deploy	Build and Push Backend	2026-03-30T09:13:16.1780481Z #1 DONE 0.0s
build-and-deploy	Build and Push Backend	2026-03-30T09:13:16.1780690Z 
build-and-deploy	Build and Push Backend	2026-03-30T09:13:16.1780963Z #2 [auth] library/node:pull token for registry-1.docker.io
build-and-deploy	Build and Push Backend	2026-03-30T09:13:16.3285693Z #2 DONE 0.0s
build-and-deploy	Build and Push Backend	2026-03-30T09:13:16.3286030Z 
build-and-deploy	Build and Push Backend	2026-03-30T09:13:16.3286359Z #3 [internal] load metadata for docker.io/library/node:20-slim
build-and-deploy	Build and Push Backend	2026-03-30T09:13:16.7761715Z #3 DONE 0.7s
build-and-deploy	Build and Push Backend	2026-03-30T09:13:16.8951093Z 
build-and-deploy	Build and Push Backend	2026-03-30T09:13:16.8951971Z #4 [internal] load .dockerignore
build-and-deploy	Build and Push Backend	2026-03-30T09:13:16.8952529Z #4 transferring context: 124B done
build-and-deploy	Build and Push Backend	2026-03-30T09:13:16.8952866Z #4 DONE 0.0s
build-and-deploy	Build and Push Backend	2026-03-30T09:13:16.8952999Z 
build-and-deploy	Build and Push Backend	2026-03-30T09:13:16.8953387Z #5 [builder 1/9] FROM docker.io/library/node:20-slim@sha256:1e85773c98c31d4fe5b545e4cb17379e617b348832fb3738b22a08f68dec30f3
build-and-deploy	Build and Push Backend	2026-03-30T09:13:16.8954395Z #5 resolve docker.io/library/node:20-slim@sha256:1e85773c98c31d4fe5b545e4cb17379e617b348832fb3738b22a08f68dec30f3 done
build-and-deploy	Build and Push Backend	2026-03-30T09:13:16.8955398Z #5 sha256:1e85773c98c31d4fe5b545e4cb17379e617b348832fb3738b22a08f68dec30f3 6.49kB / 6.49kB done
build-and-deploy	Build and Push Backend	2026-03-30T09:13:16.8956626Z #5 sha256:7129e1780341f8dff603243d2b0cb9179c1716291ff6a86706946b629d3c544a 1.93kB / 1.93kB done
build-and-deploy	Build and Push Backend	2026-03-30T09:13:16.8959477Z #5 sha256:c13e3944d9c4e9f10c86a291466033c1e647965f499d96e0ac0bac4c6bb86a00 6.88kB / 6.88kB done
build-and-deploy	Build and Push Backend	2026-03-30T09:13:16.8960801Z #5 sha256:6db0909c4473287ed4d1f950d26b8bc5b7b4206d365a0e7740cb89e46979153e 0B / 28.24MB 0.1s
build-and-deploy	Build and Push Backend	2026-03-30T09:13:16.8962017Z #5 sha256:ca99483f3fa42e0157592468f580530898d1636ce1009b8b561e47ee502cf244 0B / 3.31kB 0.1s
build-and-deploy	Build and Push Backend	2026-03-30T09:13:16.8963239Z #5 sha256:e853745b3e30ddfb3e6582d468f164bc6e1871ce7a5217019793e5c6b18fb305 0B / 41.42MB 0.1s
build-and-deploy	Build and Push Backend	2026-03-30T09:13:16.9971342Z #5 ...
build-and-deploy	Build and Push Backend	2026-03-30T09:13:16.9975440Z 
build-and-deploy	Build and Push Backend	2026-03-30T09:13:16.9975603Z #6 [internal] load build context
build-and-deploy	Build and Push Backend	2026-03-30T09:13:16.9976084Z #6 transferring context: 44.59MB 0.2s done
build-and-deploy	Build and Push Backend	2026-03-30T09:13:16.9976732Z #6 DONE 0.2s
build-and-deploy	Build and Push Backend	2026-03-30T09:13:16.9977423Z 
build-and-deploy	Build and Push Backend	2026-03-30T09:13:16.9978515Z #5 [builder 1/9] FROM docker.io/library/node:20-slim@sha256:1e85773c98c31d4fe5b545e4cb17379e617b348832fb3738b22a08f68dec30f3
build-and-deploy	Build and Push Backend	2026-03-30T09:13:17.1946872Z #5 sha256:6db0909c4473287ed4d1f950d26b8bc5b7b4206d365a0e7740cb89e46979153e 19.92MB / 28.24MB 0.4s
build-and-deploy	Build and Push Backend	2026-03-30T09:13:17.1948321Z #5 sha256:ca99483f3fa42e0157592468f580530898d1636ce1009b8b561e47ee502cf244 3.31kB / 3.31kB 0.2s done
build-and-deploy	Build and Push Backend	2026-03-30T09:13:17.1949510Z #5 sha256:4d153bee4c0ed5b35be1fad9bee6a1ade2c33b4fc8fadfbafcee6c3bf6346219 0B / 1.71MB 0.4s
build-and-deploy	Build and Push Backend	2026-03-30T09:13:17.2952674Z #5 sha256:6db0909c4473287ed4d1f950d26b8bc5b7b4206d365a0e7740cb89e46979153e 28.24MB / 28.24MB 0.5s done
build-and-deploy	Build and Push Backend	2026-03-30T09:13:17.2954949Z #5 sha256:e853745b3e30ddfb3e6582d468f164bc6e1871ce7a5217019793e5c6b18fb305 12.58MB / 41.42MB 0.5s
build-and-deploy	Build and Push Backend	2026-03-30T09:13:17.2956094Z #5 sha256:4d153bee4c0ed5b35be1fad9bee6a1ade2c33b4fc8fadfbafcee6c3bf6346219 1.05MB / 1.71MB 0.5s
build-and-deploy	Build and Push Backend	2026-03-30T09:13:17.2956890Z #5 sha256:1cd806dc86be3a3d72f1eacf81bb9b14528605924e4f4a81356e776ff101c88b 0B / 446B 0.5s
build-and-deploy	Build and Push Backend	2026-03-30T09:13:17.2958644Z #5 extracting sha256:6db0909c4473287ed4d1f950d26b8bc5b7b4206d365a0e7740cb89e46979153e
build-and-deploy	Build and Push Backend	2026-03-30T09:13:17.3973020Z #5 sha256:e853745b3e30ddfb3e6582d468f164bc6e1871ce7a5217019793e5c6b18fb305 26.21MB / 41.42MB 0.6s
build-and-deploy	Build and Push Backend	2026-03-30T09:13:17.3974375Z #5 sha256:4d153bee4c0ed5b35be1fad9bee6a1ade2c33b4fc8fadfbafcee6c3bf6346219 1.71MB / 1.71MB 0.5s done
build-and-deploy	Build and Push Backend	2026-03-30T09:13:17.5133657Z #5 sha256:e853745b3e30ddfb3e6582d468f164bc6e1871ce7a5217019793e5c6b18fb305 38.80MB / 41.42MB 0.7s
build-and-deploy	Build and Push Backend	2026-03-30T09:13:17.5134827Z #5 sha256:1cd806dc86be3a3d72f1eacf81bb9b14528605924e4f4a81356e776ff101c88b 446B / 446B 0.6s done
build-and-deploy	Build and Push Backend	2026-03-30T09:13:17.6156682Z #5 sha256:e853745b3e30ddfb3e6582d468f164bc6e1871ce7a5217019793e5c6b18fb305 41.42MB / 41.42MB 0.7s done
build-and-deploy	Build and Push Backend	2026-03-30T09:13:18.3893800Z #5 extracting sha256:6db0909c4473287ed4d1f950d26b8bc5b7b4206d365a0e7740cb89e46979153e 1.1s done
build-and-deploy	Build and Push Backend	2026-03-30T09:13:18.5661810Z #5 extracting sha256:ca99483f3fa42e0157592468f580530898d1636ce1009b8b561e47ee502cf244 done
build-and-deploy	Build and Push Backend	2026-03-30T09:13:18.7332088Z #5 extracting sha256:e853745b3e30ddfb3e6582d468f164bc6e1871ce7a5217019793e5c6b18fb305
build-and-deploy	Build and Push Backend	2026-03-30T09:13:19.9782261Z #5 extracting sha256:e853745b3e30ddfb3e6582d468f164bc6e1871ce7a5217019793e5c6b18fb305 1.1s done
build-and-deploy	Build and Push Backend	2026-03-30T09:13:19.9783381Z #5 extracting sha256:4d153bee4c0ed5b35be1fad9bee6a1ade2c33b4fc8fadfbafcee6c3bf6346219 0.0s done
build-and-deploy	Build and Push Backend	2026-03-30T09:13:20.1676483Z #5 extracting sha256:1cd806dc86be3a3d72f1eacf81bb9b14528605924e4f4a81356e776ff101c88b done
build-and-deploy	Build and Push Backend	2026-03-30T09:13:20.1677198Z #5 DONE 3.2s
build-and-deploy	Build and Push Backend	2026-03-30T09:13:20.1677357Z 
build-and-deploy	Build and Push Backend	2026-03-30T09:13:20.1677929Z #7 [builder 2/9] RUN apt-get update -y && apt-get install -y openssl
build-and-deploy	Build and Push Backend	2026-03-30T09:13:20.1930527Z #7 0.176 Get:1 http://deb.debian.org/debian bookworm InRelease [151 kB]
build-and-deploy	Build and Push Backend	2026-03-30T09:13:20.3042640Z #7 0.231 Get:2 http://deb.debian.org/debian bookworm-updates InRelease [55.4 kB]
build-and-deploy	Build and Push Backend	2026-03-30T09:13:20.3043492Z #7 0.250 Get:3 http://deb.debian.org/debian-security bookworm-security InRelease [48.0 kB]
build-and-deploy	Build and Push Backend	2026-03-30T09:13:20.3044175Z #7 0.287 Get:4 http://deb.debian.org/debian bookworm/main amd64 Packages [8792 kB]
build-and-deploy	Build and Push Backend	2026-03-30T09:13:20.4907176Z #7 0.474 Get:5 http://deb.debian.org/debian bookworm-updates/main amd64 Packages [6924 B]
build-and-deploy	Build and Push Backend	2026-03-30T09:13:20.6417424Z #7 0.474 Get:6 http://deb.debian.org/debian-security bookworm-security/main amd64 Packages [294 kB]
build-and-deploy	Build and Push Backend	2026-03-30T09:13:21.2208461Z #7 1.204 Fetched 9347 kB in 1s (8774 kB/s)
build-and-deploy	Build and Push Backend	2026-03-30T09:13:21.5858327Z #7 1.204 Reading package lists...
build-and-deploy	Build and Push Backend	2026-03-30T09:13:21.9668124Z #7 1.584 Reading package lists...
build-and-deploy	Build and Push Backend	2026-03-30T09:13:22.1335541Z #7 1.960 Building dependency tree...
build-and-deploy	Build and Push Backend	2026-03-30T09:13:22.1336196Z #7 2.034 Reading state information...
build-and-deploy	Build and Push Backend	2026-03-30T09:13:22.1336823Z #7 2.116 The following additional packages will be installed:
build-and-deploy	Build and Push Backend	2026-03-30T09:13:22.2990945Z #7 2.117   libssl3
build-and-deploy	Build and Push Backend	2026-03-30T09:13:22.2991467Z #7 2.117 Suggested packages:
build-and-deploy	Build and Push Backend	2026-03-30T09:13:22.2991872Z #7 2.117   ca-certificates
build-and-deploy	Build and Push Backend	2026-03-30T09:13:22.2992315Z #7 2.132 The following NEW packages will be installed:
build-and-deploy	Build and Push Backend	2026-03-30T09:13:22.2992811Z #7 2.132   libssl3 openssl
build-and-deploy	Build and Push Backend	2026-03-30T09:13:22.3887879Z #7 2.372 0 upgraded, 2 newly installed, 0 to remove and 0 not upgraded.
build-and-deploy	Build and Push Backend	2026-03-30T09:13:22.3888823Z #7 2.372 Need to get 3462 kB of archives.
build-and-deploy	Build and Push Backend	2026-03-30T09:13:22.3889967Z #7 2.372 After this operation, 8532 kB of additional disk space will be used.
build-and-deploy	Build and Push Backend	2026-03-30T09:13:22.3890781Z #7 2.372 Get:1 http://deb.debian.org/debian-security bookworm-security/main amd64 libssl3 amd64 3.0.18-1~deb12u2 [2030 kB]
build-and-deploy	Build and Push Backend	2026-03-30T09:13:22.5524432Z #7 2.535 Get:2 http://deb.debian.org/debian-security bookworm-security/main amd64 openssl amd64 3.0.18-1~deb12u2 [1433 kB]
build-and-deploy	Build and Push Backend	2026-03-30T09:13:22.6639812Z #7 2.632 debconf: delaying package configuration, since apt-utils is not installed
build-and-deploy	Build and Push Backend	2026-03-30T09:13:22.6640789Z #7 2.647 Fetched 3462 kB in 0s (8240 kB/s)
build-and-deploy	Build and Push Backend	2026-03-30T09:13:22.7975346Z #7 2.659 Selecting previously unselected package libssl3:amd64.
build-and-deploy	Build and Push Backend	2026-03-30T09:13:22.7975787Z #7 2.659 (Reading database ... 
build-and-deploy	Build and Push Backend	2026-03-30T09:13:22.7976059Z (Reading database ... 5%
build-and-deploy	Build and Push Backend	2026-03-30T09:13:22.7976306Z (Reading database ... 10%
build-and-deploy	Build and Push Backend	2026-03-30T09:13:22.7976545Z (Reading database ... 15%
build-and-deploy	Build and Push Backend	2026-03-30T09:13:22.7976774Z (Reading database ... 20%
build-and-deploy	Build and Push Backend	2026-03-30T09:13:22.7977271Z (Reading database ... 25%
build-and-deploy	Build and Push Backend	2026-03-30T09:13:22.7977765Z (Reading database ... 30%
build-and-deploy	Build and Push Backend	2026-03-30T09:13:22.7978078Z (Reading database ... 35%
build-and-deploy	Build and Push Backend	2026-03-30T09:13:22.7978304Z (Reading database ... 40%
build-and-deploy	Build and Push Backend	2026-03-30T09:13:22.7978530Z (Reading database ... 45%
build-and-deploy	Build and Push Backend	2026-03-30T09:13:22.7978747Z (Reading database ... 50%
build-and-deploy	Build and Push Backend	2026-03-30T09:13:22.7978970Z (Reading database ... 55%
build-and-deploy	Build and Push Backend	2026-03-30T09:13:22.7979197Z (Reading database ... 60%
build-and-deploy	Build and Push Backend	2026-03-30T09:13:22.7979427Z (Reading database ... 65%
build-and-deploy	Build and Push Backend	2026-03-30T09:13:22.7979658Z (Reading database ... 70%
build-and-deploy	Build and Push Backend	2026-03-30T09:13:22.7979882Z (Reading database ... 75%
build-and-deploy	Build and Push Backend	2026-03-30T09:13:22.7980102Z (Reading database ... 80%
build-and-deploy	Build and Push Backend	2026-03-30T09:13:22.7980327Z (Reading database ... 85%
build-and-deploy	Build and Push Backend	2026-03-30T09:13:22.7980546Z (Reading database ... 90%
build-and-deploy	Build and Push Backend	2026-03-30T09:13:22.7980772Z (Reading database ... 95%
build-and-deploy	Build and Push Backend	2026-03-30T09:13:22.7980997Z (Reading database ... 100%
build-and-deploy	Build and Push Backend	2026-03-30T09:13:22.7981426Z (Reading database ... 6096 files and directories currently installed.)
build-and-deploy	Build and Push Backend	2026-03-30T09:13:22.7982254Z #7 2.665 Preparing to unpack .../libssl3_3.0.18-1~deb12u2_amd64.deb ...
build-and-deploy	Build and Push Backend	2026-03-30T09:13:22.7983367Z #7 2.667 Unpacking libssl3:amd64 (3.0.18-1~deb12u2) ...
build-and-deploy	Build and Push Backend	2026-03-30T09:13:22.7984088Z #7 2.781 Selecting previously unselected package openssl.
build-and-deploy	Build and Push Backend	2026-03-30T09:13:22.8983683Z #7 2.782 Preparing to unpack .../openssl_3.0.18-1~deb12u2_amd64.deb ...
build-and-deploy	Build and Push Backend	2026-03-30T09:13:22.8984490Z #7 2.783 Unpacking openssl (3.0.18-1~deb12u2) ...
build-and-deploy	Build and Push Backend	2026-03-30T09:13:22.8985164Z #7 2.875 Setting up libssl3:amd64 (3.0.18-1~deb12u2) ...
build-and-deploy	Build and Push Backend	2026-03-30T09:13:22.8985789Z #7 2.877 Setting up openssl (3.0.18-1~deb12u2) ...
build-and-deploy	Build and Push Backend	2026-03-30T09:13:22.8986367Z #7 2.882 Processing triggers for libc-bin (2.36-9+deb12u13) ...
build-and-deploy	Build and Push Backend	2026-03-30T09:13:23.1479251Z #7 DONE 2.9s
build-and-deploy	Build and Push Backend	2026-03-30T09:13:23.1480427Z 
build-and-deploy	Build and Push Backend	2026-03-30T09:13:23.1480655Z #8 [builder 3/9] WORKDIR /app
build-and-deploy	Build and Push Backend	2026-03-30T09:13:23.1481102Z #8 DONE 0.0s
build-and-deploy	Build and Push Backend	2026-03-30T09:13:23.1481328Z 
build-and-deploy	Build and Push Backend	2026-03-30T09:13:23.1481546Z #9 [builder 4/9] COPY package*.json ./
build-and-deploy	Build and Push Backend	2026-03-30T09:13:23.1482079Z #9 DONE 0.0s
build-and-deploy	Build and Push Backend	2026-03-30T09:13:23.1482297Z 
build-and-deploy	Build and Push Backend	2026-03-30T09:13:23.1482492Z #10 [builder 5/9] COPY prisma ./prisma/
build-and-deploy	Build and Push Backend	2026-03-30T09:13:23.1483037Z #10 DONE 0.0s
build-and-deploy	Build and Push Backend	2026-03-30T09:13:23.1483262Z 
build-and-deploy	Build and Push Backend	2026-03-30T09:13:23.1483481Z #11 [stage-1  6/12] COPY prisma.config.ts ./
build-and-deploy	Build and Push Backend	2026-03-30T09:13:23.1483988Z #11 DONE 0.0s
build-and-deploy	Build and Push Backend	2026-03-30T09:13:23.1484195Z 
build-and-deploy	Build and Push Backend	2026-03-30T09:13:23.1484519Z #12 [stage-1  7/12] RUN npm install --omit=dev && npx prisma generate
build-and-deploy	Build and Push Backend	2026-03-30T09:13:25.6305880Z #12 2.634 npm warn deprecated whatwg-encoding@3.1.1: Use @exodus/bytes instead for a more spec-conformant and faster implementation
build-and-deploy	Build and Push Backend	2026-03-30T09:13:26.2946070Z #12 3.297 npm warn deprecated rimraf@2.7.1: Rimraf versions prior to v4 are no longer supported
build-and-deploy	Build and Push Backend	2026-03-30T09:13:27.3832055Z #12 4.225 npm warn deprecated lodash.isequal@4.5.0: This package is deprecated. Use require('node:util').isDeepStrictEqual instead.
build-and-deploy	Build and Push Backend	2026-03-30T09:13:27.6256895Z #12 4.628 npm warn deprecated inflight@1.0.6: This module is not supported, and leaks memory. Do not use it. Check out lru-cache if you want a good and tested way to coalesce async requests by a key value, which is much more comprehensive and powerful.
build-and-deploy	Build and Push Backend	2026-03-30T09:13:28.3534115Z #12 5.357 npm warn deprecated node-domexception@1.0.0: Use your platform's native DOMException instead
build-and-deploy	Build and Push Backend	2026-03-30T09:13:28.5781625Z #12 5.579 npm warn deprecated fstream@1.0.12: This package is no longer supported.
build-and-deploy	Build and Push Backend	2026-03-30T09:13:29.7744434Z #12 6.777 npm warn deprecated glob@7.2.3: Old versions of glob are not supported, and contain widely publicized security vulnerabilities, which have been fixed in the current version. Please update. Support for old versions may be purchased (at exorbitant rates) by contacting i@izs.me
build-and-deploy	Build and Push Backend	2026-03-30T09:13:29.9128070Z #12 6.916 npm warn deprecated glob@7.2.3: Old versions of glob are not supported, and contain widely publicized security vulnerabilities, which have been fixed in the current version. Please update. Support for old versions may be purchased (at exorbitant rates) by contacting i@izs.me
build-and-deploy	Build and Push Backend	2026-03-30T09:13:31.5184885Z #12 8.521 npm warn deprecated glob@10.5.0: Old versions of glob are not supported, and contain widely publicized security vulnerabilities, which have been fixed in the current version. Please update. Support for old versions may be purchased (at exorbitant rates) by contacting i@izs.me
build-and-deploy	Build and Push Backend	2026-03-30T09:13:31.7277731Z #12 8.580 npm warn deprecated glob@10.5.0: Old versions of glob are not supported, and contain widely publicized security vulnerabilities, which have been fixed in the current version. Please update. Support for old versions may be purchased (at exorbitant rates) by contacting i@izs.me
build-and-deploy	Build and Push Backend	2026-03-30T09:13:33.0772652Z #12 ...
build-and-deploy	Build and Push Backend	2026-03-30T09:13:33.0772933Z 
build-and-deploy	Build and Push Backend	2026-03-30T09:13:33.0773093Z #13 [builder 6/9] RUN npm install
build-and-deploy	Build and Push Backend	2026-03-30T09:13:33.0773852Z #13 4.163 npm warn deprecated whatwg-encoding@3.1.1: Use @exodus/bytes instead for a more spec-conformant and faster implementation
build-and-deploy	Build and Push Backend	2026-03-30T09:13:33.0774631Z #13 5.140 npm warn deprecated rimraf@2.7.1: Rimraf versions prior to v4 are no longer supported
build-and-deploy	Build and Push Backend	2026-03-30T09:13:33.0775373Z #13 6.417 npm warn deprecated lodash.isequal@4.5.0: This package is deprecated. Use require('node:util').isDeepStrictEqual instead.
build-and-deploy	Build and Push Backend	2026-03-30T09:13:33.0777374Z #13 7.024 npm warn deprecated inflight@1.0.6: This module is not supported, and leaks memory. Do not use it. Check out lru-cache if you want a good and tested way to coalesce async requests by a key value, which is much more comprehensive and powerful.
build-and-deploy	Build and Push Backend	2026-03-30T09:13:33.0780457Z #13 7.216 npm warn deprecated node-domexception@1.0.0: Use your platform's native DOMException instead
build-and-deploy	Build and Push Backend	2026-03-30T09:13:33.0781753Z #13 7.957 npm warn deprecated fstream@1.0.12: This package is no longer supported.
build-and-deploy	Build and Push Backend	2026-03-30T09:13:33.8172515Z #13 10.84 npm warn deprecated glob@7.2.3: Old versions of glob are not supported, and contain widely publicized security vulnerabilities, which have been fixed in the current version. Please update. Support for old versions may be purchased (at exorbitant rates) by contacting i@izs.me
build-and-deploy	Build and Push Backend	2026-03-30T09:13:34.0423972Z #13 11.06 npm warn deprecated glob@7.2.3: Old versions of glob are not supported, and contain widely publicized security vulnerabilities, which have been fixed in the current version. Please update. Support for old versions may be purchased (at exorbitant rates) by contacting i@izs.me
build-and-deploy	Build and Push Backend	2026-03-30T09:13:34.4280432Z #13 11.45 npm warn deprecated glob@7.2.3: Old versions of glob are not supported, and contain widely publicized security vulnerabilities, which have been fixed in the current version. Please update. Support for old versions may be purchased (at exorbitant rates) by contacting i@izs.me
build-and-deploy	Build and Push Backend	2026-03-30T09:13:36.5673598Z #13 13.59 npm warn deprecated glob@10.5.0: Old versions of glob are not supported, and contain widely publicized security vulnerabilities, which have been fixed in the current version. Please update. Support for old versions may be purchased (at exorbitant rates) by contacting i@izs.me
build-and-deploy	Build and Push Backend	2026-03-30T09:13:36.7043724Z #13 13.63 npm warn deprecated glob@10.5.0: Old versions of glob are not supported, and contain widely publicized security vulnerabilities, which have been fixed in the current version. Please update. Support for old versions may be purchased (at exorbitant rates) by contacting i@izs.me
build-and-deploy	Build and Push Backend	2026-03-30T09:13:36.7050182Z #13 13.73 npm warn deprecated glob@10.5.0: Old versions of glob are not supported, and contain widely publicized security vulnerabilities, which have been fixed in the current version. Please update. Support for old versions may be purchased (at exorbitant rates) by contacting i@izs.me
build-and-deploy	Build and Push Backend	2026-03-30T09:13:36.8893367Z #13 13.80 npm warn deprecated glob@10.5.0: Old versions of glob are not supported, and contain widely publicized security vulnerabilities, which have been fixed in the current version. Please update. Support for old versions may be purchased (at exorbitant rates) by contacting i@izs.me
build-and-deploy	Build and Push Backend	2026-03-30T09:13:36.8899290Z #13 13.91 npm warn deprecated glob@10.5.0: Old versions of glob are not supported, and contain widely publicized security vulnerabilities, which have been fixed in the current version. Please update. Support for old versions may be purchased (at exorbitant rates) by contacting i@izs.me
build-and-deploy	Build and Push Backend	2026-03-30T09:13:44.1349377Z #13 ...
build-and-deploy	Build and Push Backend	2026-03-30T09:13:44.1349718Z 
build-and-deploy	Build and Push Backend	2026-03-30T09:13:44.1350088Z #12 [stage-1  7/12] RUN npm install --omit=dev && npx prisma generate
build-and-deploy	Build and Push Backend	2026-03-30T09:13:44.1350729Z #12 21.14 
build-and-deploy	Build and Push Backend	2026-03-30T09:13:44.1351195Z #12 21.14 added 569 packages, and audited 570 packages in 21s
build-and-deploy	Build and Push Backend	2026-03-30T09:13:44.2854143Z #12 21.14 
build-and-deploy	Build and Push Backend	2026-03-30T09:13:44.2855941Z #12 21.14 104 packages are looking for funding
build-and-deploy	Build and Push Backend	2026-03-30T09:13:44.2859367Z #12 21.14   run `npm fund` for details
build-and-deploy	Build and Push Backend	2026-03-30T09:13:44.3108377Z #12 21.31 
build-and-deploy	Build and Push Backend	2026-03-30T09:13:44.3114171Z #12 21.31 23 vulnerabilities (1 low, 8 moderate, 14 high)
build-and-deploy	Build and Push Backend	2026-03-30T09:13:44.3117381Z #12 21.31 
build-and-deploy	Build and Push Backend	2026-03-30T09:13:44.3119522Z #12 21.31 To address issues that do not require attention, run:
build-and-deploy	Build and Push Backend	2026-03-30T09:13:44.3119905Z #12 21.31   npm audit fix
build-and-deploy	Build and Push Backend	2026-03-30T09:13:44.3120145Z #12 21.31 
build-and-deploy	Build and Push Backend	2026-03-30T09:13:44.3120457Z #12 21.31 To address all issues possible (including breaking changes), run:
build-and-deploy	Build and Push Backend	2026-03-30T09:13:44.3121193Z #12 21.31   npm audit fix --force
build-and-deploy	Build and Push Backend	2026-03-30T09:13:44.3121448Z #12 21.31 
build-and-deploy	Build and Push Backend	2026-03-30T09:13:44.3121708Z #12 21.31 Some issues need review, and may require choosing
build-and-deploy	Build and Push Backend	2026-03-30T09:13:44.3122058Z #12 21.31 a different dependency.
build-and-deploy	Build and Push Backend	2026-03-30T09:13:44.3122309Z #12 21.31 
build-and-deploy	Build and Push Backend	2026-03-30T09:13:44.3122510Z #12 21.31 Run `npm audit` for details.
build-and-deploy	Build and Push Backend	2026-03-30T09:13:44.4629824Z #12 21.31 npm notice
build-and-deploy	Build and Push Backend	2026-03-30T09:13:44.4631979Z #12 21.31 npm notice New major version of npm available! 10.8.2 -> 11.12.1
build-and-deploy	Build and Push Backend	2026-03-30T09:13:44.4636188Z #12 21.31 npm notice Changelog: https://github.com/npm/cli/releases/tag/v11.12.1
build-and-deploy	Build and Push Backend	2026-03-30T09:13:44.4637171Z #12 21.31 npm notice To update run: npm install -g npm@11.12.1
build-and-deploy	Build and Push Backend	2026-03-30T09:13:44.4639513Z #12 21.31 npm notice
build-and-deploy	Build and Push Backend	2026-03-30T09:13:45.8651554Z #12 22.87 Loaded Prisma config from prisma.config.ts.
build-and-deploy	Build and Push Backend	2026-03-30T09:13:45.8655139Z #12 22.87 
build-and-deploy	Build and Push Backend	2026-03-30T09:13:46.0270221Z #12 23.03 Prisma schema loaded from prisma/schema.prisma.
build-and-deploy	Build and Push Backend	2026-03-30T09:13:46.6165143Z #12 23.62 
build-and-deploy	Build and Push Backend	2026-03-30T09:13:46.6166322Z #12 23.62 ✔ Generated Prisma Client (v7.4.0) to ./node_modules/@prisma/client in 330ms
build-and-deploy	Build and Push Backend	2026-03-30T09:13:46.6167197Z #12 23.62 
build-and-deploy	Build and Push Backend	2026-03-30T09:13:46.6168076Z #12 23.62 Start by importing your Prisma Client (See: https://pris.ly/d/importing-client)
build-and-deploy	Build and Push Backend	2026-03-30T09:13:46.6168765Z #12 23.62 
build-and-deploy	Build and Push Backend	2026-03-30T09:13:46.6169082Z #12 23.62 
build-and-deploy	Build and Push Backend	2026-03-30T09:13:48.9087028Z #12 DONE 25.9s
build-and-deploy	Build and Push Backend	2026-03-30T09:13:48.9087364Z 
build-and-deploy	Build and Push Backend	2026-03-30T09:13:48.9087988Z #13 [builder 6/9] RUN npm install
build-and-deploy	Build and Push Backend	2026-03-30T09:13:51.5831494Z #13 28.61 
build-and-deploy	Build and Push Backend	2026-03-30T09:13:51.5832112Z #13 28.61 added 1109 packages, and audited 1110 packages in 28s
build-and-deploy	Build and Push Backend	2026-03-30T09:13:51.7335277Z #13 28.61 
build-and-deploy	Build and Push Backend	2026-03-30T09:13:51.7335799Z #13 28.61 191 packages are looking for funding
build-and-deploy	Build and Push Backend	2026-03-30T09:13:51.7336383Z #13 28.61   run `npm fund` for details
build-and-deploy	Build and Push Backend	2026-03-30T09:13:51.7743062Z #13 28.80 
build-and-deploy	Build and Push Backend	2026-03-30T09:13:51.7744004Z #13 28.80 35 vulnerabilities (1 low, 14 moderate, 19 high, 1 critical)
build-and-deploy	Build and Push Backend	2026-03-30T09:13:51.7744829Z #13 28.80 
build-and-deploy	Build and Push Backend	2026-03-30T09:13:51.7745357Z #13 28.80 To address issues that do not require attention, run:
build-and-deploy	Build and Push Backend	2026-03-30T09:13:51.7745885Z #13 28.80   npm audit fix
build-and-deploy	Build and Push Backend	2026-03-30T09:13:51.7746191Z #13 28.80 
build-and-deploy	Build and Push Backend	2026-03-30T09:13:51.7746598Z #13 28.80 To address all issues possible (including breaking changes), run:
build-and-deploy	Build and Push Backend	2026-03-30T09:13:51.7747144Z #13 28.80   npm audit fix --force
build-and-deploy	Build and Push Backend	2026-03-30T09:13:51.7747472Z #13 28.80 
build-and-deploy	Build and Push Backend	2026-03-30T09:13:51.7748173Z #13 28.80 Some issues need review, and may require choosing
build-and-deploy	Build and Push Backend	2026-03-30T09:13:51.7748633Z #13 28.80 a different dependency.
build-and-deploy	Build and Push Backend	2026-03-30T09:13:51.7748956Z #13 28.80 
build-and-deploy	Build and Push Backend	2026-03-30T09:13:51.7749230Z #13 28.80 Run `npm audit` for details.
build-and-deploy	Build and Push Backend	2026-03-30T09:13:51.9269065Z #13 28.80 npm notice
build-and-deploy	Build and Push Backend	2026-03-30T09:13:51.9269760Z #13 28.80 npm notice New major version of npm available! 10.8.2 -> 11.12.1
build-and-deploy	Build and Push Backend	2026-03-30T09:13:51.9270664Z #13 28.80 npm notice Changelog: https://github.com/npm/cli/releases/tag/v11.12.1
build-and-deploy	Build and Push Backend	2026-03-30T09:13:51.9271499Z #13 28.80 npm notice To update run: npm install -g npm@11.12.1
build-and-deploy	Build and Push Backend	2026-03-30T09:13:51.9272070Z #13 28.80 npm notice
build-and-deploy	Build and Push Backend	2026-03-30T09:13:52.0150856Z #13 DONE 29.0s
build-and-deploy	Build and Push Backend	2026-03-30T09:13:52.1351293Z 
build-and-deploy	Build and Push Backend	2026-03-30T09:13:52.1351823Z #14 [builder 7/9] COPY . .
build-and-deploy	Build and Push Backend	2026-03-30T09:13:52.1352307Z #14 DONE 0.1s
build-and-deploy	Build and Push Backend	2026-03-30T09:13:52.2867958Z 
build-and-deploy	Build and Push Backend	2026-03-30T09:13:52.2878658Z #15 [builder 8/9] RUN npx prisma generate
build-and-deploy	Build and Push Backend	2026-03-30T09:13:53.4837780Z #15 1.348 Loaded Prisma config from prisma.config.ts.
build-and-deploy	Build and Push Backend	2026-03-30T09:13:53.4838425Z #15 1.348 
build-and-deploy	Build and Push Backend	2026-03-30T09:13:53.7328661Z #15 1.447 Prisma schema loaded from prisma/schema.prisma.
build-and-deploy	Build and Push Backend	2026-03-30T09:13:54.0128226Z #15 1.877 
build-and-deploy	Build and Push Backend	2026-03-30T09:13:54.0129316Z #15 1.877 ✔ Generated Prisma Client (v7.4.0) to ./node_modules/@prisma/client in 275ms
build-and-deploy	Build and Push Backend	2026-03-30T09:13:54.0130175Z #15 1.877 
build-and-deploy	Build and Push Backend	2026-03-30T09:13:54.0130816Z #15 1.877 Start by importing your Prisma Client (See: https://pris.ly/d/importing-client)
build-and-deploy	Build and Push Backend	2026-03-30T09:13:54.0131506Z #15 1.877 
build-and-deploy	Build and Push Backend	2026-03-30T09:13:54.0131856Z #15 1.877 
build-and-deploy	Build and Push Backend	2026-03-30T09:13:54.2180696Z #15 DONE 1.9s
build-and-deploy	Build and Push Backend	2026-03-30T09:13:54.2181447Z 
build-and-deploy	Build and Push Backend	2026-03-30T09:13:54.2181831Z #16 [builder 9/9] RUN npm run build
build-and-deploy	Build and Push Backend	2026-03-30T09:13:54.3551173Z #16 0.288 
build-and-deploy	Build and Push Backend	2026-03-30T09:13:54.3551789Z #16 0.288 > upgrade-crm@0.0.1 build
build-and-deploy	Build and Push Backend	2026-03-30T09:13:54.3552298Z #16 0.288 > nest build
build-and-deploy	Build and Push Backend	2026-03-30T09:13:54.3552679Z #16 0.288 
build-and-deploy	Build and Push Backend	2026-03-30T09:14:01.2968923Z #16 DONE 7.2s
build-and-deploy	Build and Push Backend	2026-03-30T09:14:02.2261206Z 
build-and-deploy	Build and Push Backend	2026-03-30T09:14:02.2262768Z #17 [stage-1  8/12] COPY --from=builder /app/dist ./dist
build-and-deploy	Build and Push Backend	2026-03-30T09:14:02.3267860Z #17 DONE 0.0s
build-and-deploy	Build and Push Backend	2026-03-30T09:14:02.3268193Z 
build-and-deploy	Build and Push Backend	2026-03-30T09:14:02.3268511Z #18 [stage-1  9/12] COPY scripts/scraped_brands.json ./scripts/
build-and-deploy	Build and Push Backend	2026-03-30T09:14:02.3269128Z #18 DONE 0.0s
build-and-deploy	Build and Push Backend	2026-03-30T09:14:02.3269344Z 
build-and-deploy	Build and Push Backend	2026-03-30T09:14:02.3269645Z #19 [stage-1 10/12] COPY scripts/scraped_speakers.json ./scripts/
build-and-deploy	Build and Push Backend	2026-03-30T09:14:02.3270188Z #19 DONE 0.0s
build-and-deploy	Build and Push Backend	2026-03-30T09:14:02.3270349Z 
build-and-deploy	Build and Push Backend	2026-03-30T09:14:02.3270702Z #20 [stage-1 11/12] COPY uploads/legacy_brands ./uploads/legacy_brands
build-and-deploy	Build and Push Backend	2026-03-30T09:14:02.3271277Z #20 DONE 0.0s
build-and-deploy	Build and Push Backend	2026-03-30T09:14:02.3271465Z 
build-and-deploy	Build and Push Backend	2026-03-30T09:14:02.3271718Z #21 [stage-1 12/12] RUN mkdir -p /app/uploads && chown -R node:node /app/uploads
build-and-deploy	Build and Push Backend	2026-03-30T09:14:02.5143919Z #21 DONE 0.2s
build-and-deploy	Build and Push Backend	2026-03-30T09:14:02.6664354Z 
build-and-deploy	Build and Push Backend	2026-03-30T09:14:02.6665351Z #22 exporting to image
build-and-deploy	Build and Push Backend	2026-03-30T09:14:02.6665830Z #22 exporting layers
build-and-deploy	Build and Push Backend	2026-03-30T09:14:09.6702970Z #22 exporting layers 7.2s done
build-and-deploy	Build and Push Backend	2026-03-30T09:14:09.8242859Z #22 writing image sha256:de2e633ee201311cf242adbb9726cde73bd6d503120deb651f2f5f4025554a24 done
build-and-deploy	Build and Push Backend	2026-03-30T09:14:09.8244097Z #22 naming to docker.io/***/upgrade-backend:latest done
build-and-deploy	Build and Push Backend	2026-03-30T09:14:09.8244709Z #22 DONE 7.2s
build-and-deploy	Build and Push Backend	2026-03-30T09:14:09.8244939Z 
build-and-deploy	Build and Push Backend	2026-03-30T09:14:09.8245161Z #23 resolving provenance for metadata file
build-and-deploy	Build and Push Backend	2026-03-30T09:14:09.8245541Z #23 DONE 0.0s
build-and-deploy	Build and Push Backend	2026-03-30T09:14:09.8245683Z 
build-and-deploy	Build and Push Backend	2026-03-30T09:14:09.8245895Z #24 pushing ***/upgrade-backend:latest with docker
build-and-deploy	Build and Push Backend	2026-03-30T09:14:09.8246288Z #24 pushing layer 7c5ba0759b92
build-and-deploy	Build and Push Backend	2026-03-30T09:14:09.9747105Z #24 pushing layer 90ad1e0a1103
build-and-deploy	Build and Push Backend	2026-03-30T09:14:09.9748077Z #24 pushing layer ec4424c4d02c
build-and-deploy	Build and Push Backend	2026-03-30T09:14:09.9748674Z #24 pushing layer 7e5f5d1961ba
build-and-deploy	Build and Push Backend	2026-03-30T09:14:09.9749233Z #24 pushing layer 3c83c9be3cc3
build-and-deploy	Build and Push Backend	2026-03-30T09:14:09.9749615Z #24 pushing layer d4aebc0a2254
build-and-deploy	Build and Push Backend	2026-03-30T09:14:09.9749949Z #24 pushing layer 6f9a74e75a52
build-and-deploy	Build and Push Backend	2026-03-30T09:14:09.9750274Z #24 pushing layer 2a702096e9d7
build-and-deploy	Build and Push Backend	2026-03-30T09:14:09.9750594Z #24 pushing layer 033ba503ad79
build-and-deploy	Build and Push Backend	2026-03-30T09:14:09.9750929Z #24 pushing layer d571abc43f76
build-and-deploy	Build and Push Backend	2026-03-30T09:14:09.9751248Z #24 pushing layer 59e7b8668db5
build-and-deploy	Build and Push Backend	2026-03-30T09:14:09.9751558Z #24 pushing layer 4a0f74ad307d
build-and-deploy	Build and Push Backend	2026-03-30T09:14:09.9751868Z #24 pushing layer 97480fae3df9
build-and-deploy	Build and Push Backend	2026-03-30T09:14:09.9752178Z #24 pushing layer 6faab832328a
build-and-deploy	Build and Push Backend	2026-03-30T09:14:09.9752531Z #24 pushing layer 0f7452047820
build-and-deploy	Build and Push Backend	2026-03-30T09:14:09.9752919Z #24 pushing layer 6143ee9e3de0
build-and-deploy	Build and Push Backend	2026-03-30T09:14:10.2897884Z #24 pushing layer ec4424c4d02c 59.90kB / 57.12kB 0.4s
build-and-deploy	Build and Push Backend	2026-03-30T09:14:10.2898776Z #24 pushing layer 7e5f5d1961ba 45.57kB / 42.87kB 0.4s
build-and-deploy	Build and Push Backend	2026-03-30T09:14:10.2899385Z #24 pushing layer 3c83c9be3cc3 436.74kB / 1.21MB 0.5s
build-and-deploy	Build and Push Backend	2026-03-30T09:14:10.4141398Z #24 pushing layer 7c5ba0759b92 237.40kB / 3.34MB 0.6s
build-and-deploy	Build and Push Backend	2026-03-30T09:14:10.4142389Z #24 pushing layer 90ad1e0a1103 946.69kB / 3.34MB 0.6s
build-and-deploy	Build and Push Backend	2026-03-30T09:14:10.4142790Z #24 pushing layer 3c83c9be3cc3 1.50MB / 1.21MB 0.6s
build-and-deploy	Build and Push Backend	2026-03-30T09:14:10.5162299Z #24 pushing layer 7c5ba0759b92 946.69kB / 3.34MB 0.7s
build-and-deploy	Build and Push Backend	2026-03-30T09:14:10.5163152Z #24 pushing layer 90ad1e0a1103 1.67MB / 3.34MB 0.7s
build-and-deploy	Build and Push Backend	2026-03-30T09:14:10.6640628Z #24 pushing layer 7c5ba0759b92 3.45MB / 3.34MB 0.8s
build-and-deploy	Build and Push Backend	2026-03-30T09:14:10.6641264Z #24 pushing layer 90ad1e0a1103 3.45MB / 3.34MB 0.8s
build-and-deploy	Build and Push Backend	2026-03-30T09:14:11.3952142Z #24 pushing layer ec4424c4d02c 1.6s done
build-and-deploy	Build and Push Backend	2026-03-30T09:14:11.5158047Z #24 pushing layer 7e5f5d1961ba 1.7s done
build-and-deploy	Build and Push Backend	2026-03-30T09:14:11.6169280Z #24 pushing layer 3c83c9be3cc3 1.8s done
build-and-deploy	Build and Push Backend	2026-03-30T09:14:11.8731884Z #24 pushing layer 7c5ba0759b92 1.9s done
build-and-deploy	Build and Push Backend	2026-03-30T09:14:11.8738586Z #24 pushing layer 90ad1e0a1103 1.9s done
build-and-deploy	Build and Push Backend	2026-03-30T09:14:11.8740524Z #24 pushing layer 6f9a74e75a52 2.56kB / 271B 1.9s
build-and-deploy	Build and Push Backend	2026-03-30T09:14:11.9756348Z #24 pushing layer 2a702096e9d7 92.67kB / 69.20kB 2.1s
build-and-deploy	Build and Push Backend	2026-03-30T09:14:11.9758162Z #24 pushing layer 033ba503ad79 33.79kB / 544.25kB 2.2s
build-and-deploy	Build and Push Backend	2026-03-30T09:14:12.0763283Z #24 pushing layer 033ba503ad79 197.63kB / 544.25kB 2.3s
build-and-deploy	Build and Push Backend	2026-03-30T09:14:12.2132898Z #24 pushing layer 033ba503ad79 547.33kB / 544.25kB 2.3s
build-and-deploy	Build and Push Backend	2026-03-30T09:14:12.8621516Z #24 pushing layer 6f9a74e75a52 3.0s done
build-and-deploy	Build and Push Backend	2026-03-30T09:14:13.0897021Z #24 pushing layer d4aebc0a2254 34.45MB / 663.77MB 3.3s
build-and-deploy	Build and Push Backend	2026-03-30T09:14:13.0897435Z #24 pushing layer d571abc43f76 3.2s done
build-and-deploy	Build and Push Backend	2026-03-30T09:14:13.3064375Z #24 pushing layer 2a702096e9d7 3.4s done
build-and-deploy	Build and Push Backend	2026-03-30T09:14:13.4087990Z #24 pushing layer 033ba503ad79 3.5s done
build-and-deploy	Build and Push Backend	2026-03-30T09:14:13.5226719Z #24 pushing layer 59e7b8668db5 2.65MB / 26.93MB 3.6s
build-and-deploy	Build and Push Backend	2026-03-30T09:14:13.6289552Z #24 pushing layer 59e7b8668db5 4.71MB / 26.93MB 3.7s
build-and-deploy	Build and Push Backend	2026-03-30T09:14:13.7526600Z #24 pushing layer 59e7b8668db5 10.25MB / 26.93MB 3.9s
build-and-deploy	Build and Push Backend	2026-03-30T09:14:13.8620179Z #24 pushing layer 59e7b8668db5 13.20MB / 26.93MB 4.0s
build-and-deploy	Build and Push Backend	2026-03-30T09:14:13.9730402Z #24 pushing layer 59e7b8668db5 16.15MB / 26.93MB 4.1s
build-and-deploy	Build and Push Backend	2026-03-30T09:14:14.0794610Z #24 pushing layer 59e7b8668db5 18.81MB / 26.93MB 4.3s
build-and-deploy	Build and Push Backend	2026-03-30T09:14:14.1837959Z #24 pushing layer 59e7b8668db5 21.46MB / 26.93MB 4.4s
build-and-deploy	Build and Push Backend	2026-03-30T09:14:14.2860885Z #24 pushing layer d4aebc0a2254 69.23MB / 663.77MB 4.4s
build-and-deploy	Build and Push Backend	2026-03-30T09:14:14.2862572Z #24 pushing layer 59e7b8668db5 24.11MB / 26.93MB 4.5s
build-and-deploy	Build and Push Backend	2026-03-30T09:14:14.3890100Z #24 pushing layer 59e7b8668db5 26.98MB / 26.93MB 4.6s
build-and-deploy	Build and Push Backend	2026-03-30T09:14:15.5253463Z #24 pushing layer d4aebc0a2254 103.61MB / 663.77MB 5.7s
build-and-deploy	Build and Push Backend	2026-03-30T09:14:16.1163534Z #24 pushing layer 59e7b8668db5 6.2s done
build-and-deploy	Build and Push Backend	2026-03-30T09:14:16.7621942Z #24 pushing layer d4aebc0a2254 136.85MB / 663.77MB 6.9s
build-and-deploy	Build and Push Backend	2026-03-30T09:14:18.0827477Z #24 pushing layer d4aebc0a2254 170.64MB / 663.77MB 8.3s
build-and-deploy	Build and Push Backend	2026-03-30T09:14:19.1123228Z #24 pushing layer d4aebc0a2254 205.97MB / 663.77MB 9.3s
build-and-deploy	Build and Push Backend	2026-03-30T09:14:20.3715673Z #24 pushing layer d4aebc0a2254 240.25MB / 663.77MB 10.5s
build-and-deploy	Build and Push Backend	2026-03-30T09:14:21.4597862Z #24 pushing layer d4aebc0a2254 274.65MB / 663.77MB 11.6s
build-and-deploy	Build and Push Backend	2026-03-30T09:14:22.6610144Z #24 pushing layer d4aebc0a2254 310.46MB / 663.77MB 12.8s
build-and-deploy	Build and Push Backend	2026-03-30T09:14:23.8765431Z #24 pushing layer d4aebc0a2254 344.78MB / 663.77MB 14.1s
build-and-deploy	Build and Push Backend	2026-03-30T09:14:25.1347956Z #24 pushing layer d4aebc0a2254 380.71MB / 663.77MB 15.3s
build-and-deploy	Build and Push Backend	2026-03-30T09:14:26.3135148Z #24 pushing layer d4aebc0a2254 415.11MB / 663.77MB 16.5s
build-and-deploy	Build and Push Backend	2026-03-30T09:14:27.6676269Z #24 pushing layer d4aebc0a2254 449.27MB / 663.77MB 17.8s
build-and-deploy	Build and Push Backend	2026-03-30T09:14:28.7666361Z #24 pushing layer d4aebc0a2254 484.04MB / 663.77MB 18.9s
build-and-deploy	Build and Push Backend	2026-03-30T09:14:29.9826865Z #24 pushing layer d4aebc0a2254 520.10MB / 663.77MB 20.2s
build-and-deploy	Build and Push Backend	2026-03-30T09:14:30.4961176Z #24 pushing layer d4aebc0a2254 560.58MB / 663.77MB 20.7s
build-and-deploy	Build and Push Backend	2026-03-30T09:14:31.3556008Z #24 pushing layer d4aebc0a2254 598.88MB / 663.77MB 21.5s
build-and-deploy	Build and Push Backend	2026-03-30T09:14:31.9824424Z #24 pushing layer d4aebc0a2254 634.84MB / 663.77MB 22.2s
build-and-deploy	Build and Push Backend	2026-03-30T09:14:32.8336030Z #24 pushing layer d4aebc0a2254 671.20MB / 663.77MB 23.0s
build-and-deploy	Build and Push Backend	2026-03-30T09:14:36.4046888Z #24 pushing layer d4aebc0a2254 26.6s done
build-and-deploy	Build and Push Backend	2026-03-30T09:14:40.3104695Z #24 pushing layer 6faab832328a 30.5s done
build-and-deploy	Build and Push Backend	2026-03-30T09:14:40.4612915Z #24 pushing layer 4a0f74ad307d 30.5s done
build-and-deploy	Build and Push Backend	2026-03-30T09:14:40.4613511Z #24 pushing layer 97480fae3df9 30.5s done
build-and-deploy	Build and Push Backend	2026-03-30T09:14:40.4613884Z #24 pushing layer 0f7452047820 30.5s done
build-and-deploy	Build and Push Backend	2026-03-30T09:14:40.4614223Z #24 pushing layer 6143ee9e3de0 30.5s done
build-and-deploy	Build and Push Backend	2026-03-30T09:14:40.4614557Z #24 DONE 30.6s
build-and-deploy	Build and Push Backend	2026-03-30T09:14:41.4358456Z ##[group]ImageID
build-and-deploy	Build and Push Backend	2026-03-30T09:14:41.4359120Z sha256:de2e633ee201311cf242adbb9726cde73bd6d503120deb651f2f5f4025554a24
build-and-deploy	Build and Push Backend	2026-03-30T09:14:41.4362164Z ##[endgroup]
build-and-deploy	Build and Push Backend	2026-03-30T09:14:41.4362902Z ##[group]Digest
build-and-deploy	Build and Push Backend	2026-03-30T09:14:41.4363533Z sha256:6b48d89d5d529eb456fcd579be40a3119f9b87099e25ceb5ed6777917fcd00f7
build-and-deploy	Build and Push Backend	2026-03-30T09:14:41.4364590Z ##[endgroup]
build-and-deploy	Build and Push Backend	2026-03-30T09:14:41.4365263Z ##[group]Metadata
build-and-deploy	Build and Push Backend	2026-03-30T09:14:41.4365676Z {
build-and-deploy	Build and Push Backend	2026-03-30T09:14:41.4366047Z   "buildx.build.provenance": {
build-and-deploy	Build and Push Backend	2026-03-30T09:14:41.4366527Z     "builder": {
build-and-deploy	Build and Push Backend	2026-03-30T09:14:41.4366881Z       "id": ""
build-and-deploy	Build and Push Backend	2026-03-30T09:14:41.4367234Z     },
build-and-deploy	Build and Push Backend	2026-03-30T09:14:41.4367949Z     "buildType": "https://mobyproject.org/buildkit@v1",
build-and-deploy	Build and Push Backend	2026-03-30T09:14:41.4368803Z     "materials": [
build-and-deploy	Build and Push Backend	2026-03-30T09:14:41.4369184Z       {
build-and-deploy	Build and Push Backend	2026-03-30T09:14:41.4369706Z         "uri": "pkg:docker/node@20-slim?platform=linux%2Famd64",
build-and-deploy	Build and Push Backend	2026-03-30T09:14:41.4370276Z         "digest": {
build-and-deploy	Build and Push Backend	2026-03-30T09:14:41.4370894Z           "sha256": "1e85773c98c31d4fe5b545e4cb17379e617b348832fb3738b22a08f68dec30f3"
build-and-deploy	Build and Push Backend	2026-03-30T09:14:41.4371571Z         }
build-and-deploy	Build and Push Backend	2026-03-30T09:14:41.4371907Z       }
build-and-deploy	Build and Push Backend	2026-03-30T09:14:41.4372201Z     ],
build-and-deploy	Build and Push Backend	2026-03-30T09:14:41.4372537Z     "invocation": {
build-and-deploy	Build and Push Backend	2026-03-30T09:14:41.4372925Z       "configSource": {
build-and-deploy	Build and Push Backend	2026-03-30T09:14:41.4373368Z         "entryPoint": "Dockerfile"
build-and-deploy	Build and Push Backend	2026-03-30T09:14:41.4373811Z       },
build-and-deploy	Build and Push Backend	2026-03-30T09:14:41.4374159Z       "parameters": {
build-and-deploy	Build and Push Backend	2026-03-30T09:14:41.4374581Z         "frontend": "dockerfile.v0",
build-and-deploy	Build and Push Backend	2026-03-30T09:14:41.4375050Z         "locals": [
build-and-deploy	Build and Push Backend	2026-03-30T09:14:41.4375431Z           {
build-and-deploy	Build and Push Backend	2026-03-30T09:14:41.4375796Z             "name": "context"
build-and-deploy	Build and Push Backend	2026-03-30T09:14:41.4376220Z           },
build-and-deploy	Build and Push Backend	2026-03-30T09:14:41.4376584Z           {
build-and-deploy	Build and Push Backend	2026-03-30T09:14:41.4376941Z             "name": "dockerfile"
build-and-deploy	Build and Push Backend	2026-03-30T09:14:41.4377402Z           }
build-and-deploy	Build and Push Backend	2026-03-30T09:14:41.4377942Z         ]
build-and-deploy	Build and Push Backend	2026-03-30T09:14:41.4378263Z       },
build-and-deploy	Build and Push Backend	2026-03-30T09:14:41.4378607Z       "environment": {
build-and-deploy	Build and Push Backend	2026-03-30T09:14:41.4379054Z         "platform": "linux/amd64"
build-and-deploy	Build and Push Backend	2026-03-30T09:14:41.4379500Z       }
build-and-deploy	Build and Push Backend	2026-03-30T09:14:41.4379829Z     }
build-and-deploy	Build and Push Backend	2026-03-30T09:14:41.4380142Z   },
build-and-deploy	Build and Push Backend	2026-03-30T09:14:41.4380649Z   "buildx.build.ref": "default/default/kdu9bqi2bvyrgaymzox1ujnds",
build-and-deploy	Build and Push Backend	2026-03-30T09:14:41.4381791Z   "containerimage.config.digest": "sha256:de2e633ee201311cf242adbb9726cde73bd6d503120deb651f2f5f4025554a24",
build-and-deploy	Build and Push Backend	2026-03-30T09:14:41.4383158Z   "containerimage.digest": "sha256:6b48d89d5d529eb456fcd579be40a3119f9b87099e25ceb5ed6777917fcd00f7",
build-and-deploy	Build and Push Backend	2026-03-30T09:14:41.4384341Z   "image.name": "docker.io/***/upgrade-backend:latest"
build-and-deploy	Build and Push Backend	2026-03-30T09:14:41.4384889Z }
build-and-deploy	Build and Push Backend	2026-03-30T09:14:41.4387285Z ##[endgroup]
build-and-deploy	Build and Push Frontend	﻿2026-03-30T09:14:41.4523577Z ##[group]Run docker/build-push-action@v5
build-and-deploy	Build and Push Frontend	2026-03-30T09:14:41.4523913Z with:
build-and-deploy	Build and Push Frontend	2026-03-30T09:14:41.4524118Z   context: ./client
build-and-deploy	Build and Push Frontend	2026-03-30T09:14:41.4524351Z   file: client/Dockerfile
build-and-deploy	Build and Push Frontend	2026-03-30T09:14:41.4524588Z   push: true
build-and-deploy	Build and Push Frontend	2026-03-30T09:14:41.4524847Z   tags: ***/upgrade-frontend:latest
build-and-deploy	Build and Push Frontend	2026-03-30T09:14:41.4525123Z   load: false
build-and-deploy	Build and Push Frontend	2026-03-30T09:14:41.4525330Z   no-cache: false
build-and-deploy	Build and Push Frontend	2026-03-30T09:14:41.4525543Z   pull: false
build-and-deploy	Build and Push Frontend	2026-03-30T09:14:41.4525864Z   github-token: ***
build-and-deploy	Build and Push Frontend	2026-03-30T09:14:41.4526083Z ##[endgroup]
build-and-deploy	Build and Push Frontend	2026-03-30T09:14:41.6844264Z ##[group]GitHub Actions runtime token ACs
build-and-deploy	Build and Push Frontend	2026-03-30T09:14:41.6856801Z refs/heads/main: read/write
build-and-deploy	Build and Push Frontend	2026-03-30T09:14:41.6858383Z ##[endgroup]
build-and-deploy	Build and Push Frontend	2026-03-30T09:14:41.6859013Z ##[group]Docker info
build-and-deploy	Build and Push Frontend	2026-03-30T09:14:41.6901201Z [command]/usr/bin/docker version
build-and-deploy	Build and Push Frontend	2026-03-30T09:14:41.7091830Z Client: Docker Engine - Community
build-and-deploy	Build and Push Frontend	2026-03-30T09:14:41.7094627Z  Version:           28.0.4
build-and-deploy	Build and Push Frontend	2026-03-30T09:14:41.7095155Z  API version:       1.48
build-and-deploy	Build and Push Frontend	2026-03-30T09:14:41.7095597Z  Go version:        go1.23.7
build-and-deploy	Build and Push Frontend	2026-03-30T09:14:41.7096132Z  Git commit:        b8034c0
build-and-deploy	Build and Push Frontend	2026-03-30T09:14:41.7096971Z  Built:             Tue Mar 25 15:07:16 2025
build-and-deploy	Build and Push Frontend	2026-03-30T09:14:41.7097459Z  OS/Arch:           linux/amd64
build-and-deploy	Build and Push Frontend	2026-03-30T09:14:41.7098113Z  Context:           default
build-and-deploy	Build and Push Frontend	2026-03-30T09:14:41.7098382Z 
build-and-deploy	Build and Push Frontend	2026-03-30T09:14:41.7098565Z Server: Docker Engine - Community
build-and-deploy	Build and Push Frontend	2026-03-30T09:14:41.7098996Z  Engine:
build-and-deploy	Build and Push Frontend	2026-03-30T09:14:41.7099315Z   Version:          28.0.4
build-and-deploy	Build and Push Frontend	2026-03-30T09:14:41.7099765Z   API version:      1.48 (minimum version 1.24)
build-and-deploy	Build and Push Frontend	2026-03-30T09:14:41.7100277Z   Go version:       go1.23.7
build-and-deploy	Build and Push Frontend	2026-03-30T09:14:41.7100693Z   Git commit:       6430e49
build-and-deploy	Build and Push Frontend	2026-03-30T09:14:41.7101128Z   Built:            Tue Mar 25 15:07:16 2025
build-and-deploy	Build and Push Frontend	2026-03-30T09:14:41.7101603Z   OS/Arch:          linux/amd64
build-and-deploy	Build and Push Frontend	2026-03-30T09:14:41.7102031Z   Experimental:     false
build-and-deploy	Build and Push Frontend	2026-03-30T09:14:41.7102466Z  containerd:
build-and-deploy	Build and Push Frontend	2026-03-30T09:14:41.7102816Z   Version:          v2.2.2
build-and-deploy	Build and Push Frontend	2026-03-30T09:14:41.7103336Z   GitCommit:        301b2dac98f15c27117da5c8af12118a041a31d9
build-and-deploy	Build and Push Frontend	2026-03-30T09:14:41.7103893Z  runc:
build-and-deploy	Build and Push Frontend	2026-03-30T09:14:41.7104215Z   Version:          1.3.4
build-and-deploy	Build and Push Frontend	2026-03-30T09:14:41.7104633Z   GitCommit:        v1.3.4-0-gd6d73eb8
build-and-deploy	Build and Push Frontend	2026-03-30T09:14:41.7105090Z  docker-init:
build-and-deploy	Build and Push Frontend	2026-03-30T09:14:41.7105445Z   Version:          0.19.0
build-and-deploy	Build and Push Frontend	2026-03-30T09:14:41.7105852Z   GitCommit:        de40ad0
build-and-deploy	Build and Push Frontend	2026-03-30T09:14:41.7143753Z [command]/usr/bin/docker info
build-and-deploy	Build and Push Frontend	2026-03-30T09:14:41.7580578Z Client: Docker Engine - Community
build-and-deploy	Build and Push Frontend	2026-03-30T09:14:41.7582914Z  Version:    28.0.4
build-and-deploy	Build and Push Frontend	2026-03-30T09:14:41.7583634Z  Context:    default
build-and-deploy	Build and Push Frontend	2026-03-30T09:14:41.7584091Z  Debug Mode: false
build-and-deploy	Build and Push Frontend	2026-03-30T09:14:41.7584487Z  Plugins:
build-and-deploy	Build and Push Frontend	2026-03-30T09:14:41.7584889Z   buildx: Docker Buildx (Docker Inc.)
build-and-deploy	Build and Push Frontend	2026-03-30T09:14:41.7585387Z     Version:  v0.32.1
build-and-deploy	Build and Push Frontend	2026-03-30T09:14:41.7585947Z     Path:     /usr/libexec/docker/cli-plugins/docker-buildx
build-and-deploy	Build and Push Frontend	2026-03-30T09:14:41.7586597Z   compose: Docker Compose (Docker Inc.)
build-and-deploy	Build and Push Frontend	2026-03-30T09:14:41.7587102Z     Version:  v2.38.2
build-and-deploy	Build and Push Frontend	2026-03-30T09:14:41.7588027Z     Path:     /usr/libexec/docker/cli-plugins/docker-compose
build-and-deploy	Build and Push Frontend	2026-03-30T09:14:41.7588518Z 
build-and-deploy	Build and Push Frontend	2026-03-30T09:14:41.7588684Z Server:
build-and-deploy	Build and Push Frontend	2026-03-30T09:14:41.7589007Z  Containers: 0
build-and-deploy	Build and Push Frontend	2026-03-30T09:14:41.7589360Z   Running: 0
build-and-deploy	Build and Push Frontend	2026-03-30T09:14:41.7589693Z   Paused: 0
build-and-deploy	Build and Push Frontend	2026-03-30T09:14:41.7590024Z   Stopped: 0
build-and-deploy	Build and Push Frontend	2026-03-30T09:14:41.7590350Z  Images: 8
build-and-deploy	Build and Push Frontend	2026-03-30T09:14:41.7590683Z  Server Version: 28.0.4
build-and-deploy	Build and Push Frontend	2026-03-30T09:14:41.7591095Z  Storage Driver: overlay2
build-and-deploy	Build and Push Frontend	2026-03-30T09:14:41.7591548Z   Backing Filesystem: extfs
build-and-deploy	Build and Push Frontend	2026-03-30T09:14:41.7591951Z   Supports d_type: true
build-and-deploy	Build and Push Frontend	2026-03-30T09:14:41.7592316Z   Using metacopy: false
build-and-deploy	Build and Push Frontend	2026-03-30T09:14:41.7592664Z   Native Overlay Diff: false
build-and-deploy	Build and Push Frontend	2026-03-30T09:14:41.7593039Z   userxattr: false
build-and-deploy	Build and Push Frontend	2026-03-30T09:14:41.7593381Z  Logging Driver: json-file
build-and-deploy	Build and Push Frontend	2026-03-30T09:14:41.7593793Z  Cgroup Driver: systemd
build-and-deploy	Build and Push Frontend	2026-03-30T09:14:41.7594158Z  Cgroup Version: 2
build-and-deploy	Build and Push Frontend	2026-03-30T09:14:41.7594491Z  Plugins:
build-and-deploy	Build and Push Frontend	2026-03-30T09:14:41.7594782Z   Volume: local
build-and-deploy	Build and Push Frontend	2026-03-30T09:14:41.7595187Z   Network: bridge host ipvlan macvlan null overlay
build-and-deploy	Build and Push Frontend	2026-03-30T09:14:41.7595895Z   Log: awslogs fluentd gcplogs gelf journald json-file local splunk syslog
build-and-deploy	Build and Push Frontend	2026-03-30T09:14:41.7597086Z  Swarm: inactive
build-and-deploy	Build and Push Frontend	2026-03-30T09:14:41.7597488Z  Runtimes: runc io.containerd.runc.v2
build-and-deploy	Build and Push Frontend	2026-03-30T09:14:41.7598222Z  Default Runtime: runc
build-and-deploy	Build and Push Frontend	2026-03-30T09:14:41.7598593Z  Init Binary: docker-init
build-and-deploy	Build and Push Frontend	2026-03-30T09:14:41.7599133Z  containerd version: 301b2dac98f15c27117da5c8af12118a041a31d9
build-and-deploy	Build and Push Frontend	2026-03-30T09:14:41.7599748Z  runc version: v1.3.4-0-gd6d73eb8
build-and-deploy	Build and Push Frontend	2026-03-30T09:14:41.7600200Z  init version: de40ad0
build-and-deploy	Build and Push Frontend	2026-03-30T09:14:41.7600576Z  Security Options:
build-and-deploy	Build and Push Frontend	2026-03-30T09:14:41.7600981Z   apparmor
build-and-deploy	Build and Push Frontend	2026-03-30T09:14:41.7601333Z   seccomp
build-and-deploy	Build and Push Frontend	2026-03-30T09:14:41.7601701Z    Profile: builtin
build-and-deploy	Build and Push Frontend	2026-03-30T09:14:41.7602101Z   cgroupns
build-and-deploy	Build and Push Frontend	2026-03-30T09:14:41.7602487Z  Kernel Version: 6.17.0-1008-azure
build-and-deploy	Build and Push Frontend	2026-03-30T09:14:41.7602995Z  Operating System: Ubuntu 24.04.4 LTS
build-and-deploy	Build and Push Frontend	2026-03-30T09:14:41.7603496Z  OSType: linux
build-and-deploy	Build and Push Frontend	2026-03-30T09:14:41.7603924Z  Architecture: x86_64
build-and-deploy	Build and Push Frontend	2026-03-30T09:14:41.7604338Z  CPUs: 4
build-and-deploy	Build and Push Frontend	2026-03-30T09:14:41.7604693Z  Total Memory: 15.61GiB
build-and-deploy	Build and Push Frontend	2026-03-30T09:14:41.7605139Z  Name: runnervmrg6be
build-and-deploy	Build and Push Frontend	2026-03-30T09:14:41.7605897Z  ID: 26c853c4-ebf5-403c-a446-44e39e017c08
build-and-deploy	Build and Push Frontend	2026-03-30T09:14:41.7606446Z  Docker Root Dir: /var/lib/docker
build-and-deploy	Build and Push Frontend	2026-03-30T09:14:41.7606940Z  Debug Mode: false
build-and-deploy	Build and Push Frontend	2026-03-30T09:14:41.7607443Z  Username: ***
build-and-deploy	Build and Push Frontend	2026-03-30T09:14:41.7612781Z  Experimental: false
build-and-deploy	Build and Push Frontend	2026-03-30T09:14:41.7613236Z  Insecure Registries:
build-and-deploy	Build and Push Frontend	2026-03-30T09:14:41.7613676Z   ::1/128
build-and-deploy	Build and Push Frontend	2026-03-30T09:14:41.7614030Z   127.0.0.0/8
build-and-deploy	Build and Push Frontend	2026-03-30T09:14:41.7614419Z  Live Restore Enabled: false
build-and-deploy	Build and Push Frontend	2026-03-30T09:14:41.7614732Z 
build-and-deploy	Build and Push Frontend	2026-03-30T09:14:41.7621334Z ##[endgroup]
build-and-deploy	Build and Push Frontend	2026-03-30T09:14:41.7622053Z ##[group]Proxy configuration
build-and-deploy	Build and Push Frontend	2026-03-30T09:14:41.7625621Z No proxy configuration found
build-and-deploy	Build and Push Frontend	2026-03-30T09:14:41.7626586Z ##[endgroup]
build-and-deploy	Build and Push Frontend	2026-03-30T09:14:41.8320968Z ##[group]Buildx version
build-and-deploy	Build and Push Frontend	2026-03-30T09:14:41.8349136Z [command]/usr/bin/docker buildx version
build-and-deploy	Build and Push Frontend	2026-03-30T09:14:41.8905049Z github.com/docker/buildx v0.32.1 d3bfb3f4e48a67dda56e957a6636f4fab6c5fcb2
build-and-deploy	Build and Push Frontend	2026-03-30T09:14:41.8939664Z ##[endgroup]
build-and-deploy	Build and Push Frontend	2026-03-30T09:14:41.8940371Z ##[group]Builder info
build-and-deploy	Build and Push Frontend	2026-03-30T09:14:41.9698346Z {
build-and-deploy	Build and Push Frontend	2026-03-30T09:14:41.9698768Z   "nodes": [
build-and-deploy	Build and Push Frontend	2026-03-30T09:14:41.9698991Z     {
build-and-deploy	Build and Push Frontend	2026-03-30T09:14:41.9699192Z       "name": "default",
build-and-deploy	Build and Push Frontend	2026-03-30T09:14:41.9699458Z       "endpoint": "default",
build-and-deploy	Build and Push Frontend	2026-03-30T09:14:41.9699709Z       "status": "running",
build-and-deploy	Build and Push Frontend	2026-03-30T09:14:41.9699944Z       "buildkit": "v0.20.2",
build-and-deploy	Build and Push Frontend	2026-03-30T09:14:41.9700291Z       "platforms": "linux/amd64,linux/amd64/v2,linux/amd64/v3,linux/386",
build-and-deploy	Build and Push Frontend	2026-03-30T09:14:41.9700668Z       "features": {
build-and-deploy	Build and Push Frontend	2026-03-30T09:14:41.9701009Z         "Automatically load images to the Docker Engine image store": true,
build-and-deploy	Build and Push Frontend	2026-03-30T09:14:41.9701395Z         "Cache export": true,
build-and-deploy	Build and Push Frontend	2026-03-30T09:14:41.9701643Z         "Direct push": true,
build-and-deploy	Build and Push Frontend	2026-03-30T09:14:41.9701894Z         "Docker exporter": true,
build-and-deploy	Build and Push Frontend	2026-03-30T09:14:41.9702163Z         "Multi-platform build": true,
build-and-deploy	Build and Push Frontend	2026-03-30T09:14:41.9702443Z         "OCI exporter": true
build-and-deploy	Build and Push Frontend	2026-03-30T09:14:41.9702669Z       },
build-and-deploy	Build and Push Frontend	2026-03-30T09:14:41.9702853Z       "labels": {
build-and-deploy	Build and Push Frontend	2026-03-30T09:14:41.9703221Z         "org.mobyproject.buildkit.worker.moby.host-gateway-ip": "172.17.0.1"
build-and-deploy	Build and Push Frontend	2026-03-30T09:14:41.9703618Z       }
build-and-deploy	Build and Push Frontend	2026-03-30T09:14:41.9703800Z     }
build-and-deploy	Build and Push Frontend	2026-03-30T09:14:41.9703976Z   ],
build-and-deploy	Build and Push Frontend	2026-03-30T09:14:41.9704168Z   "name": "default",
build-and-deploy	Build and Push Frontend	2026-03-30T09:14:41.9704388Z   "driver": "docker",
build-and-deploy	Build and Push Frontend	2026-03-30T09:14:41.9704632Z   "lastActivity": "2026-03-30T09:13:16.000Z"
build-and-deploy	Build and Push Frontend	2026-03-30T09:14:41.9704892Z }
build-and-deploy	Build and Push Frontend	2026-03-30T09:14:41.9705335Z ##[endgroup]
build-and-deploy	Build and Push Frontend	2026-03-30T09:14:42.1090871Z [command]/usr/bin/docker buildx build --file client/Dockerfile --iidfile /home/runner/work/_temp/docker-actions-toolkit-bzMLUs/build-iidfile-aff137461c.txt --tag ***/upgrade-frontend:latest --metadata-file /home/runner/work/_temp/docker-actions-toolkit-bzMLUs/build-metadata-c13caa16ff.json --push ./client
build-and-deploy	Build and Push Frontend	2026-03-30T09:14:42.3305695Z #0 building with "default" instance using docker driver
build-and-deploy	Build and Push Frontend	2026-03-30T09:14:42.3306116Z 
build-and-deploy	Build and Push Frontend	2026-03-30T09:14:42.3306327Z #1 [internal] load build definition from Dockerfile
build-and-deploy	Build and Push Frontend	2026-03-30T09:14:42.3306879Z #1 transferring dockerfile: 353B done
build-and-deploy	Build and Push Frontend	2026-03-30T09:14:42.3307801Z #1 DONE 0.0s
build-and-deploy	Build and Push Frontend	2026-03-30T09:14:42.3307952Z 
build-and-deploy	Build and Push Frontend	2026-03-30T09:14:42.3308200Z #2 [auth] library/nginx:pull token for registry-1.docker.io
build-and-deploy	Build and Push Frontend	2026-03-30T09:14:42.4808432Z #2 DONE 0.0s
build-and-deploy	Build and Push Frontend	2026-03-30T09:14:42.4808712Z 
build-and-deploy	Build and Push Frontend	2026-03-30T09:14:42.4809075Z #3 [internal] load metadata for docker.io/library/node:18-alpine
build-and-deploy	Build and Push Frontend	2026-03-30T09:14:42.8466209Z #3 DONE 0.6s
build-and-deploy	Build and Push Frontend	2026-03-30T09:14:42.8466453Z 
build-and-deploy	Build and Push Frontend	2026-03-30T09:14:42.8466776Z #4 [internal] load metadata for docker.io/library/nginx:alpine
build-and-deploy	Build and Push Frontend	2026-03-30T09:14:42.9524290Z #4 DONE 0.8s
build-and-deploy	Build and Push Frontend	2026-03-30T09:14:43.0741532Z 
build-and-deploy	Build and Push Frontend	2026-03-30T09:14:43.0742143Z #5 [internal] load .dockerignore
build-and-deploy	Build and Push Frontend	2026-03-30T09:14:43.0742696Z #5 transferring context: 84B done
build-and-deploy	Build and Push Frontend	2026-03-30T09:14:43.0743035Z #5 DONE 0.0s
build-and-deploy	Build and Push Frontend	2026-03-30T09:14:43.0743192Z 
build-and-deploy	Build and Push Frontend	2026-03-30T09:14:43.0743318Z #6 [internal] load build context
build-and-deploy	Build and Push Frontend	2026-03-30T09:14:43.0743678Z #6 transferring context: 886.34kB 0.0s done
build-and-deploy	Build and Push Frontend	2026-03-30T09:14:43.0744027Z #6 DONE 0.0s
build-and-deploy	Build and Push Frontend	2026-03-30T09:14:43.0744174Z 
build-and-deploy	Build and Push Frontend	2026-03-30T09:14:43.0744651Z #7 [build 1/6] FROM docker.io/library/node:18-alpine@sha256:8d6421d663b4c28fd3ebc498332f249011d118945588d0a35cb9bc4b8ca09d9e
build-and-deploy	Build and Push Frontend	2026-03-30T09:14:43.0745993Z #7 resolve docker.io/library/node:18-alpine@sha256:8d6421d663b4c28fd3ebc498332f249011d118945588d0a35cb9bc4b8ca09d9e done
build-and-deploy	Build and Push Frontend	2026-03-30T09:14:43.0746893Z #7 sha256:8d6421d663b4c28fd3ebc498332f249011d118945588d0a35cb9bc4b8ca09d9e 7.67kB / 7.67kB done
build-and-deploy	Build and Push Frontend	2026-03-30T09:14:43.0748016Z #7 sha256:929b04d7c782f04f615cf785488fed452b6569f87c73ff666ad553a7554f0006 1.72kB / 1.72kB done
build-and-deploy	Build and Push Frontend	2026-03-30T09:14:43.0748836Z #7 sha256:ee77c6cd7c1886ecc802ad6cedef3a8ec1ea27d1fb96162bf03dd3710839b8da 6.18kB / 6.18kB done
build-and-deploy	Build and Push Frontend	2026-03-30T09:14:43.0749627Z #7 sha256:f18232174bc91741fdf3da96d85011092101a032a93a388b79e99e69c2d5c870 0B / 3.64MB 0.1s
build-and-deploy	Build and Push Frontend	2026-03-30T09:14:43.0750524Z #7 sha256:dd71dde834b5c203d162902e6b8994cb2309ae049a0eabc4efea161b2b5a3d0e 0B / 40.01MB 0.1s
build-and-deploy	Build and Push Frontend	2026-03-30T09:14:43.0751298Z #7 sha256:1e5a4c89cee5c0826c540ab06d4b6b491c96eda01837f430bd47f0d26702d6e3 0B / 1.26MB 0.1s
build-and-deploy	Build and Push Frontend	2026-03-30T09:14:43.2726847Z #7 extracting sha256:f18232174bc91741fdf3da96d85011092101a032a93a388b79e99e69c2d5c870
build-and-deploy	Build and Push Frontend	2026-03-30T09:14:43.3738065Z #7 sha256:f18232174bc91741fdf3da96d85011092101a032a93a388b79e99e69c2d5c870 3.64MB / 3.64MB 0.3s done
build-and-deploy	Build and Push Frontend	2026-03-30T09:14:43.3739087Z #7 sha256:1e5a4c89cee5c0826c540ab06d4b6b491c96eda01837f430bd47f0d26702d6e3 1.26MB / 1.26MB 0.4s done
build-and-deploy	Build and Push Frontend	2026-03-30T09:14:43.3739891Z #7 extracting sha256:f18232174bc91741fdf3da96d85011092101a032a93a388b79e99e69c2d5c870 0.1s done
build-and-deploy	Build and Push Frontend	2026-03-30T09:14:43.3740734Z #7 sha256:25ff2da83641908f65c3a74d80409d6b1b62ccfaab220b9ea70b80df5a2e0549 0B / 446B 0.4s
build-and-deploy	Build and Push Frontend	2026-03-30T09:14:43.4746565Z #7 sha256:dd71dde834b5c203d162902e6b8994cb2309ae049a0eabc4efea161b2b5a3d0e 8.39MB / 40.01MB 0.5s
build-and-deploy	Build and Push Frontend	2026-03-30T09:14:43.4748115Z #7 sha256:25ff2da83641908f65c3a74d80409d6b1b62ccfaab220b9ea70b80df5a2e0549 446B / 446B 0.4s done
build-and-deploy	Build and Push Frontend	2026-03-30T09:14:43.5765794Z #7 sha256:dd71dde834b5c203d162902e6b8994cb2309ae049a0eabc4efea161b2b5a3d0e 13.63MB / 40.01MB 0.6s
build-and-deploy	Build and Push Frontend	2026-03-30T09:14:43.6840130Z #7 sha256:dd71dde834b5c203d162902e6b8994cb2309ae049a0eabc4efea161b2b5a3d0e 30.41MB / 40.01MB 0.7s
build-and-deploy	Build and Push Frontend	2026-03-30T09:14:43.8289284Z #7 sha256:dd71dde834b5c203d162902e6b8994cb2309ae049a0eabc4efea161b2b5a3d0e 38.80MB / 40.01MB 0.8s
build-and-deploy	Build and Push Frontend	2026-03-30T09:14:43.9414194Z #7 sha256:dd71dde834b5c203d162902e6b8994cb2309ae049a0eabc4efea161b2b5a3d0e 40.01MB / 40.01MB 0.8s done
build-and-deploy	Build and Push Frontend	2026-03-30T09:14:43.9416665Z #7 extracting sha256:dd71dde834b5c203d162902e6b8994cb2309ae049a0eabc4efea161b2b5a3d0e 0.1s
build-and-deploy	Build and Push Frontend	2026-03-30T09:14:45.0522526Z #7 ...
build-and-deploy	Build and Push Frontend	2026-03-30T09:14:45.0523537Z 
build-and-deploy	Build and Push Frontend	2026-03-30T09:14:45.0524462Z #8 [stage-1 1/3] FROM docker.io/library/nginx:alpine@sha256:e7257f1ef28ba17cf7c248cb8ccf6f0c6e0228ab9c315c152f9c203cd34cf6d1
build-and-deploy	Build and Push Frontend	2026-03-30T09:14:45.0526422Z #8 resolve docker.io/library/nginx:alpine@sha256:e7257f1ef28ba17cf7c248cb8ccf6f0c6e0228ab9c315c152f9c203cd34cf6d1 0.0s done
build-and-deploy	Build and Push Frontend	2026-03-30T09:14:45.0528503Z #8 sha256:e7257f1ef28ba17cf7c248cb8ccf6f0c6e0228ab9c315c152f9c203cd34cf6d1 10.33kB / 10.33kB done
build-and-deploy	Build and Push Frontend	2026-03-30T09:14:45.0529656Z #8 sha256:d5030d429039a823bef4164df2fad7a0defb8d00c98c1136aec06701871197c2 12.32kB / 12.32kB done
build-and-deploy	Build and Push Frontend	2026-03-30T09:14:45.0531388Z #8 sha256:7e89aa6cabfc80f566b1b77b981f4bb98413bd2d513ca9a30f63fe58b4af6903 2.50kB / 2.50kB done
build-and-deploy	Build and Push Frontend	2026-03-30T09:14:45.0532676Z #8 sha256:8892f80f46a05d59a4cde3bcbb1dd26ed2441d4214870a4a7b318eaa476a0a54 1.87MB / 1.87MB 0.6s done
build-and-deploy	Build and Push Frontend	2026-03-30T09:14:45.0533776Z #8 sha256:91d1c9c22f2c631288354fadb2decc448ce151d7a197c167b206588e09dcd50a 626B / 626B 0.6s done
build-and-deploy	Build and Push Frontend	2026-03-30T09:14:45.0534884Z #8 extracting sha256:8892f80f46a05d59a4cde3bcbb1dd26ed2441d4214870a4a7b318eaa476a0a54 0.1s done
build-and-deploy	Build and Push Frontend	2026-03-30T09:14:45.0536087Z #8 sha256:cf1159c696ee2a72b85634360dbada071db61bceaad253db7fda65c45a58414c 953B / 953B 0.7s done
build-and-deploy	Build and Push Frontend	2026-03-30T09:14:45.0537140Z #8 sha256:3f4ad4352d4f91018e2b4910b9db24c08e70192c3b75d0d6fff0120c838aa0bb 402B / 402B 0.8s done
build-and-deploy	Build and Push Frontend	2026-03-30T09:14:45.0538308Z #8 sha256:c2bd5ab177271dd59f19a46c214b1327f5c428cd075437ec0155ae71d0cdadc1 1.21kB / 1.21kB 0.9s done
build-and-deploy	Build and Push Frontend	2026-03-30T09:14:45.0539046Z #8 sha256:4d9d41f3822d171ccc5f2cdfd75ad846ac4c7ed1cd36fb998fe2c0ce4501647b 1.40kB / 1.40kB 0.9s done
build-and-deploy	Build and Push Frontend	2026-03-30T09:14:45.0540456Z #8 extracting sha256:91d1c9c22f2c631288354fadb2decc448ce151d7a197c167b206588e09dcd50a done
build-and-deploy	Build and Push Frontend	2026-03-30T09:14:45.0541131Z #8 extracting sha256:cf1159c696ee2a72b85634360dbada071db61bceaad253db7fda65c45a58414c done
build-and-deploy	Build and Push Frontend	2026-03-30T09:14:45.0542093Z #8 extracting sha256:3f4ad4352d4f91018e2b4910b9db24c08e70192c3b75d0d6fff0120c838aa0bb done
build-and-deploy	Build and Push Frontend	2026-03-30T09:14:45.0543049Z #8 sha256:3370263bc02adcf5c4f51831d2bf1d54dbf9a6a80b0bf32c5c9b9400630eaa08 20.25MB / 20.25MB 1.3s done
build-and-deploy	Build and Push Frontend	2026-03-30T09:14:45.0544043Z #8 extracting sha256:c2bd5ab177271dd59f19a46c214b1327f5c428cd075437ec0155ae71d0cdadc1 done
build-and-deploy	Build and Push Frontend	2026-03-30T09:14:45.0544987Z #8 extracting sha256:4d9d41f3822d171ccc5f2cdfd75ad846ac4c7ed1cd36fb998fe2c0ce4501647b done
build-and-deploy	Build and Push Frontend	2026-03-30T09:14:45.0545891Z #8 extracting sha256:3370263bc02adcf5c4f51831d2bf1d54dbf9a6a80b0bf32c5c9b9400630eaa08 0.4s done
build-and-deploy	Build and Push Frontend	2026-03-30T09:14:45.0546529Z #8 DONE 2.0s
build-and-deploy	Build and Push Frontend	2026-03-30T09:14:45.0546661Z 
build-and-deploy	Build and Push Frontend	2026-03-30T09:14:45.0547042Z #7 [build 1/6] FROM docker.io/library/node:18-alpine@sha256:8d6421d663b4c28fd3ebc498332f249011d118945588d0a35cb9bc4b8ca09d9e
build-and-deploy	Build and Push Frontend	2026-03-30T09:14:45.0548403Z #7 extracting sha256:dd71dde834b5c203d162902e6b8994cb2309ae049a0eabc4efea161b2b5a3d0e 1.2s done
build-and-deploy	Build and Push Frontend	2026-03-30T09:14:45.1590083Z #7 extracting sha256:1e5a4c89cee5c0826c540ab06d4b6b491c96eda01837f430bd47f0d26702d6e3 0.0s done
build-and-deploy	Build and Push Frontend	2026-03-30T09:14:45.3718426Z #7 extracting sha256:25ff2da83641908f65c3a74d80409d6b1b62ccfaab220b9ea70b80df5a2e0549 done
build-and-deploy	Build and Push Frontend	2026-03-30T09:14:45.3719469Z #7 DONE 2.2s
build-and-deploy	Build and Push Frontend	2026-03-30T09:14:45.3719684Z 
build-and-deploy	Build and Push Frontend	2026-03-30T09:14:45.3719843Z #9 [build 2/6] WORKDIR /app
build-and-deploy	Build and Push Frontend	2026-03-30T09:14:45.3720250Z #9 DONE 0.0s
build-and-deploy	Build and Push Frontend	2026-03-30T09:14:45.3720441Z 
build-and-deploy	Build and Push Frontend	2026-03-30T09:14:45.3720645Z #10 [build 3/6] COPY package*.json ./
build-and-deploy	Build and Push Frontend	2026-03-30T09:14:45.3721101Z #10 DONE 0.0s
build-and-deploy	Build and Push Frontend	2026-03-30T09:14:45.3721326Z 
build-and-deploy	Build and Push Frontend	2026-03-30T09:14:45.3721480Z #11 [build 4/6] RUN npm ci
build-and-deploy	Build and Push Frontend	2026-03-30T09:14:46.1051188Z #11 0.884 npm warn EBADENGINE Unsupported engine {
build-and-deploy	Build and Push Frontend	2026-03-30T09:14:46.1052196Z #11 0.884 npm warn EBADENGINE   package: '@scalar/helpers@0.2.18',
build-and-deploy	Build and Push Frontend	2026-03-30T09:14:46.1053000Z #11 0.884 npm warn EBADENGINE   required: { node: '>=20' },
build-and-deploy	Build and Push Frontend	2026-03-30T09:14:46.1053783Z #11 0.884 npm warn EBADENGINE   current: { node: 'v18.20.8', npm: '10.8.2' }
build-and-deploy	Build and Push Frontend	2026-03-30T09:14:46.1054466Z #11 0.884 npm warn EBADENGINE }
build-and-deploy	Build and Push Frontend	2026-03-30T09:14:46.2649103Z #11 0.884 npm warn EBADENGINE Unsupported engine {
build-and-deploy	Build and Push Frontend	2026-03-30T09:14:46.2653692Z #11 0.884 npm warn EBADENGINE   package: '@scalar/json-magic@0.11.7',
build-and-deploy	Build and Push Frontend	2026-03-30T09:14:46.2654522Z #11 0.884 npm warn EBADENGINE   required: { node: '>=20' },
build-and-deploy	Build and Push Frontend	2026-03-30T09:14:46.2655319Z #11 0.884 npm warn EBADENGINE   current: { node: 'v18.20.8', npm: '10.8.2' }
build-and-deploy	Build and Push Frontend	2026-03-30T09:14:46.2656057Z #11 0.884 npm warn EBADENGINE }
build-and-deploy	Build and Push Frontend	2026-03-30T09:14:46.2656613Z #11 0.885 npm warn EBADENGINE Unsupported engine {
build-and-deploy	Build and Push Frontend	2026-03-30T09:14:46.2657392Z #11 0.885 npm warn EBADENGINE   package: '@scalar/openapi-parser@0.24.17',
build-and-deploy	Build and Push Frontend	2026-03-30T09:14:46.2658485Z #11 0.885 npm warn EBADENGINE   required: { node: '>=20' },
build-and-deploy	Build and Push Frontend	2026-03-30T09:14:46.2659674Z #11 0.885 npm warn EBADENGINE   current: { node: 'v18.20.8', npm: '10.8.2' }
build-and-deploy	Build and Push Frontend	2026-03-30T09:14:46.2660422Z #11 0.885 npm warn EBADENGINE }
build-and-deploy	Build and Push Frontend	2026-03-30T09:14:46.2661195Z #11 0.886 npm warn EBADENGINE Unsupported engine {
build-and-deploy	Build and Push Frontend	2026-03-30T09:14:46.2661946Z #11 0.886 npm warn EBADENGINE   package: '@scalar/openapi-types@0.5.4',
build-and-deploy	Build and Push Frontend	2026-03-30T09:14:46.2662746Z #11 0.886 npm warn EBADENGINE   required: { node: '>=20' },
build-and-deploy	Build and Push Frontend	2026-03-30T09:14:46.2663539Z #11 0.886 npm warn EBADENGINE   current: { node: 'v18.20.8', npm: '10.8.2' }
build-and-deploy	Build and Push Frontend	2026-03-30T09:14:46.2664253Z #11 0.886 npm warn EBADENGINE }
build-and-deploy	Build and Push Frontend	2026-03-30T09:14:46.2664793Z #11 0.886 npm warn EBADENGINE Unsupported engine {
build-and-deploy	Build and Push Frontend	2026-03-30T09:14:46.2665530Z #11 0.886 npm warn EBADENGINE   package: '@scalar/openapi-types@0.5.3',
build-and-deploy	Build and Push Frontend	2026-03-30T09:14:46.2666315Z #11 0.886 npm warn EBADENGINE   required: { node: '>=20' },
build-and-deploy	Build and Push Frontend	2026-03-30T09:14:46.2667097Z #11 0.886 npm warn EBADENGINE   current: { node: 'v18.20.8', npm: '10.8.2' }
build-and-deploy	Build and Push Frontend	2026-03-30T09:14:46.2668099Z #11 0.886 npm warn EBADENGINE }
build-and-deploy	Build and Push Frontend	2026-03-30T09:14:46.2668661Z #11 0.886 npm warn EBADENGINE Unsupported engine {
build-and-deploy	Build and Push Frontend	2026-03-30T09:14:46.2669775Z #11 0.886 npm warn EBADENGINE   package: '@scalar/openapi-upgrader@0.1.11',
build-and-deploy	Build and Push Frontend	2026-03-30T09:14:46.2670588Z #11 0.886 npm warn EBADENGINE   required: { node: '>=20' },
build-and-deploy	Build and Push Frontend	2026-03-30T09:14:46.2671375Z #11 0.886 npm warn EBADENGINE   current: { node: 'v18.20.8', npm: '10.8.2' }
build-and-deploy	Build and Push Frontend	2026-03-30T09:14:46.2672087Z #11 0.886 npm warn EBADENGINE }
build-and-deploy	Build and Push Frontend	2026-03-30T09:14:46.2672633Z #11 0.887 npm warn EBADENGINE Unsupported engine {
build-and-deploy	Build and Push Frontend	2026-03-30T09:14:46.2673376Z #11 0.887 npm warn EBADENGINE   package: '@scalar/openapi-types@0.5.4',
build-and-deploy	Build and Push Frontend	2026-03-30T09:14:46.2674162Z #11 0.887 npm warn EBADENGINE   required: { node: '>=20' },
build-and-deploy	Build and Push Frontend	2026-03-30T09:14:46.2674935Z #11 0.887 npm warn EBADENGINE   current: { node: 'v18.20.8', npm: '10.8.2' }
build-and-deploy	Build and Push Frontend	2026-03-30T09:14:46.2675635Z #11 0.887 npm warn EBADENGINE }
build-and-deploy	Build and Push Frontend	2026-03-30T09:14:46.2676187Z #11 0.888 npm warn EBADENGINE Unsupported engine {
build-and-deploy	Build and Push Frontend	2026-03-30T09:14:46.2676921Z #11 0.888 npm warn EBADENGINE   package: '@vitejs/plugin-react@5.1.4',
build-and-deploy	Build and Push Frontend	2026-03-30T09:14:46.2680661Z #11 0.888 npm warn EBADENGINE   required: { node: '^20.19.0 || >=22.12.0' },
build-and-deploy	Build and Push Frontend	2026-03-30T09:14:46.2681585Z #11 0.888 npm warn EBADENGINE   current: { node: 'v18.20.8', npm: '10.8.2' }
build-and-deploy	Build and Push Frontend	2026-03-30T09:14:46.2682298Z #11 0.888 npm warn EBADENGINE }
build-and-deploy	Build and Push Frontend	2026-03-30T09:14:46.2682862Z #11 0.888 npm warn EBADENGINE Unsupported engine {
build-and-deploy	Build and Push Frontend	2026-03-30T09:14:46.2683543Z #11 0.888 npm warn EBADENGINE   package: 'chokidar@5.0.0',
build-and-deploy	Build and Push Frontend	2026-03-30T09:14:46.2684290Z #11 0.888 npm warn EBADENGINE   required: { node: '>= 20.19.0' },
build-and-deploy	Build and Push Frontend	2026-03-30T09:14:46.2685127Z #11 0.888 npm warn EBADENGINE   current: { node: 'v18.20.8', npm: '10.8.2' }
build-and-deploy	Build and Push Frontend	2026-03-30T09:14:46.2685845Z #11 0.888 npm warn EBADENGINE }
build-and-deploy	Build and Push Frontend	2026-03-30T09:14:46.2686408Z #11 0.889 npm warn EBADENGINE Unsupported engine {
build-and-deploy	Build and Push Frontend	2026-03-30T09:14:46.2687099Z #11 0.889 npm warn EBADENGINE   package: 'commander@14.0.3',
build-and-deploy	Build and Push Frontend	2026-03-30T09:14:46.2688156Z #11 0.889 npm warn EBADENGINE   required: { node: '>=20' },
build-and-deploy	Build and Push Frontend	2026-03-30T09:14:46.2688955Z #11 0.889 npm warn EBADENGINE   current: { node: 'v18.20.8', npm: '10.8.2' }
build-and-deploy	Build and Push Frontend	2026-03-30T09:14:46.2689685Z #11 0.889 npm warn EBADENGINE }
build-and-deploy	Build and Push Frontend	2026-03-30T09:14:46.2690243Z #11 0.890 npm warn EBADENGINE Unsupported engine {
build-and-deploy	Build and Push Frontend	2026-03-30T09:14:46.2690925Z #11 0.890 npm warn EBADENGINE   package: 'globby@16.1.0',
build-and-deploy	Build and Push Frontend	2026-03-30T09:14:46.2691626Z #11 0.890 npm warn EBADENGINE   required: { node: '>=20' },
build-and-deploy	Build and Push Frontend	2026-03-30T09:14:46.2692413Z #11 0.890 npm warn EBADENGINE   current: { node: 'v18.20.8', npm: '10.8.2' }
build-and-deploy	Build and Push Frontend	2026-03-30T09:14:46.2693122Z #11 0.890 npm warn EBADENGINE }
build-and-deploy	Build and Push Frontend	2026-03-30T09:14:46.2693678Z #11 0.891 npm warn EBADENGINE Unsupported engine {
build-and-deploy	Build and Push Frontend	2026-03-30T09:14:46.2694345Z #11 0.891 npm warn EBADENGINE   package: 'orval@8.5.3',
build-and-deploy	Build and Push Frontend	2026-03-30T09:14:46.2695052Z #11 0.891 npm warn EBADENGINE   required: { node: '>=22.18.0' },
build-and-deploy	Build and Push Frontend	2026-03-30T09:14:46.2695879Z #11 0.891 npm warn EBADENGINE   current: { node: 'v18.20.8', npm: '10.8.2' }
build-and-deploy	Build and Push Frontend	2026-03-30T09:14:46.2696599Z #11 0.891 npm warn EBADENGINE }
build-and-deploy	Build and Push Frontend	2026-03-30T09:14:46.2697158Z #11 0.891 npm warn EBADENGINE Unsupported engine {
build-and-deploy	Build and Push Frontend	2026-03-30T09:14:46.2698365Z #11 0.891 npm warn EBADENGINE   package: 'find-up@8.0.0',
build-and-deploy	Build and Push Frontend	2026-03-30T09:14:46.2699058Z #11 0.891 npm warn EBADENGINE   required: { node: '>=20' },
build-and-deploy	Build and Push Frontend	2026-03-30T09:14:46.2699840Z #11 0.891 npm warn EBADENGINE   current: { node: 'v18.20.8', npm: '10.8.2' }
build-and-deploy	Build and Push Frontend	2026-03-30T09:14:46.2700540Z #11 0.891 npm warn EBADENGINE }
build-and-deploy	Build and Push Frontend	2026-03-30T09:14:46.2701090Z #11 0.891 npm warn EBADENGINE Unsupported engine {
build-and-deploy	Build and Push Frontend	2026-03-30T09:14:46.2701777Z #11 0.891 npm warn EBADENGINE   package: 'locate-path@8.0.0',
build-and-deploy	Build and Push Frontend	2026-03-30T09:14:46.2702491Z #11 0.891 npm warn EBADENGINE   required: { node: '>=20' },
build-and-deploy	Build and Push Frontend	2026-03-30T09:14:46.2703299Z #11 0.891 npm warn EBADENGINE   current: { node: 'v18.20.8', npm: '10.8.2' }
build-and-deploy	Build and Push Frontend	2026-03-30T09:14:46.2704001Z #11 0.891 npm warn EBADENGINE }
build-and-deploy	Build and Push Frontend	2026-03-30T09:14:46.2704551Z #11 0.892 npm warn EBADENGINE Unsupported engine {
build-and-deploy	Build and Push Frontend	2026-03-30T09:14:46.2705238Z #11 0.892 npm warn EBADENGINE   package: 'react-router@7.13.0',
build-and-deploy	Build and Push Frontend	2026-03-30T09:14:46.2705974Z #11 0.892 npm warn EBADENGINE   required: { node: '>=20.0.0' },
build-and-deploy	Build and Push Frontend	2026-03-30T09:14:46.2707074Z #11 0.892 npm warn EBADENGINE   current: { node: 'v18.20.8', npm: '10.8.2' }
build-and-deploy	Build and Push Frontend	2026-03-30T09:14:46.2708044Z #11 0.892 npm warn EBADENGINE }
build-and-deploy	Build and Push Frontend	2026-03-30T09:14:46.2708604Z #11 0.892 npm warn EBADENGINE Unsupported engine {
build-and-deploy	Build and Push Frontend	2026-03-30T09:14:46.2709334Z #11 0.892 npm warn EBADENGINE   package: 'react-router-dom@7.13.0',
build-and-deploy	Build and Push Frontend	2026-03-30T09:14:46.2710100Z #11 0.892 npm warn EBADENGINE   required: { node: '>=20.0.0' },
build-and-deploy	Build and Push Frontend	2026-03-30T09:14:46.2710899Z #11 0.892 npm warn EBADENGINE   current: { node: 'v18.20.8', npm: '10.8.2' }
build-and-deploy	Build and Push Frontend	2026-03-30T09:14:46.2711611Z #11 0.892 npm warn EBADENGINE }
build-and-deploy	Build and Push Frontend	2026-03-30T09:14:46.2712143Z #11 0.892 npm warn EBADENGINE Unsupported engine {
build-and-deploy	Build and Push Frontend	2026-03-30T09:14:46.2712817Z #11 0.892 npm warn EBADENGINE   package: 'readdirp@5.0.0',
build-and-deploy	Build and Push Frontend	2026-03-30T09:14:46.2713528Z #11 0.892 npm warn EBADENGINE   required: { node: '>= 20.19.0' },
build-and-deploy	Build and Push Frontend	2026-03-30T09:14:46.2714332Z #11 0.892 npm warn EBADENGINE   current: { node: 'v18.20.8', npm: '10.8.2' }
build-and-deploy	Build and Push Frontend	2026-03-30T09:14:46.2715045Z #11 0.892 npm warn EBADENGINE }
build-and-deploy	Build and Push Frontend	2026-03-30T09:14:46.2715585Z #11 0.893 npm warn EBADENGINE Unsupported engine {
build-and-deploy	Build and Push Frontend	2026-03-30T09:14:46.2716284Z #11 0.893 npm warn EBADENGINE   package: 'unicorn-magic@0.4.0',
build-and-deploy	Build and Push Frontend	2026-03-30T09:14:46.2717009Z #11 0.893 npm warn EBADENGINE   required: { node: '>=20' },
build-and-deploy	Build and Push Frontend	2026-03-30T09:14:46.2718016Z #11 0.893 npm warn EBADENGINE   current: { node: 'v18.20.8', npm: '10.8.2' }
build-and-deploy	Build and Push Frontend	2026-03-30T09:14:46.2718715Z #11 0.893 npm warn EBADENGINE }
build-and-deploy	Build and Push Frontend	2026-03-30T09:14:46.2719247Z #11 0.893 npm warn EBADENGINE Unsupported engine {
build-and-deploy	Build and Push Frontend	2026-03-30T09:14:46.2719901Z #11 0.893 npm warn EBADENGINE   package: 'vite@7.3.1',
build-and-deploy	Build and Push Frontend	2026-03-30T09:14:46.2720646Z #11 0.893 npm warn EBADENGINE   required: { node: '^20.19.0 || >=22.12.0' },
build-and-deploy	Build and Push Frontend	2026-03-30T09:14:46.2721509Z #11 0.893 npm warn EBADENGINE   current: { node: 'v18.20.8', npm: '10.8.2' }
build-and-deploy	Build and Push Frontend	2026-03-30T09:14:46.2722208Z #11 0.893 npm warn EBADENGINE }
build-and-deploy	Build and Push Frontend	2026-03-30T09:14:59.3233779Z #11 14.10 
build-and-deploy	Build and Push Frontend	2026-03-30T09:14:59.3234553Z #11 14.10 added 456 packages, and audited 457 packages in 14s
build-and-deploy	Build and Push Frontend	2026-03-30T09:14:59.4908448Z #11 14.10 
build-and-deploy	Build and Push Frontend	2026-03-30T09:14:59.4910059Z #11 14.10 89 packages are looking for funding
build-and-deploy	Build and Push Frontend	2026-03-30T09:14:59.4910590Z #11 14.10   run `npm fund` for details
build-and-deploy	Build and Push Frontend	2026-03-30T09:14:59.4911009Z #11 14.12 
build-and-deploy	Build and Push Frontend	2026-03-30T09:14:59.4911381Z #11 14.12 10 vulnerabilities (3 moderate, 7 high)
build-and-deploy	Build and Push Frontend	2026-03-30T09:14:59.4911863Z #11 14.12 
build-and-deploy	Build and Push Frontend	2026-03-30T09:14:59.4912279Z #11 14.12 To address issues that do not require attention, run:
build-and-deploy	Build and Push Frontend	2026-03-30T09:14:59.4912824Z #11 14.12   npm audit fix
build-and-deploy	Build and Push Frontend	2026-03-30T09:14:59.4913186Z #11 14.12 
build-and-deploy	Build and Push Frontend	2026-03-30T09:14:59.4913612Z #11 14.12 To address all issues (including breaking changes), run:
build-and-deploy	Build and Push Frontend	2026-03-30T09:14:59.4914196Z #11 14.12   npm audit fix --force
build-and-deploy	Build and Push Frontend	2026-03-30T09:14:59.4914586Z #11 14.12 
build-and-deploy	Build and Push Frontend	2026-03-30T09:14:59.4914904Z #11 14.12 Run `npm audit` for details.
build-and-deploy	Build and Push Frontend	2026-03-30T09:14:59.4915333Z #11 14.12 npm notice
build-and-deploy	Build and Push Frontend	2026-03-30T09:14:59.4915832Z #11 14.12 npm notice New major version of npm available! 10.8.2 -> 11.12.1
build-and-deploy	Build and Push Frontend	2026-03-30T09:14:59.4916643Z #11 14.12 npm notice Changelog: https://github.com/npm/cli/releases/tag/v11.12.1
build-and-deploy	Build and Push Frontend	2026-03-30T09:14:59.4918165Z #11 14.12 npm notice To update run: npm install -g npm@11.12.1
build-and-deploy	Build and Push Frontend	2026-03-30T09:14:59.4918705Z #11 14.12 npm notice
build-and-deploy	Build and Push Frontend	2026-03-30T09:15:00.6198293Z #11 DONE 15.4s
build-and-deploy	Build and Push Frontend	2026-03-30T09:15:00.8038358Z 
build-and-deploy	Build and Push Frontend	2026-03-30T09:15:00.8038937Z #12 [build 5/6] COPY . .
build-and-deploy	Build and Push Frontend	2026-03-30T09:15:00.8039504Z #12 DONE 0.0s
build-and-deploy	Build and Push Frontend	2026-03-30T09:15:00.8039730Z 
build-and-deploy	Build and Push Frontend	2026-03-30T09:15:00.8039922Z #13 [build 6/6] RUN npm run build
build-and-deploy	Build and Push Frontend	2026-03-30T09:15:00.9159472Z #13 0.263 
build-and-deploy	Build and Push Frontend	2026-03-30T09:15:00.9159945Z #13 0.263 > client@0.0.0 build
build-and-deploy	Build and Push Frontend	2026-03-30T09:15:00.9160393Z #13 0.263 > tsc -b && vite build
build-and-deploy	Build and Push Frontend	2026-03-30T09:15:00.9160734Z #13 0.263 
build-and-deploy	Build and Push Frontend	2026-03-30T09:15:07.5136990Z #13 6.860 src/api/generated/app/app.ts(55,56): error TS2559: Type 'string' has no properties in common with type 'AxiosRequestConfig<any>'.
build-and-deploy	Build and Push Frontend	2026-03-30T09:15:07.6702399Z #13 6.860 src/api/generated/app/app.ts(78,45): error TS2345: Argument of type 'AxiosRequestConfig<any> | undefined' is not assignable to parameter of type 'RequestInit | undefined'.
build-and-deploy	Build and Push Frontend	2026-03-30T09:15:07.6704417Z #13 6.860   Type 'AxiosRequestConfig<any>' is not assignable to type 'RequestInit'.
build-and-deploy	Build and Push Frontend	2026-03-30T09:15:07.6705253Z #13 6.860     Types of property 'headers' are incompatible.
build-and-deploy	Build and Push Frontend	2026-03-30T09:15:07.6707770Z #13 6.860       Type 'AxiosHeaders | (Partial<RawAxiosHeaders & { Accept: AxiosHeaderValue; "Content-Length": AxiosHeaderValue; "User-Agent": AxiosHeaderValue; "Content-Encoding": AxiosHeaderValue; Authorization: AxiosHeaderValue; } & { ...; }> & Partial<...>) | undefined' is not assignable to type 'HeadersInit | undefined'.
build-and-deploy	Build and Push Frontend	2026-03-30T09:15:07.6711478Z #13 6.860         Type 'Partial<RawAxiosHeaders & { Accept: AxiosHeaderValue; "Content-Length": AxiosHeaderValue; "User-Agent": AxiosHeaderValue; "Content-Encoding": AxiosHeaderValue; Authorization: AxiosHeaderValue; } & { ...; }> & Partial<...>' is not assignable to type 'HeadersInit | undefined'.
build-and-deploy	Build and Push Frontend	2026-03-30T09:15:07.6715288Z #13 6.860           Type 'Partial<RawAxiosHeaders & { Accept: AxiosHeaderValue; "Content-Length": AxiosHeaderValue; "User-Agent": AxiosHeaderValue; "Content-Encoding": AxiosHeaderValue; Authorization: AxiosHeaderValue; } & { ...; }> & Partial<...>' is missing the following properties from type '[string, string][]': length, pop, push, concat, and 28 more.
build-and-deploy	Build and Push Frontend	2026-03-30T09:15:07.6718287Z #13 6.860 src/api/generated/app/app.ts(109,58): error TS2559: Type 'string' has no properties in common with type 'AxiosRequestConfig<any>'.
build-and-deploy	Build and Push Frontend	2026-03-30T09:15:07.6720012Z #13 6.861 src/api/generated/app/app.ts(123,36): error TS2345: Argument of type 'AxiosRequestConfig<any> | undefined' is not assignable to parameter of type 'RequestInit | undefined'.
build-and-deploy	Build and Push Frontend	2026-03-30T09:15:07.6721468Z #13 6.861   Type 'AxiosRequestConfig<any>' is not assignable to type 'RequestInit'.
build-and-deploy	Build and Push Frontend	2026-03-30T09:15:07.6722387Z #13 6.861     Types of property 'headers' are incompatible.
build-and-deploy	Build and Push Frontend	2026-03-30T09:15:07.6724525Z #13 6.861       Type 'AxiosHeaders | (Partial<RawAxiosHeaders & { Accept: AxiosHeaderValue; "Content-Length": AxiosHeaderValue; "User-Agent": AxiosHeaderValue; "Content-Encoding": AxiosHeaderValue; Authorization: AxiosHeaderValue; } & { ...; }> & Partial<...>) | undefined' is not assignable to type 'HeadersInit | undefined'.
build-and-deploy	Build and Push Frontend	2026-03-30T09:15:07.6734283Z #13 6.861         Type 'Partial<RawAxiosHeaders & { Accept: AxiosHeaderValue; "Content-Length": AxiosHeaderValue; "User-Agent": AxiosHeaderValue; "Content-Encoding": AxiosHeaderValue; Authorization: AxiosHeaderValue; } & { ...; }> & Partial<...>' is not assignable to type 'HeadersInit | undefined'.
build-and-deploy	Build and Push Frontend	2026-03-30T09:15:07.6738233Z #13 6.861           Type 'Partial<RawAxiosHeaders & { Accept: AxiosHeaderValue; "Content-Length": AxiosHeaderValue; "User-Agent": AxiosHeaderValue; "Content-Encoding": AxiosHeaderValue; Authorization: AxiosHeaderValue; } & { ...; }> & Partial<...>' is missing the following properties from type '[string, string][]': length, pop, push, concat, and 28 more.
build-and-deploy	Build and Push Frontend	2026-03-30T09:15:07.6740956Z #13 6.861 src/api/generated/auth/auth.ts(55,54): error TS2559: Type 'string' has no properties in common with type 'AxiosRequestConfig<any>'.
build-and-deploy	Build and Push Frontend	2026-03-30T09:15:07.6742968Z #13 6.861 src/api/generated/auth/auth.ts(69,32): error TS2345: Argument of type 'AxiosRequestConfig<any> | undefined' is not assignable to parameter of type 'RequestInit | undefined'.
build-and-deploy	Build and Push Frontend	2026-03-30T09:15:07.6744465Z #13 6.861   Type 'AxiosRequestConfig<any>' is not assignable to type 'RequestInit'.
build-and-deploy	Build and Push Frontend	2026-03-30T09:15:07.6745274Z #13 6.861     Types of property 'headers' are incompatible.
build-and-deploy	Build and Push Frontend	2026-03-30T09:15:07.6747688Z #13 6.861       Type 'AxiosHeaders | (Partial<RawAxiosHeaders & { Accept: AxiosHeaderValue; "Content-Length": AxiosHeaderValue; "User-Agent": AxiosHeaderValue; "Content-Encoding": AxiosHeaderValue; Authorization: AxiosHeaderValue; } & { ...; }> & Partial<...>) | undefined' is not assignable to type 'HeadersInit | undefined'.
build-and-deploy	Build and Push Frontend	2026-03-30T09:15:07.6751288Z #13 6.861         Type 'Partial<RawAxiosHeaders & { Accept: AxiosHeaderValue; "Content-Length": AxiosHeaderValue; "User-Agent": AxiosHeaderValue; "Content-Encoding": AxiosHeaderValue; Authorization: AxiosHeaderValue; } & { ...; }> & Partial<...>' is not assignable to type 'HeadersInit | undefined'.
build-and-deploy	Build and Push Frontend	2026-03-30T09:15:07.6755165Z #13 6.861           Type 'Partial<RawAxiosHeaders & { Accept: AxiosHeaderValue; "Content-Length": AxiosHeaderValue; "User-Agent": AxiosHeaderValue; "Content-Encoding": AxiosHeaderValue; Authorization: AxiosHeaderValue; } & { ...; }> & Partial<...>' is missing the following properties from type '[string, string][]': length, pop, push, concat, and 28 more.
build-and-deploy	Build and Push Frontend	2026-03-30T09:15:07.6758112Z #13 6.861 src/api/generated/auth/auth.ts(114,59): error TS2559: Type 'string' has no properties in common with type 'AxiosRequestConfig<any>'.
build-and-deploy	Build and Push Frontend	2026-03-30T09:15:07.6759907Z #13 6.861 src/api/generated/auth/auth.ts(137,48): error TS2345: Argument of type 'AxiosRequestConfig<any> | undefined' is not assignable to parameter of type 'RequestInit | undefined'.
build-and-deploy	Build and Push Frontend	2026-03-30T09:15:07.6761394Z #13 6.861   Type 'AxiosRequestConfig<any>' is not assignable to type 'RequestInit'.
build-and-deploy	Build and Push Frontend	2026-03-30T09:15:07.6762194Z #13 6.861     Types of property 'headers' are incompatible.
build-and-deploy	Build and Push Frontend	2026-03-30T09:15:07.6764345Z #13 6.861       Type 'AxiosHeaders | (Partial<RawAxiosHeaders & { Accept: AxiosHeaderValue; "Content-Length": AxiosHeaderValue; "User-Agent": AxiosHeaderValue; "Content-Encoding": AxiosHeaderValue; Authorization: AxiosHeaderValue; } & { ...; }> & Partial<...>) | undefined' is not assignable to type 'HeadersInit | undefined'.
build-and-deploy	Build and Push Frontend	2026-03-30T09:15:07.6768092Z #13 6.861         Type 'Partial<RawAxiosHeaders & { Accept: AxiosHeaderValue; "Content-Length": AxiosHeaderValue; "User-Agent": AxiosHeaderValue; "Content-Encoding": AxiosHeaderValue; Authorization: AxiosHeaderValue; } & { ...; }> & Partial<...>' is not assignable to type 'HeadersInit | undefined'.
build-and-deploy	Build and Push Frontend	2026-03-30T09:15:07.6771710Z #13 6.861           Type 'Partial<RawAxiosHeaders & { Accept: AxiosHeaderValue; "Content-Length": AxiosHeaderValue; "User-Agent": AxiosHeaderValue; "Content-Encoding": AxiosHeaderValue; Authorization: AxiosHeaderValue; } & { ...; }> & Partial<...>' is missing the following properties from type '[string, string][]': length, pop, push, concat, and 28 more.
build-and-deploy	Build and Push Frontend	2026-03-30T09:15:07.6774430Z #13 6.861 src/api/generated/auth/auth.ts(168,55): error TS2559: Type 'string' has no properties in common with type 'AxiosRequestConfig<any>'.
build-and-deploy	Build and Push Frontend	2026-03-30T09:15:07.6776158Z #13 6.861 src/api/generated/auth/auth.ts(182,33): error TS2345: Argument of type 'AxiosRequestConfig<any> | undefined' is not assignable to parameter of type 'RequestInit | undefined'.
build-and-deploy	Build and Push Frontend	2026-03-30T09:15:07.6777761Z #13 6.861   Type 'AxiosRequestConfig<any>' is not assignable to type 'RequestInit'.
build-and-deploy	Build and Push Frontend	2026-03-30T09:15:07.6778522Z #13 6.861     Types of property 'headers' are incompatible.
build-and-deploy	Build and Push Frontend	2026-03-30T09:15:07.6780613Z #13 6.861       Type 'AxiosHeaders | (Partial<RawAxiosHeaders & { Accept: AxiosHeaderValue; "Content-Length": AxiosHeaderValue; "User-Agent": AxiosHeaderValue; "Content-Encoding": AxiosHeaderValue; Authorization: AxiosHeaderValue; } & { ...; }> & Partial<...>) | undefined' is not assignable to type 'HeadersInit | undefined'.
build-and-deploy	Build and Push Frontend	2026-03-30T09:15:07.6784304Z #13 6.861         Type 'Partial<RawAxiosHeaders & { Accept: AxiosHeaderValue; "Content-Length": AxiosHeaderValue; "User-Agent": AxiosHeaderValue; "Content-Encoding": AxiosHeaderValue; Authorization: AxiosHeaderValue; } & { ...; }> & Partial<...>' is not assignable to type 'HeadersInit | undefined'.
build-and-deploy	Build and Push Frontend	2026-03-30T09:15:07.6788240Z #13 6.861           Type 'Partial<RawAxiosHeaders & { Accept: AxiosHeaderValue; "Content-Length": AxiosHeaderValue; "User-Agent": AxiosHeaderValue; "Content-Encoding": AxiosHeaderValue; Authorization: AxiosHeaderValue; } & { ...; }> & Partial<...>' is missing the following properties from type '[string, string][]': length, pop, push, concat, and 28 more.
build-and-deploy	Build and Push Frontend	2026-03-30T09:15:07.6791023Z #13 6.861 src/api/generated/auth/auth.ts(227,63): error TS2559: Type 'string' has no properties in common with type 'AxiosRequestConfig<any>'.
build-and-deploy	Build and Push Frontend	2026-03-30T09:15:07.6792855Z #13 6.861 src/api/generated/auth/auth.ts(241,41): error TS2345: Argument of type 'AxiosRequestConfig<any> | undefined' is not assignable to parameter of type 'RequestInit | undefined'.
build-and-deploy	Build and Push Frontend	2026-03-30T09:15:07.6794510Z #13 6.861   Type 'AxiosRequestConfig<any>' is not assignable to type 'RequestInit'.
build-and-deploy	Build and Push Frontend	2026-03-30T09:15:07.6795297Z #13 6.861     Types of property 'headers' are incompatible.
build-and-deploy	Build and Push Frontend	2026-03-30T09:15:07.6797689Z #13 6.861       Type 'AxiosHeaders | (Partial<RawAxiosHeaders & { Accept: AxiosHeaderValue; "Content-Length": AxiosHeaderValue; "User-Agent": AxiosHeaderValue; "Content-Encoding": AxiosHeaderValue; Authorization: AxiosHeaderValue; } & { ...; }> & Partial<...>) | undefined' is not assignable to type 'HeadersInit | undefined'.
build-and-deploy	Build and Push Frontend	2026-03-30T09:15:07.6801243Z #13 6.861         Type 'Partial<RawAxiosHeaders & { Accept: AxiosHeaderValue; "Content-Length": AxiosHeaderValue; "User-Agent": AxiosHeaderValue; "Content-Encoding": AxiosHeaderValue; Authorization: AxiosHeaderValue; } & { ...; }> & Partial<...>' is not assignable to type 'HeadersInit | undefined'.
build-and-deploy	Build and Push Frontend	2026-03-30T09:15:07.6804986Z #13 6.861           Type 'Partial<RawAxiosHeaders & { Accept: AxiosHeaderValue; "Content-Length": AxiosHeaderValue; "User-Agent": AxiosHeaderValue; "Content-Encoding": AxiosHeaderValue; Authorization: AxiosHeaderValue; } & { ...; }> & Partial<...>' is missing the following properties from type '[string, string][]': length, pop, push, concat, and 28 more.
build-and-deploy	Build and Push Frontend	2026-03-30T09:15:07.6807968Z #13 6.862 src/api/generated/auth/auth.ts(286,62): error TS2559: Type 'string' has no properties in common with type 'AxiosRequestConfig<any>'.
build-and-deploy	Build and Push Frontend	2026-03-30T09:15:07.6809773Z #13 6.862 src/api/generated/auth/auth.ts(300,40): error TS2345: Argument of type 'AxiosRequestConfig<any> | undefined' is not assignable to parameter of type 'RequestInit | undefined'.
build-and-deploy	Build and Push Frontend	2026-03-30T09:15:07.6811203Z #13 6.862   Type 'AxiosRequestConfig<any>' is not assignable to type 'RequestInit'.
build-and-deploy	Build and Push Frontend	2026-03-30T09:15:07.6811972Z #13 6.862     Types of property 'headers' are incompatible.
build-and-deploy	Build and Push Frontend	2026-03-30T09:15:07.6814073Z #13 6.862       Type 'AxiosHeaders | (Partial<RawAxiosHeaders & { Accept: AxiosHeaderValue; "Content-Length": AxiosHeaderValue; "User-Agent": AxiosHeaderValue; "Content-Encoding": AxiosHeaderValue; Authorization: AxiosHeaderValue; } & { ...; }> & Partial<...>) | undefined' is not assignable to type 'HeadersInit | undefined'.
build-and-deploy	Build and Push Frontend	2026-03-30T09:15:07.6817703Z #13 6.862         Type 'Partial<RawAxiosHeaders & { Accept: AxiosHeaderValue; "Content-Length": AxiosHeaderValue; "User-Agent": AxiosHeaderValue; "Content-Encoding": AxiosHeaderValue; Authorization: AxiosHeaderValue; } & { ...; }> & Partial<...>' is not assignable to type 'HeadersInit | undefined'.
build-and-deploy	Build and Push Frontend	2026-03-30T09:15:07.6821297Z #13 6.862           Type 'Partial<RawAxiosHeaders & { Accept: AxiosHeaderValue; "Content-Length": AxiosHeaderValue; "User-Agent": AxiosHeaderValue; "Content-Encoding": AxiosHeaderValue; Authorization: AxiosHeaderValue; } & { ...; }> & Partial<...>' is missing the following properties from type '[string, string][]': length, pop, push, concat, and 28 more.
build-and-deploy	Build and Push Frontend	2026-03-30T09:15:07.6824175Z #13 6.862 src/api/generated/events/events.ts(58,57): error TS2559: Type 'string' has no properties in common with type 'AxiosRequestConfig<any>'.
build-and-deploy	Build and Push Frontend	2026-03-30T09:15:07.6826064Z #13 6.862 src/api/generated/events/events.ts(73,40): error TS2345: Argument of type 'AxiosRequestConfig<any> | undefined' is not assignable to parameter of type 'RequestInit | undefined'.
build-and-deploy	Build and Push Frontend	2026-03-30T09:15:07.6827742Z #13 6.862   Type 'AxiosRequestConfig<any>' is not assignable to type 'RequestInit'.
build-and-deploy	Build and Push Frontend	2026-03-30T09:15:07.6828548Z #13 6.862     Types of property 'headers' are incompatible.
build-and-deploy	Build and Push Frontend	2026-03-30T09:15:07.6830750Z #13 6.862       Type 'AxiosHeaders | (Partial<RawAxiosHeaders & { Accept: AxiosHeaderValue; "Content-Length": AxiosHeaderValue; "User-Agent": AxiosHeaderValue; "Content-Encoding": AxiosHeaderValue; Authorization: AxiosHeaderValue; } & { ...; }> & Partial<...>) | undefined' is not assignable to type 'HeadersInit | undefined'.
build-and-deploy	Build and Push Frontend	2026-03-30T09:15:07.6834330Z #13 6.862         Type 'Partial<RawAxiosHeaders & { Accept: AxiosHeaderValue; "Content-Length": AxiosHeaderValue; "User-Agent": AxiosHeaderValue; "Content-Encoding": AxiosHeaderValue; Authorization: AxiosHeaderValue; } & { ...; }> & Partial<...>' is not assignable to type 'HeadersInit | undefined'.
build-and-deploy	Build and Push Frontend	2026-03-30T09:15:07.6838386Z #13 6.862           Type 'Partial<RawAxiosHeaders & { Accept: AxiosHeaderValue; "Content-Length": AxiosHeaderValue; "User-Agent": AxiosHeaderValue; "Content-Encoding": AxiosHeaderValue; Authorization: AxiosHeaderValue; } & { ...; }> & Partial<...>' is missing the following properties from type '[string, string][]': length, pop, push, concat, and 28 more.
build-and-deploy	Build and Push Frontend	2026-03-30T09:15:07.6841262Z #13 6.862 src/api/generated/events/events.ts(118,58): error TS2559: Type 'string' has no properties in common with type 'AxiosRequestConfig<any>'.
build-and-deploy	Build and Push Frontend	2026-03-30T09:15:07.6843125Z #13 6.862 src/api/generated/events/events.ts(141,47): error TS2345: Argument of type 'AxiosRequestConfig<any> | undefined' is not assignable to parameter of type 'RequestInit | undefined'.
build-and-deploy	Build and Push Frontend	2026-03-30T09:15:07.6844662Z #13 6.862   Type 'AxiosRequestConfig<any>' is not assignable to type 'RequestInit'.
build-and-deploy	Build and Push Frontend	2026-03-30T09:15:07.6845513Z #13 6.862     Types of property 'headers' are incompatible.
build-and-deploy	Build and Push Frontend	2026-03-30T09:15:07.6847824Z #13 6.862       Type 'AxiosHeaders | (Partial<RawAxiosHeaders & { Accept: AxiosHeaderValue; "Content-Length": AxiosHeaderValue; "User-Agent": AxiosHeaderValue; "Content-Encoding": AxiosHeaderValue; Authorization: AxiosHeaderValue; } & { ...; }> & Partial<...>) | undefined' is not assignable to type 'HeadersInit | undefined'.
build-and-deploy	Build and Push Frontend	2026-03-30T09:15:07.6851371Z #13 6.862         Type 'Partial<RawAxiosHeaders & { Accept: AxiosHeaderValue; "Content-Length": AxiosHeaderValue; "User-Agent": AxiosHeaderValue; "Content-Encoding": AxiosHeaderValue; Authorization: AxiosHeaderValue; } & { ...; }> & Partial<...>' is not assignable to type 'HeadersInit | undefined'.
build-and-deploy	Build and Push Frontend	2026-03-30T09:15:07.6854956Z #13 6.862           Type 'Partial<RawAxiosHeaders & { Accept: AxiosHeaderValue; "Content-Length": AxiosHeaderValue; "User-Agent": AxiosHeaderValue; "Content-Encoding": AxiosHeaderValue; Authorization: AxiosHeaderValue; } & { ...; }> & Partial<...>' is missing the following properties from type '[string, string][]': length, pop, push, concat, and 28 more.
build-and-deploy	Build and Push Frontend	2026-03-30T09:15:07.6858189Z #13 6.862 src/api/generated/events/events.ts(172,67): error TS2559: Type 'string' has no properties in common with type 'AxiosRequestConfig<any>'.
build-and-deploy	Build and Push Frontend	2026-03-30T09:15:07.6859709Z #13 6.862 src/api/generated/events/events.ts(195,60): error TS2345: Argument of type 'AxiosRequestConfig<any> | undefined' is not assignable to parameter of type 'RequestInit | undefined'.
build-and-deploy	Build and Push Frontend	2026-03-30T09:15:07.6860827Z #13 6.862   Type 'AxiosRequestConfig<any>' is not assignable to type 'RequestInit'.
build-and-deploy	Build and Push Frontend	2026-03-30T09:15:07.6861453Z #13 6.862     Types of property 'headers' are incompatible.
build-and-deploy	Build and Push Frontend	2026-03-30T09:15:07.6863062Z #13 6.862       Type 'AxiosHeaders | (Partial<RawAxiosHeaders & { Accept: AxiosHeaderValue; "Content-Length": AxiosHeaderValue; "User-Agent": AxiosHeaderValue; "Content-Encoding": AxiosHeaderValue; Authorization: AxiosHeaderValue; } & { ...; }> & Partial<...>) | undefined' is not assignable to type 'HeadersInit | undefined'.
build-and-deploy	Build and Push Frontend	2026-03-30T09:15:07.6865863Z #13 6.862         Type 'Partial<RawAxiosHeaders & { Accept: AxiosHeaderValue; "Content-Length": AxiosHeaderValue; "User-Agent": AxiosHeaderValue; "Content-Encoding": AxiosHeaderValue; Authorization: AxiosHeaderValue; } & { ...; }> & Partial<...>' is not assignable to type 'HeadersInit | undefined'.
build-and-deploy	Build and Push Frontend	2026-03-30T09:15:07.6868647Z #13 6.862           Type 'Partial<RawAxiosHeaders & { Accept: AxiosHeaderValue; "Content-Length": AxiosHeaderValue; "User-Agent": AxiosHeaderValue; "Content-Encoding": AxiosHeaderValue; Authorization: AxiosHeaderValue; } & { ...; }> & Partial<...>' is missing the following properties from type '[string, string][]': length, pop, push, concat, and 28 more.
build-and-deploy	Build and Push Frontend	2026-03-30T09:15:07.6870687Z #13 6.862 src/api/generated/events/events.ts(226,58): error TS2559: Type 'string' has no properties in common with type 'AxiosRequestConfig<any>'.
build-and-deploy	Build and Push Frontend	2026-03-30T09:15:07.6871989Z #13 6.862 src/api/generated/events/events.ts(249,51): error TS2345: Argument of type 'AxiosRequestConfig<any> | undefined' is not assignable to parameter of type 'RequestInit | undefined'.
build-and-deploy	Build and Push Frontend	2026-03-30T09:15:07.6872863Z #13 6.862   Type 'AxiosRequestConfig<any>' is not assignable to type 'RequestInit'.
build-and-deploy	Build and Push Frontend	2026-03-30T09:15:07.6873325Z #13 6.862     Types of property 'headers' are incompatible.
build-and-deploy	Build and Push Frontend	2026-03-30T09:15:07.6874563Z #13 6.862       Type 'AxiosHeaders | (Partial<RawAxiosHeaders & { Accept: AxiosHeaderValue; "Content-Length": AxiosHeaderValue; "User-Agent": AxiosHeaderValue; "Content-Encoding": AxiosHeaderValue; Authorization: AxiosHeaderValue; } & { ...; }> & Partial<...>) | undefined' is not assignable to type 'HeadersInit | undefined'.
build-and-deploy	Build and Push Frontend	2026-03-30T09:15:07.6876546Z #13 6.862         Type 'Partial<RawAxiosHeaders & { Accept: AxiosHeaderValue; "Content-Length": AxiosHeaderValue; "User-Agent": AxiosHeaderValue; "Content-Encoding": AxiosHeaderValue; Authorization: AxiosHeaderValue; } & { ...; }> & Partial<...>' is not assignable to type 'HeadersInit | undefined'.
build-and-deploy	Build and Push Frontend	2026-03-30T09:15:07.6878785Z #13 6.862           Type 'Partial<RawAxiosHeaders & { Accept: AxiosHeaderValue; "Content-Length": AxiosHeaderValue; "User-Agent": AxiosHeaderValue; "Content-Encoding": AxiosHeaderValue; Authorization: AxiosHeaderValue; } & { ...; }> & Partial<...>' is missing the following properties from type '[string, string][]': length, pop, push, concat, and 28 more.
build-and-deploy	Build and Push Frontend	2026-03-30T09:15:07.6880417Z #13 6.862 src/api/generated/events/events.ts(280,57): error TS2559: Type 'string' has no properties in common with type 'AxiosRequestConfig<any>'.
build-and-deploy	Build and Push Frontend	2026-03-30T09:15:07.6881493Z #13 6.862 src/api/generated/events/events.ts(294,39): error TS2345: Argument of type 'AxiosRequestConfig<any> | undefined' is not assignable to parameter of type 'RequestInit | undefined'.
build-and-deploy	Build and Push Frontend	2026-03-30T09:15:07.6882351Z #13 6.862   Type 'AxiosRequestConfig<any>' is not assignable to type 'RequestInit'.
build-and-deploy	Build and Push Frontend	2026-03-30T09:15:07.6882817Z #13 6.862     Types of property 'headers' are incompatible.
build-and-deploy	Build and Push Frontend	2026-03-30T09:15:07.6884049Z #13 6.862       Type 'AxiosHeaders | (Partial<RawAxiosHeaders & { Accept: AxiosHeaderValue; "Content-Length": AxiosHeaderValue; "User-Agent": AxiosHeaderValue; "Content-Encoding": AxiosHeaderValue; Authorization: AxiosHeaderValue; } & { ...; }> & Partial<...>) | undefined' is not assignable to type 'HeadersInit | undefined'.
build-and-deploy	Build and Push Frontend	2026-03-30T09:15:07.6886023Z #13 6.862         Type 'Partial<RawAxiosHeaders & { Accept: AxiosHeaderValue; "Content-Length": AxiosHeaderValue; "User-Agent": AxiosHeaderValue; "Content-Encoding": AxiosHeaderValue; Authorization: AxiosHeaderValue; } & { ...; }> & Partial<...>' is not assignable to type 'HeadersInit | undefined'.
build-and-deploy	Build and Push Frontend	2026-03-30T09:15:07.6888192Z #13 6.862           Type 'Partial<RawAxiosHeaders & { Accept: AxiosHeaderValue; "Content-Length": AxiosHeaderValue; "User-Agent": AxiosHeaderValue; "Content-Encoding": AxiosHeaderValue; Authorization: AxiosHeaderValue; } & { ...; }> & Partial<...>' is missing the following properties from type '[string, string][]': length, pop, push, concat, and 28 more.
build-and-deploy	Build and Push Frontend	2026-03-30T09:15:07.6889915Z #13 6.862 src/api/generated/events/events.ts(339,57): error TS2559: Type 'string' has no properties in common with type 'AxiosRequestConfig<any>'.
build-and-deploy	Build and Push Frontend	2026-03-30T09:15:07.6890978Z #13 6.862 src/api/generated/events/events.ts(353,39): error TS2345: Argument of type 'AxiosRequestConfig<any> | undefined' is not assignable to parameter of type 'RequestInit | undefined'.
build-and-deploy	Build and Push Frontend	2026-03-30T09:15:07.6891841Z #13 6.862   Type 'AxiosRequestConfig<any>' is not assignable to type 'RequestInit'.
build-and-deploy	Build and Push Frontend	2026-03-30T09:15:07.6892294Z #13 6.862     Types of property 'headers' are incompatible.
build-and-deploy	Build and Push Frontend	2026-03-30T09:15:07.6893547Z #13 6.862       Type 'AxiosHeaders | (Partial<RawAxiosHeaders & { Accept: AxiosHeaderValue; "Content-Length": AxiosHeaderValue; "User-Agent": AxiosHeaderValue; "Content-Encoding": AxiosHeaderValue; Authorization: AxiosHeaderValue; } & { ...; }> & Partial<...>) | undefined' is not assignable to type 'HeadersInit | undefined'.
build-and-deploy	Build and Push Frontend	2026-03-30T09:15:07.6895643Z #13 6.862         Type 'Partial<RawAxiosHeaders & { Accept: AxiosHeaderValue; "Content-Length": AxiosHeaderValue; "User-Agent": AxiosHeaderValue; "Content-Encoding": AxiosHeaderValue; Authorization: AxiosHeaderValue; } & { ...; }> & Partial<...>' is not assignable to type 'HeadersInit | undefined'.
build-and-deploy	Build and Push Frontend	2026-03-30T09:15:07.6897880Z #13 6.862           Type 'Partial<RawAxiosHeaders & { Accept: AxiosHeaderValue; "Content-Length": AxiosHeaderValue; "User-Agent": AxiosHeaderValue; "Content-Encoding": AxiosHeaderValue; Authorization: AxiosHeaderValue; } & { ...; }> & Partial<...>' is missing the following properties from type '[string, string][]': length, pop, push, concat, and 28 more.
build-and-deploy	Build and Push Frontend	2026-03-30T09:15:07.6899464Z #13 6.862 src/api/generated/events/events.ts(398,69): error TS2559: Type 'string' has no properties in common with type 'AxiosRequestConfig<any>'.
build-and-deploy	Build and Push Frontend	2026-03-30T09:15:07.6900518Z #13 6.862 src/api/generated/events/events.ts(421,62): error TS2345: Argument of type 'AxiosRequestConfig<any> | undefined' is not assignable to parameter of type 'RequestInit | undefined'.
build-and-deploy	Build and Push Frontend	2026-03-30T09:15:07.6901387Z #13 6.862   Type 'AxiosRequestConfig<any>' is not assignable to type 'RequestInit'.
build-and-deploy	Build and Push Frontend	2026-03-30T09:15:07.6901846Z #13 6.862     Types of property 'headers' are incompatible.
build-and-deploy	Build and Push Frontend	2026-03-30T09:15:07.6903059Z #13 6.862       Type 'AxiosHeaders | (Partial<RawAxiosHeaders & { Accept: AxiosHeaderValue; "Content-Length": AxiosHeaderValue; "User-Agent": AxiosHeaderValue; "Content-Encoding": AxiosHeaderValue; Authorization: AxiosHeaderValue; } & { ...; }> & Partial<...>) | undefined' is not assignable to type 'HeadersInit | undefined'.
build-and-deploy	Build and Push Frontend	2026-03-30T09:15:07.6905037Z #13 6.862         Type 'Partial<RawAxiosHeaders & { Accept: AxiosHeaderValue; "Content-Length": AxiosHeaderValue; "User-Agent": AxiosHeaderValue; "Content-Encoding": AxiosHeaderValue; Authorization: AxiosHeaderValue; } & { ...; }> & Partial<...>' is not assignable to type 'HeadersInit | undefined'.
build-and-deploy	Build and Push Frontend	2026-03-30T09:15:07.6907103Z #13 6.862           Type 'Partial<RawAxiosHeaders & { Accept: AxiosHeaderValue; "Content-Length": AxiosHeaderValue; "User-Agent": AxiosHeaderValue; "Content-Encoding": AxiosHeaderValue; Authorization: AxiosHeaderValue; } & { ...; }> & Partial<...>' is missing the following properties from type '[string, string][]': length, pop, push, concat, and 28 more.
build-and-deploy	Build and Push Frontend	2026-03-30T09:15:07.6908816Z #13 6.862 src/api/generated/events/events.ts(452,76): error TS2559: Type 'string' has no properties in common with type 'AxiosRequestConfig<any>'.
build-and-deploy	Build and Push Frontend	2026-03-30T09:15:07.6909860Z #13 6.862 src/api/generated/events/events.ts(466,58): error TS2345: Argument of type 'AxiosRequestConfig<any> | undefined' is not assignable to parameter of type 'RequestInit | undefined'.
build-and-deploy	Build and Push Frontend	2026-03-30T09:15:07.6910713Z #13 6.862   Type 'AxiosRequestConfig<any>' is not assignable to type 'RequestInit'.
build-and-deploy	Build and Push Frontend	2026-03-30T09:15:07.6911158Z #13 6.862     Types of property 'headers' are incompatible.
build-and-deploy	Build and Push Frontend	2026-03-30T09:15:07.6912375Z #13 6.862       Type 'AxiosHeaders | (Partial<RawAxiosHeaders & { Accept: AxiosHeaderValue; "Content-Length": AxiosHeaderValue; "User-Agent": AxiosHeaderValue; "Content-Encoding": AxiosHeaderValue; Authorization: AxiosHeaderValue; } & { ...; }> & Partial<...>) | undefined' is not assignable to type 'HeadersInit | undefined'.
build-and-deploy	Build and Push Frontend	2026-03-30T09:15:07.6914474Z #13 6.862         Type 'Partial<RawAxiosHeaders & { Accept: AxiosHeaderValue; "Content-Length": AxiosHeaderValue; "User-Agent": AxiosHeaderValue; "Content-Encoding": AxiosHeaderValue; Authorization: AxiosHeaderValue; } & { ...; }> & Partial<...>' is not assignable to type 'HeadersInit | undefined'.
build-and-deploy	Build and Push Frontend	2026-03-30T09:15:07.6916542Z #13 6.862           Type 'Partial<RawAxiosHeaders & { Accept: AxiosHeaderValue; "Content-Length": AxiosHeaderValue; "User-Agent": AxiosHeaderValue; "Content-Encoding": AxiosHeaderValue; Authorization: AxiosHeaderValue; } & { ...; }> & Partial<...>' is missing the following properties from type '[string, string][]': length, pop, push, concat, and 28 more.
build-and-deploy	Build and Push Frontend	2026-03-30T09:15:07.6918243Z #13 6.862 src/api/generated/events/events.ts(511,67): error TS2559: Type 'string' has no properties in common with type 'AxiosRequestConfig<any>'.
build-and-deploy	Build and Push Frontend	2026-03-30T09:15:07.6919408Z #13 6.862 src/api/generated/events/events.ts(534,60): error TS2345: Argument of type 'AxiosRequestConfig<any> | undefined' is not assignable to parameter of type 'RequestInit | undefined'.
build-and-deploy	Build and Push Frontend	2026-03-30T09:15:07.6920283Z #13 6.862   Type 'AxiosRequestConfig<any>' is not assignable to type 'RequestInit'.
build-and-deploy	Build and Push Frontend	2026-03-30T09:15:07.6920736Z #13 6.862     Types of property 'headers' are incompatible.
build-and-deploy	Build and Push Frontend	2026-03-30T09:15:07.6921952Z #13 6.862       Type 'AxiosHeaders | (Partial<RawAxiosHeaders & { Accept: AxiosHeaderValue; "Content-Length": AxiosHeaderValue; "User-Agent": AxiosHeaderValue; "Content-Encoding": AxiosHeaderValue; Authorization: AxiosHeaderValue; } & { ...; }> & Partial<...>) | undefined' is not assignable to type 'HeadersInit | undefined'.
build-and-deploy	Build and Push Frontend	2026-03-30T09:15:07.6923922Z #13 6.862         Type 'Partial<RawAxiosHeaders & { Accept: AxiosHeaderValue; "Content-Length": AxiosHeaderValue; "User-Agent": AxiosHeaderValue; "Content-Encoding": AxiosHeaderValue; Authorization: AxiosHeaderValue; } & { ...; }> & Partial<...>' is not assignable to type 'HeadersInit | undefined'.
build-and-deploy	Build and Push Frontend	2026-03-30T09:15:07.6925984Z #13 6.862           Type 'Partial<RawAxiosHeaders & { Accept: AxiosHeaderValue; "Content-Length": AxiosHeaderValue; "User-Agent": AxiosHeaderValue; "Content-Encoding": AxiosHeaderValue; Authorization: AxiosHeaderValue; } & { ...; }> & Partial<...>' is missing the following properties from type '[string, string][]': length, pop, push, concat, and 28 more.
build-and-deploy	Build and Push Frontend	2026-03-30T09:15:07.6927669Z #13 6.862 src/api/generated/events/events.ts(565,70): error TS2559: Type 'string' has no properties in common with type 'AxiosRequestConfig<any>'.
build-and-deploy	Build and Push Frontend	2026-03-30T09:15:07.6928708Z #13 6.862 src/api/generated/events/events.ts(579,52): error TS2345: Argument of type 'AxiosRequestConfig<any> | undefined' is not assignable to parameter of type 'RequestInit | undefined'.
build-and-deploy	Build and Push Frontend	2026-03-30T09:15:07.6929563Z #13 6.862   Type 'AxiosRequestConfig<any>' is not assignable to type 'RequestInit'.
build-and-deploy	Build and Push Frontend	2026-03-30T09:15:07.6930008Z #13 6.862     Types of property 'headers' are incompatible.
build-and-deploy	Build and Push Frontend	2026-03-30T09:15:07.6931224Z #13 6.862       Type 'AxiosHeaders | (Partial<RawAxiosHeaders & { Accept: AxiosHeaderValue; "Content-Length": AxiosHeaderValue; "User-Agent": AxiosHeaderValue; "Content-Encoding": AxiosHeaderValue; Authorization: AxiosHeaderValue; } & { ...; }> & Partial<...>) | undefined' is not assignable to type 'HeadersInit | undefined'.
build-and-deploy	Build and Push Frontend	2026-03-30T09:15:07.6933205Z #13 6.862         Type 'Partial<RawAxiosHeaders & { Accept: AxiosHeaderValue; "Content-Length": AxiosHeaderValue; "User-Agent": AxiosHeaderValue; "Content-Encoding": AxiosHeaderValue; Authorization: AxiosHeaderValue; } & { ...; }> & Partial<...>' is not assignable to type 'HeadersInit | undefined'.
build-and-deploy	Build and Push Frontend	2026-03-30T09:15:07.6935287Z #13 6.862           Type 'Partial<RawAxiosHeaders & { Accept: AxiosHeaderValue; "Content-Length": AxiosHeaderValue; "User-Agent": AxiosHeaderValue; "Content-Encoding": AxiosHeaderValue; Authorization: AxiosHeaderValue; } & { ...; }> & Partial<...>' is missing the following properties from type '[string, string][]': length, pop, push, concat, and 28 more.
build-and-deploy	Build and Push Frontend	2026-03-30T09:15:07.6937032Z #13 6.862 src/api/generated/events/events.ts(624,66): error TS2559: Type 'string' has no properties in common with type 'AxiosRequestConfig<any>'.
build-and-deploy	Build and Push Frontend	2026-03-30T09:15:07.6938221Z #13 6.863 src/api/generated/events/events.ts(647,59): error TS2345: Argument of type 'AxiosRequestConfig<any> | undefined' is not assignable to parameter of type 'RequestInit | undefined'.
build-and-deploy	Build and Push Frontend	2026-03-30T09:15:07.6939072Z #13 6.863   Type 'AxiosRequestConfig<any>' is not assignable to type 'RequestInit'.
build-and-deploy	Build and Push Frontend	2026-03-30T09:15:07.6939523Z #13 6.863     Types of property 'headers' are incompatible.
build-and-deploy	Build and Push Frontend	2026-03-30T09:15:07.6940746Z #13 6.863       Type 'AxiosHeaders | (Partial<RawAxiosHeaders & { Accept: AxiosHeaderValue; "Content-Length": AxiosHeaderValue; "User-Agent": AxiosHeaderValue; "Content-Encoding": AxiosHeaderValue; Authorization: AxiosHeaderValue; } & { ...; }> & Partial<...>) | undefined' is not assignable to type 'HeadersInit | undefined'.
build-and-deploy	Build and Push Frontend	2026-03-30T09:15:07.6942847Z #13 6.863         Type 'Partial<RawAxiosHeaders & { Accept: AxiosHeaderValue; "Content-Length": AxiosHeaderValue; "User-Agent": AxiosHeaderValue; "Content-Encoding": AxiosHeaderValue; Authorization: AxiosHeaderValue; } & { ...; }> & Partial<...>' is not assignable to type 'HeadersInit | undefined'.
build-and-deploy	Build and Push Frontend	2026-03-30T09:15:07.6944940Z #13 6.863           Type 'Partial<RawAxiosHeaders & { Accept: AxiosHeaderValue; "Content-Length": AxiosHeaderValue; "User-Agent": AxiosHeaderValue; "Content-Encoding": AxiosHeaderValue; Authorization: AxiosHeaderValue; } & { ...; }> & Partial<...>' is missing the following properties from type '[string, string][]': length, pop, push, concat, and 28 more.
build-and-deploy	Build and Push Frontend	2026-03-30T09:15:07.6946556Z #13 6.863 src/api/generated/events/events.ts(678,69): error TS2559: Type 'string' has no properties in common with type 'AxiosRequestConfig<any>'.
build-and-deploy	Build and Push Frontend	2026-03-30T09:15:07.6947709Z #13 6.863 src/api/generated/events/events.ts(692,51): error TS2345: Argument of type 'AxiosRequestConfig<any> | undefined' is not assignable to parameter of type 'RequestInit | undefined'.
build-and-deploy	Build and Push Frontend	2026-03-30T09:15:07.6948591Z #13 6.863   Type 'AxiosRequestConfig<any>' is not assignable to type 'RequestInit'.
build-and-deploy	Build and Push Frontend	2026-03-30T09:15:07.6949039Z #13 6.863     Types of property 'headers' are incompatible.
build-and-deploy	Build and Push Frontend	2026-03-30T09:15:07.6950256Z #13 6.863       Type 'AxiosHeaders | (Partial<RawAxiosHeaders & { Accept: AxiosHeaderValue; "Content-Length": AxiosHeaderValue; "User-Agent": AxiosHeaderValue; "Content-Encoding": AxiosHeaderValue; Authorization: AxiosHeaderValue; } & { ...; }> & Partial<...>) | undefined' is not assignable to type 'HeadersInit | undefined'.
build-and-deploy	Build and Push Frontend	2026-03-30T09:15:07.6952232Z #13 6.863         Type 'Partial<RawAxiosHeaders & { Accept: AxiosHeaderValue; "Content-Length": AxiosHeaderValue; "User-Agent": AxiosHeaderValue; "Content-Encoding": AxiosHeaderValue; Authorization: AxiosHeaderValue; } & { ...; }> & Partial<...>' is not assignable to type 'HeadersInit | undefined'.
build-and-deploy	Build and Push Frontend	2026-03-30T09:15:07.6954301Z #13 6.863           Type 'Partial<RawAxiosHeaders & { Accept: AxiosHeaderValue; "Content-Length": AxiosHeaderValue; "User-Agent": AxiosHeaderValue; "Content-Encoding": AxiosHeaderValue; Authorization: AxiosHeaderValue; } & { ...; }> & Partial<...>' is missing the following properties from type '[string, string][]': length, pop, push, concat, and 28 more.
build-and-deploy	Build and Push Frontend	2026-03-30T09:15:07.6955865Z #13 6.863 src/api/generated/events/events.ts(737,71): error TS2559: Type 'string' has no properties in common with type 'AxiosRequestConfig<any>'.
build-and-deploy	Build and Push Frontend	2026-03-30T09:15:07.6956930Z #13 6.863 src/api/generated/events/events.ts(751,53): error TS2345: Argument of type 'AxiosRequestConfig<any> | undefined' is not assignable to parameter of type 'RequestInit | undefined'.
build-and-deploy	Build and Push Frontend	2026-03-30T09:15:07.6958012Z #13 6.863   Type 'AxiosRequestConfig<any>' is not assignable to type 'RequestInit'.
build-and-deploy	Build and Push Frontend	2026-03-30T09:15:07.6958704Z #13 6.863     Types of property 'headers' are incompatible.
build-and-deploy	Build and Push Frontend	2026-03-30T09:15:07.6974550Z #13 6.863       Type 'AxiosHeaders | (Partial<RawAxiosHeaders & { Accept: AxiosHeaderValue; "Content-Length": AxiosHeaderValue; "User-Agent": AxiosHeaderValue; "Content-Encoding": AxiosHeaderValue; Authorization: AxiosHeaderValue; } & { ...; }> & Partial<...>) | undefined' is not assignable to type 'HeadersInit | undefined'.
build-and-deploy	Build and Push Frontend	2026-03-30T09:15:07.6976652Z #13 6.863         Type 'Partial<RawAxiosHeaders & { Accept: AxiosHeaderValue; "Content-Length": AxiosHeaderValue; "User-Agent": AxiosHeaderValue; "Content-Encoding": AxiosHeaderValue; Authorization: AxiosHeaderValue; } & { ...; }> & Partial<...>' is not assignable to type 'HeadersInit | undefined'.
build-and-deploy	Build and Push Frontend	2026-03-30T09:15:07.6979159Z #13 6.863           Type 'Partial<RawAxiosHeaders & { Accept: AxiosHeaderValue; "Content-Length": AxiosHeaderValue; "User-Agent": AxiosHeaderValue; "Content-Encoding": AxiosHeaderValue; Authorization: AxiosHeaderValue; } & { ...; }> & Partial<...>' is missing the following properties from type '[string, string][]': length, pop, push, concat, and 28 more.
build-and-deploy	Build and Push Frontend	2026-03-30T09:15:07.6981008Z #13 6.863 src/api/generated/events/events.ts(796,71): error TS2559: Type 'string' has no properties in common with type 'AxiosRequestConfig<any>'.
build-and-deploy	Build and Push Frontend	2026-03-30T09:15:07.6982080Z #13 6.863 src/api/generated/events/events.ts(819,66): error TS2345: Argument of type 'AxiosRequestConfig<any> | undefined' is not assignable to parameter of type 'RequestInit | undefined'.
build-and-deploy	Build and Push Frontend	2026-03-30T09:15:07.6982957Z #13 6.863   Type 'AxiosRequestConfig<any>' is not assignable to type 'RequestInit'.
build-and-deploy	Build and Push Frontend	2026-03-30T09:15:07.6983434Z #13 6.863     Types of property 'headers' are incompatible.
build-and-deploy	Build and Push Frontend	2026-03-30T09:15:07.6985383Z #13 6.863       Type 'AxiosHeaders | (Partial<RawAxiosHeaders & { Accept: AxiosHeaderValue; "Content-Length": AxiosHeaderValue; "User-Agent": AxiosHeaderValue; "Content-Encoding": AxiosHeaderValue; Authorization: AxiosHeaderValue; } & { ...; }> & Partial<...>) | undefined' is not assignable to type 'HeadersInit | undefined'.
build-and-deploy	Build and Push Frontend	2026-03-30T09:15:07.6987421Z #13 6.863         Type 'Partial<RawAxiosHeaders & { Accept: AxiosHeaderValue; "Content-Length": AxiosHeaderValue; "User-Agent": AxiosHeaderValue; "Content-Encoding": AxiosHeaderValue; Authorization: AxiosHeaderValue; } & { ...; }> & Partial<...>' is not assignable to type 'HeadersInit | undefined'.
build-and-deploy	Build and Push Frontend	2026-03-30T09:15:07.6989795Z #13 6.863           Type 'Partial<RawAxiosHeaders & { Accept: AxiosHeaderValue; "Content-Length": AxiosHeaderValue; "User-Agent": AxiosHeaderValue; "Content-Encoding": AxiosHeaderValue; Authorization: AxiosHeaderValue; } & { ...; }> & Partial<...>' is missing the following properties from type '[string, string][]': length, pop, push, concat, and 28 more.
build-and-deploy	Build and Push Frontend	2026-03-30T09:15:07.6995518Z #13 6.863 src/api/generated/exports/exports.ts(51,66): error TS2559: Type 'string' has no properties in common with type 'AxiosRequestConfig<any>'.
build-and-deploy	Build and Push Frontend	2026-03-30T09:15:07.6997916Z #13 6.863 src/api/generated/exports/exports.ts(74,64): error TS2345: Argument of type 'AxiosRequestConfig<any> | undefined' is not assignable to parameter of type 'RequestInit | undefined'.
build-and-deploy	Build and Push Frontend	2026-03-30T09:15:07.6999638Z #13 6.863   Type 'AxiosRequestConfig<any>' is not assignable to type 'RequestInit'.
build-and-deploy	Build and Push Frontend	2026-03-30T09:15:07.7000508Z #13 6.863     Types of property 'headers' are incompatible.
build-and-deploy	Build and Push Frontend	2026-03-30T09:15:07.7002825Z #13 6.863       Type 'AxiosHeaders | (Partial<RawAxiosHeaders & { Accept: AxiosHeaderValue; "Content-Length": AxiosHeaderValue; "User-Agent": AxiosHeaderValue; "Content-Encoding": AxiosHeaderValue; Authorization: AxiosHeaderValue; } & { ...; }> & Partial<...>) | undefined' is not assignable to type 'HeadersInit | undefined'.
build-and-deploy	Build and Push Frontend	2026-03-30T09:15:07.7005283Z #13 6.863         Type 'Partial<RawAxiosHeaders & { Accept: AxiosHeaderValue; "Content-Length": AxiosHeaderValue; "User-Agent": AxiosHeaderValue; "Content-Encoding": AxiosHeaderValue; Authorization: AxiosHeaderValue; } & { ...; }> & Partial<...>' is not assignable to type 'HeadersInit | undefined'.
build-and-deploy	Build and Push Frontend	2026-03-30T09:15:07.7007947Z #13 6.863           Type 'Partial<RawAxiosHeaders & { Accept: AxiosHeaderValue; "Content-Length": AxiosHeaderValue; "User-Agent": AxiosHeaderValue; "Content-Encoding": AxiosHeaderValue; Authorization: AxiosHeaderValue; } & { ...; }> & Partial<...>' is missing the following properties from type '[string, string][]': length, pop, push, concat, and 28 more.
build-and-deploy	Build and Push Frontend	2026-03-30T09:15:07.7009561Z #13 6.863 src/api/generated/exports/exports.ts(105,66): error TS2559: Type 'string' has no properties in common with type 'AxiosRequestConfig<any>'.
build-and-deploy	Build and Push Frontend	2026-03-30T09:15:07.7010642Z #13 6.863 src/api/generated/exports/exports.ts(119,53): error TS2345: Argument of type 'AxiosRequestConfig<any> | undefined' is not assignable to parameter of type 'RequestInit | undefined'.
build-and-deploy	Build and Push Frontend	2026-03-30T09:15:07.7011512Z #13 6.863   Type 'AxiosRequestConfig<any>' is not assignable to type 'RequestInit'.
build-and-deploy	Build and Push Frontend	2026-03-30T09:15:07.7011991Z #13 6.863     Types of property 'headers' are incompatible.
build-and-deploy	Build and Push Frontend	2026-03-30T09:15:07.7013259Z #13 6.863       Type 'AxiosHeaders | (Partial<RawAxiosHeaders & { Accept: AxiosHeaderValue; "Content-Length": AxiosHeaderValue; "User-Agent": AxiosHeaderValue; "Content-Encoding": AxiosHeaderValue; Authorization: AxiosHeaderValue; } & { ...; }> & Partial<...>) | undefined' is not assignable to type 'HeadersInit | undefined'.
build-and-deploy	Build and Push Frontend	2026-03-30T09:15:07.7015396Z #13 6.863         Type 'Partial<RawAxiosHeaders & { Accept: AxiosHeaderValue; "Content-Length": AxiosHeaderValue; "User-Agent": AxiosHeaderValue; "Content-Encoding": AxiosHeaderValue; Authorization: AxiosHeaderValue; } & { ...; }> & Partial<...>' is not assignable to type 'HeadersInit | undefined'.
build-and-deploy	Build and Push Frontend	2026-03-30T09:15:07.7017857Z #13 6.863           Type 'Partial<RawAxiosHeaders & { Accept: AxiosHeaderValue; "Content-Length": AxiosHeaderValue; "User-Agent": AxiosHeaderValue; "Content-Encoding": AxiosHeaderValue; Authorization: AxiosHeaderValue; } & { ...; }> & Partial<...>' is missing the following properties from type '[string, string][]': length, pop, push, concat, and 28 more.
build-and-deploy	Build and Push Frontend	2026-03-30T09:15:07.7019519Z #13 6.863 src/api/generated/halls/halls.ts(59,56): error TS2559: Type 'string' has no properties in common with type 'AxiosRequestConfig<any>'.
build-and-deploy	Build and Push Frontend	2026-03-30T09:15:07.7020572Z #13 6.863 src/api/generated/halls/halls.ts(74,39): error TS2345: Argument of type 'AxiosRequestConfig<any> | undefined' is not assignable to parameter of type 'RequestInit | undefined'.
build-and-deploy	Build and Push Frontend	2026-03-30T09:15:07.7021441Z #13 6.863   Type 'AxiosRequestConfig<any>' is not assignable to type 'RequestInit'.
build-and-deploy	Build and Push Frontend	2026-03-30T09:15:07.7021917Z #13 6.863     Types of property 'headers' are incompatible.
build-and-deploy	Build and Push Frontend	2026-03-30T09:15:07.7023200Z #13 6.863       Type 'AxiosHeaders | (Partial<RawAxiosHeaders & { Accept: AxiosHeaderValue; "Content-Length": AxiosHeaderValue; "User-Agent": AxiosHeaderValue; "Content-Encoding": AxiosHeaderValue; Authorization: AxiosHeaderValue; } & { ...; }> & Partial<...>) | undefined' is not assignable to type 'HeadersInit | undefined'.
build-and-deploy	Build and Push Frontend	2026-03-30T09:15:07.7025221Z #13 6.863         Type 'Partial<RawAxiosHeaders & { Accept: AxiosHeaderValue; "Content-Length": AxiosHeaderValue; "User-Agent": AxiosHeaderValue; "Content-Encoding": AxiosHeaderValue; Authorization: AxiosHeaderValue; } & { ...; }> & Partial<...>' is not assignable to type 'HeadersInit | undefined'.
build-and-deploy	Build and Push Frontend	2026-03-30T09:15:07.7027311Z #13 6.863           Type 'Partial<RawAxiosHeaders & { Accept: AxiosHeaderValue; "Content-Length": AxiosHeaderValue; "User-Agent": AxiosHeaderValue; "Content-Encoding": AxiosHeaderValue; Authorization: AxiosHeaderValue; } & { ...; }> & Partial<...>' is missing the following properties from type '[string, string][]': length, pop, push, concat, and 28 more.
build-and-deploy	Build and Push Frontend	2026-03-30T09:15:07.7029134Z #13 6.863 src/api/generated/halls/halls.ts(125,57): error TS2559: Type 'string' has no properties in common with type 'AxiosRequestConfig<any>'.
build-and-deploy	Build and Push Frontend	2026-03-30T09:15:07.7030226Z #13 6.863 src/api/generated/halls/halls.ts(151,46): error TS2345: Argument of type 'AxiosRequestConfig<any> | undefined' is not assignable to parameter of type 'RequestInit | undefined'.
build-and-deploy	Build and Push Frontend	2026-03-30T09:15:07.7031243Z #13 6.863   Type 'AxiosRequestConfig<any>' is not assignable to type 'RequestInit'.
build-and-deploy	Build and Push Frontend	2026-03-30T09:15:07.7031718Z #13 6.863     Types of property 'headers' are incompatible.
build-and-deploy	Build and Push Frontend	2026-03-30T09:15:07.7032936Z #13 6.863       Type 'AxiosHeaders | (Partial<RawAxiosHeaders & { Accept: AxiosHeaderValue; "Content-Length": AxiosHeaderValue; "User-Agent": AxiosHeaderValue; "Content-Encoding": AxiosHeaderValue; Authorization: AxiosHeaderValue; } & { ...; }> & Partial<...>) | undefined' is not assignable to type 'HeadersInit | undefined'.
build-and-deploy	Build and Push Frontend	2026-03-30T09:15:07.7034969Z #13 6.863         Type 'Partial<RawAxiosHeaders & { Accept: AxiosHeaderValue; "Content-Length": AxiosHeaderValue; "User-Agent": AxiosHeaderValue; "Content-Encoding": AxiosHeaderValue; Authorization: AxiosHeaderValue; } & { ...; }> & Partial<...>' is not assignable to type 'HeadersInit | undefined'.
build-and-deploy	Build and Push Frontend	2026-03-30T09:15:07.7038187Z #13 6.863           Type 'Partial<RawAxiosHeaders & { Accept: AxiosHeaderValue; "Content-Length": AxiosHeaderValue; "User-Agent": AxiosHeaderValue; "Content-Encoding": AxiosHeaderValue; Authorization: AxiosHeaderValue; } & { ...; }> & Partial<...>' is missing the following properties from type '[string, string][]': length, pop, push, concat, and 28 more.
build-and-deploy	Build and Push Frontend	2026-03-30T09:15:07.7040051Z #13 6.863 src/api/generated/halls/halls.ts(185,57): error TS2559: Type 'string' has no properties in common with type 'AxiosRequestConfig<any>'.
build-and-deploy	Build and Push Frontend	2026-03-30T09:15:07.7041240Z #13 6.863 src/api/generated/halls/halls.ts(211,50): error TS2345: Argument of type 'AxiosRequestConfig<any> | undefined' is not assignable to parameter of type 'RequestInit | undefined'.
build-and-deploy	Build and Push Frontend	2026-03-30T09:15:07.7042152Z #13 6.863   Type 'AxiosRequestConfig<any>' is not assignable to type 'RequestInit'.
build-and-deploy	Build and Push Frontend	2026-03-30T09:15:07.7042622Z #13 6.863     Types of property 'headers' are incompatible.
build-and-deploy	Build and Push Frontend	2026-03-30T09:15:07.7043969Z #13 6.863       Type 'AxiosHeaders | (Partial<RawAxiosHeaders & { Accept: AxiosHeaderValue; "Content-Length": AxiosHeaderValue; "User-Agent": AxiosHeaderValue; "Content-Encoding": AxiosHeaderValue; Authorization: AxiosHeaderValue; } & { ...; }> & Partial<...>) | undefined' is not assignable to type 'HeadersInit | undefined'.
build-and-deploy	Build and Push Frontend	2026-03-30T09:15:07.7046213Z #13 6.863         Type 'Partial<RawAxiosHeaders & { Accept: AxiosHeaderValue; "Content-Length": AxiosHeaderValue; "User-Agent": AxiosHeaderValue; "Content-Encoding": AxiosHeaderValue; Authorization: AxiosHeaderValue; } & { ...; }> & Partial<...>' is not assignable to type 'HeadersInit | undefined'.
build-and-deploy	Build and Push Frontend	2026-03-30T09:15:07.7048867Z #13 6.863           Type 'Partial<RawAxiosHeaders & { Accept: AxiosHeaderValue; "Content-Length": AxiosHeaderValue; "User-Agent": AxiosHeaderValue; "Content-Encoding": AxiosHeaderValue; Authorization: AxiosHeaderValue; } & { ...; }> & Partial<...>' is missing the following properties from type '[string, string][]': length, pop, push, concat, and 28 more.
build-and-deploy	Build and Push Frontend	2026-03-30T09:15:07.7050675Z #13 6.863 src/api/generated/halls/halls.ts(246,56): error TS2559: Type 'string' has no properties in common with type 'AxiosRequestConfig<any>'.
build-and-deploy	Build and Push Frontend	2026-03-30T09:15:07.7051926Z #13 6.863 src/api/generated/halls/halls.ts(261,43): error TS2345: Argument of type 'AxiosRequestConfig<any> | undefined' is not assignable to parameter of type 'RequestInit | undefined'.
build-and-deploy	Build and Push Frontend	2026-03-30T09:15:07.7052843Z #13 6.863   Type 'AxiosRequestConfig<any>' is not assignable to type 'RequestInit'.
build-and-deploy	Build and Push Frontend	2026-03-30T09:15:07.7053347Z #13 6.863     Types of property 'headers' are incompatible.
build-and-deploy	Build and Push Frontend	2026-03-30T09:15:07.7054812Z #13 6.863       Type 'AxiosHeaders | (Partial<RawAxiosHeaders & { Accept: AxiosHeaderValue; "Content-Length": AxiosHeaderValue; "User-Agent": AxiosHeaderValue; "Content-Encoding": AxiosHeaderValue; Authorization: AxiosHeaderValue; } & { ...; }> & Partial<...>) | undefined' is not assignable to type 'HeadersInit | undefined'.
build-and-deploy	Build and Push Frontend	2026-03-30T09:15:07.7056813Z #13 6.863         Type 'Partial<RawAxiosHeaders & { Accept: AxiosHeaderValue; "Content-Length": AxiosHeaderValue; "User-Agent": AxiosHeaderValue; "Content-Encoding": AxiosHeaderValue; Authorization: AxiosHeaderValue; } & { ...; }> & Partial<...>' is not assignable to type 'HeadersInit | undefined'.
build-and-deploy	Build and Push Frontend	2026-03-30T09:15:07.7059464Z #13 6.863           Type 'Partial<RawAxiosHeaders & { Accept: AxiosHeaderValue; "Content-Length": AxiosHeaderValue; "User-Agent": AxiosHeaderValue; "Content-Encoding": AxiosHeaderValue; Authorization: AxiosHeaderValue; } & { ...; }> & Partial<...>' is missing the following properties from type '[string, string][]': length, pop, push, concat, and 28 more.
build-and-deploy	Build and Push Frontend	2026-03-30T09:15:07.7061061Z #13 6.863 src/api/generated/halls/halls.ts(312,56): error TS2559: Type 'string' has no properties in common with type 'AxiosRequestConfig<any>'.
build-and-deploy	Build and Push Frontend	2026-03-30T09:15:07.7062103Z #13 6.863 src/api/generated/halls/halls.ts(326,38): error TS2345: Argument of type 'AxiosRequestConfig<any> | undefined' is not assignable to parameter of type 'RequestInit | undefined'.
build-and-deploy	Build and Push Frontend	2026-03-30T09:15:07.7062958Z #13 6.863   Type 'AxiosRequestConfig<any>' is not assignable to type 'RequestInit'.
build-and-deploy	Build and Push Frontend	2026-03-30T09:15:07.7063563Z #13 6.863     Types of property 'headers' are incompatible.
build-and-deploy	Build and Push Frontend	2026-03-30T09:15:07.7064789Z #13 6.863       Type 'AxiosHeaders | (Partial<RawAxiosHeaders & { Accept: AxiosHeaderValue; "Content-Length": AxiosHeaderValue; "User-Agent": AxiosHeaderValue; "Content-Encoding": AxiosHeaderValue; Authorization: AxiosHeaderValue; } & { ...; }> & Partial<...>) | undefined' is not assignable to type 'HeadersInit | undefined'.
build-and-deploy	Build and Push Frontend	2026-03-30T09:15:07.7066761Z #13 6.863         Type 'Partial<RawAxiosHeaders & { Accept: AxiosHeaderValue; "Content-Length": AxiosHeaderValue; "User-Agent": AxiosHeaderValue; "Content-Encoding": AxiosHeaderValue; Authorization: AxiosHeaderValue; } & { ...; }> & Partial<...>' is not assignable to type 'HeadersInit | undefined'.
build-and-deploy	Build and Push Frontend	2026-03-30T09:15:07.7069128Z #13 6.863           Type 'Partial<RawAxiosHeaders & { Accept: AxiosHeaderValue; "Content-Length": AxiosHeaderValue; "User-Agent": AxiosHeaderValue; "Content-Encoding": AxiosHeaderValue; Authorization: AxiosHeaderValue; } & { ...; }> & Partial<...>' is missing the following properties from type '[string, string][]': length, pop, push, concat, and 28 more.
build-and-deploy	Build and Push Frontend	2026-03-30T09:15:07.7070722Z #13 6.863 src/api/generated/health/health.ts(57,56): error TS2559: Type 'string' has no properties in common with type 'AxiosRequestConfig<any>'.
build-and-deploy	Build and Push Frontend	2026-03-30T09:15:07.7071769Z #13 6.863 src/api/generated/health/health.ts(80,45): error TS2345: Argument of type 'AxiosRequestConfig<any> | undefined' is not assignable to parameter of type 'RequestInit | undefined'.
build-and-deploy	Build and Push Frontend	2026-03-30T09:15:07.7072624Z #13 6.863   Type 'AxiosRequestConfig<any>' is not assignable to type 'RequestInit'.
build-and-deploy	Build and Push Frontend	2026-03-30T09:15:07.7073086Z #13 6.863     Types of property 'headers' are incompatible.
build-and-deploy	Build and Push Frontend	2026-03-30T09:15:07.7074305Z #13 6.863       Type 'AxiosHeaders | (Partial<RawAxiosHeaders & { Accept: AxiosHeaderValue; "Content-Length": AxiosHeaderValue; "User-Agent": AxiosHeaderValue; "Content-Encoding": AxiosHeaderValue; Authorization: AxiosHeaderValue; } & { ...; }> & Partial<...>) | undefined' is not assignable to type 'HeadersInit | undefined'.
build-and-deploy	Build and Push Frontend	2026-03-30T09:15:07.7076299Z #13 6.863         Type 'Partial<RawAxiosHeaders & { Accept: AxiosHeaderValue; "Content-Length": AxiosHeaderValue; "User-Agent": AxiosHeaderValue; "Content-Encoding": AxiosHeaderValue; Authorization: AxiosHeaderValue; } & { ...; }> & Partial<...>' is not assignable to type 'HeadersInit | undefined'.
build-and-deploy	Build and Push Frontend	2026-03-30T09:15:07.7078609Z #13 6.863           Type 'Partial<RawAxiosHeaders & { Accept: AxiosHeaderValue; "Content-Length": AxiosHeaderValue; "User-Agent": AxiosHeaderValue; "Content-Encoding": AxiosHeaderValue; Authorization: AxiosHeaderValue; } & { ...; }> & Partial<...>' is missing the following properties from type '[string, string][]': length, pop, push, concat, and 28 more.
build-and-deploy	Build and Push Frontend	2026-03-30T09:15:07.7080300Z #13 6.863 src/api/generated/market-segments/market-segments.ts(55,66): error TS2559: Type 'string' has no properties in common with type 'AxiosRequestConfig<any>'.
build-and-deploy	Build and Push Frontend	2026-03-30T09:15:07.7081637Z #13 6.863 src/api/generated/market-segments/market-segments.ts(78,55): error TS2345: Argument of type 'AxiosRequestConfig<any> | undefined' is not assignable to parameter of type 'RequestInit | undefined'.
build-and-deploy	Build and Push Frontend	2026-03-30T09:15:07.7082573Z #13 6.863   Type 'AxiosRequestConfig<any>' is not assignable to type 'RequestInit'.
build-and-deploy	Build and Push Frontend	2026-03-30T09:15:07.7083034Z #13 6.863     Types of property 'headers' are incompatible.
build-and-deploy	Build and Push Frontend	2026-03-30T09:15:07.7084265Z #13 6.863       Type 'AxiosHeaders | (Partial<RawAxiosHeaders & { Accept: AxiosHeaderValue; "Content-Length": AxiosHeaderValue; "User-Agent": AxiosHeaderValue; "Content-Encoding": AxiosHeaderValue; Authorization: AxiosHeaderValue; } & { ...; }> & Partial<...>) | undefined' is not assignable to type 'HeadersInit | undefined'.
build-and-deploy	Build and Push Frontend	2026-03-30T09:15:07.7086241Z #13 6.863         Type 'Partial<RawAxiosHeaders & { Accept: AxiosHeaderValue; "Content-Length": AxiosHeaderValue; "User-Agent": AxiosHeaderValue; "Content-Encoding": AxiosHeaderValue; Authorization: AxiosHeaderValue; } & { ...; }> & Partial<...>' is not assignable to type 'HeadersInit | undefined'.
build-and-deploy	Build and Push Frontend	2026-03-30T09:15:07.7088629Z #13 6.863           Type 'Partial<RawAxiosHeaders & { Accept: AxiosHeaderValue; "Content-Length": AxiosHeaderValue; "User-Agent": AxiosHeaderValue; "Content-Encoding": AxiosHeaderValue; Authorization: AxiosHeaderValue; } & { ...; }> & Partial<...>' is missing the following properties from type '[string, string][]': length, pop, push, concat, and 28 more.
build-and-deploy	Build and Push Frontend	2026-03-30T09:15:07.7090290Z #13 6.863 src/api/generated/market-segments/market-segments.ts(109,66): error TS2559: Type 'string' has no properties in common with type 'AxiosRequestConfig<any>'.
build-and-deploy	Build and Push Frontend	2026-03-30T09:15:07.7091518Z #13 6.863 src/api/generated/market-segments/market-segments.ts(132,55): error TS2345: Argument of type 'AxiosRequestConfig<any> | undefined' is not assignable to parameter of type 'RequestInit | undefined'.
build-and-deploy	Build and Push Frontend	2026-03-30T09:15:07.7092446Z #13 6.863   Type 'AxiosRequestConfig<any>' is not assignable to type 'RequestInit'.
build-and-deploy	Build and Push Frontend	2026-03-30T09:15:07.7092909Z #13 6.863     Types of property 'headers' are incompatible.
build-and-deploy	Build and Push Frontend	2026-03-30T09:15:07.7094202Z #13 6.863       Type 'AxiosHeaders | (Partial<RawAxiosHeaders & { Accept: AxiosHeaderValue; "Content-Length": AxiosHeaderValue; "User-Agent": AxiosHeaderValue; "Content-Encoding": AxiosHeaderValue; Authorization: AxiosHeaderValue; } & { ...; }> & Partial<...>) | undefined' is not assignable to type 'HeadersInit | undefined'.
build-and-deploy	Build and Push Frontend	2026-03-30T09:15:07.7097733Z #13 6.863         Type 'Partial<RawAxiosHeaders & { Accept: AxiosHeaderValue; "Content-Length": AxiosHeaderValue; "User-Agent": AxiosHeaderValue; "Content-Encoding": AxiosHeaderValue; Authorization: AxiosHeaderValue; } & { ...; }> & Partial<...>' is not assignable to type 'HeadersInit | undefined'.
build-and-deploy	Build and Push Frontend	2026-03-30T09:15:07.7100277Z #13 6.863           Type 'Partial<RawAxiosHeaders & { Accept: AxiosHeaderValue; "Content-Length": AxiosHeaderValue; "User-Agent": AxiosHeaderValue; "Content-Encoding": AxiosHeaderValue; Authorization: AxiosHeaderValue; } & { ...; }> & Partial<...>' is missing the following properties from type '[string, string][]': length, pop, push, concat, and 28 more.
build-and-deploy	Build and Push Frontend	2026-03-30T09:15:07.7102023Z #13 6.863 src/api/generated/market-segments/market-segments.ts(163,65): error TS2559: Type 'string' has no properties in common with type 'AxiosRequestConfig<any>'.
build-and-deploy	Build and Push Frontend	2026-03-30T09:15:07.7103233Z #13 6.863 src/api/generated/market-segments/market-segments.ts(177,43): error TS2345: Argument of type 'AxiosRequestConfig<any> | undefined' is not assignable to parameter of type 'RequestInit | undefined'.
build-and-deploy	Build and Push Frontend	2026-03-30T09:15:07.7104608Z #13 6.863   Type 'AxiosRequestConfig<any>' is not assignable to type 'RequestInit'.
build-and-deploy	Build and Push Frontend	2026-03-30T09:15:07.7105282Z #13 6.863     Types of property 'headers' are incompatible.
build-and-deploy	Build and Push Frontend	2026-03-30T09:15:07.7106866Z #13 6.863       Type 'AxiosHeaders | (Partial<RawAxiosHeaders & { Accept: AxiosHeaderValue; "Content-Length": AxiosHeaderValue; "User-Agent": AxiosHeaderValue; "Content-Encoding": AxiosHeaderValue; Authorization: AxiosHeaderValue; } & { ...; }> & Partial<...>) | undefined' is not assignable to type 'HeadersInit | undefined'.
build-and-deploy	Build and Push Frontend	2026-03-30T09:15:07.7110828Z #13 6.863         Type 'Partial<RawAxiosHeaders & { Accept: AxiosHeaderValue; "Content-Length": AxiosHeaderValue; "User-Agent": AxiosHeaderValue; "Content-Encoding": AxiosHeaderValue; Authorization: AxiosHeaderValue; } & { ...; }> & Partial<...>' is not assignable to type 'HeadersInit | undefined'.
build-and-deploy	Build and Push Frontend	2026-03-30T09:15:07.7113811Z #13 6.863           Type 'Partial<RawAxiosHeaders & { Accept: AxiosHeaderValue; "Content-Length": AxiosHeaderValue; "User-Agent": AxiosHeaderValue; "Content-Encoding": AxiosHeaderValue; Authorization: AxiosHeaderValue; } & { ...; }> & Partial<...>' is missing the following properties from type '[string, string][]': length, pop, push, concat, and 28 more.
build-and-deploy	Build and Push Frontend	2026-03-30T09:15:07.7115778Z #13 6.863 src/api/generated/market-segments/market-segments.ts(222,65): error TS2559: Type 'string' has no properties in common with type 'AxiosRequestConfig<any>'.
build-and-deploy	Build and Push Frontend	2026-03-30T09:15:07.7117001Z #13 6.863 src/api/generated/market-segments/market-segments.ts(236,47): error TS2345: Argument of type 'AxiosRequestConfig<any> | undefined' is not assignable to parameter of type 'RequestInit | undefined'.
build-and-deploy	Build and Push Frontend	2026-03-30T09:15:07.7118440Z #13 6.863   Type 'AxiosRequestConfig<any>' is not assignable to type 'RequestInit'.
build-and-deploy	Build and Push Frontend	2026-03-30T09:15:07.7119067Z #13 6.863     Types of property 'headers' are incompatible.
build-and-deploy	Build and Push Frontend	2026-03-30T09:15:07.7120315Z #13 6.863       Type 'AxiosHeaders | (Partial<RawAxiosHeaders & { Accept: AxiosHeaderValue; "Content-Length": AxiosHeaderValue; "User-Agent": AxiosHeaderValue; "Content-Encoding": AxiosHeaderValue; Authorization: AxiosHeaderValue; } & { ...; }> & Partial<...>) | undefined' is not assignable to type 'HeadersInit | undefined'.
build-and-deploy	Build and Push Frontend	2026-03-30T09:15:07.7122305Z #13 6.863         Type 'Partial<RawAxiosHeaders & { Accept: AxiosHeaderValue; "Content-Length": AxiosHeaderValue; "User-Agent": AxiosHeaderValue; "Content-Encoding": AxiosHeaderValue; Authorization: AxiosHeaderValue; } & { ...; }> & Partial<...>' is not assignable to type 'HeadersInit | undefined'.
build-and-deploy	Build and Push Frontend	2026-03-30T09:15:07.7124387Z #13 6.863           Type 'Partial<RawAxiosHeaders & { Accept: AxiosHeaderValue; "Content-Length": AxiosHeaderValue; "User-Agent": AxiosHeaderValue; "Content-Encoding": AxiosHeaderValue; Authorization: AxiosHeaderValue; } & { ...; }> & Partial<...>' is missing the following properties from type '[string, string][]': length, pop, push, concat, and 28 more.
build-and-deploy	Build and Push Frontend	2026-03-30T09:15:07.7126039Z #13 6.863 src/api/generated/market-segments/market-segments.ts(281,65): error TS2559: Type 'string' has no properties in common with type 'AxiosRequestConfig<any>'.
build-and-deploy	Build and Push Frontend	2026-03-30T09:15:07.7127243Z #13 6.863 src/api/generated/market-segments/market-segments.ts(295,47): error TS2345: Argument of type 'AxiosRequestConfig<any> | undefined' is not assignable to parameter of type 'RequestInit | undefined'.
build-and-deploy	Build and Push Frontend	2026-03-30T09:15:07.7128386Z #13 6.863   Type 'AxiosRequestConfig<any>' is not assignable to type 'RequestInit'.
build-and-deploy	Build and Push Frontend	2026-03-30T09:15:07.7128856Z #13 6.863     Types of property 'headers' are incompatible.
build-and-deploy	Build and Push Frontend	2026-03-30T09:15:07.7130085Z #13 6.863       Type 'AxiosHeaders | (Partial<RawAxiosHeaders & { Accept: AxiosHeaderValue; "Content-Length": AxiosHeaderValue; "User-Agent": AxiosHeaderValue; "Content-Encoding": AxiosHeaderValue; Authorization: AxiosHeaderValue; } & { ...; }> & Partial<...>) | undefined' is not assignable to type 'HeadersInit | undefined'.
build-and-deploy	Build and Push Frontend	2026-03-30T09:15:07.7132068Z #13 6.863         Type 'Partial<RawAxiosHeaders & { Accept: AxiosHeaderValue; "Content-Length": AxiosHeaderValue; "User-Agent": AxiosHeaderValue; "Content-Encoding": AxiosHeaderValue; Authorization: AxiosHeaderValue; } & { ...; }> & Partial<...>' is not assignable to type 'HeadersInit | undefined'.
build-and-deploy	Build and Push Frontend	2026-03-30T09:15:07.7134132Z #13 6.863           Type 'Partial<RawAxiosHeaders & { Accept: AxiosHeaderValue; "Content-Length": AxiosHeaderValue; "User-Agent": AxiosHeaderValue; "Content-Encoding": AxiosHeaderValue; Authorization: AxiosHeaderValue; } & { ...; }> & Partial<...>' is missing the following properties from type '[string, string][]': length, pop, push, concat, and 28 more.
build-and-deploy	Build and Push Frontend	2026-03-30T09:15:07.7135942Z #13 6.863 src/api/generated/market-segments/market-segments.ts(340,63): error TS2559: Type 'string' has no properties in common with type 'AxiosRequestConfig<any>'.
build-and-deploy	Build and Push Frontend	2026-03-30T09:15:07.7137678Z #13 6.863 src/api/generated/market-segments/market-segments.ts(354,41): error TS2345: Argument of type 'AxiosRequestConfig<any> | undefined' is not assignable to parameter of type 'RequestInit | undefined'.
build-and-deploy	Build and Push Frontend	2026-03-30T09:15:07.7139484Z #13 6.863   Type 'AxiosRequestConfig<any>' is not assignable to type 'RequestInit'.
build-and-deploy	Build and Push Frontend	2026-03-30T09:15:07.7139993Z #13 6.863     Types of property 'headers' are incompatible.
build-and-deploy	Build and Push Frontend	2026-03-30T09:15:07.7141252Z #13 6.863       Type 'AxiosHeaders | (Partial<RawAxiosHeaders & { Accept: AxiosHeaderValue; "Content-Length": AxiosHeaderValue; "User-Agent": AxiosHeaderValue; "Content-Encoding": AxiosHeaderValue; Authorization: AxiosHeaderValue; } & { ...; }> & Partial<...>) | undefined' is not assignable to type 'HeadersInit | undefined'.
build-and-deploy	Build and Push Frontend	2026-03-30T09:15:07.7143897Z #13 6.863         Type 'Partial<RawAxiosHeaders & { Accept: AxiosHeaderValue; "Content-Length": AxiosHeaderValue; "User-Agent": AxiosHeaderValue; "Content-Encoding": AxiosHeaderValue; Authorization: AxiosHeaderValue; } & { ...; }> & Partial<...>' is not assignable to type 'HeadersInit | undefined'.
build-and-deploy	Build and Push Frontend	2026-03-30T09:15:07.7146387Z #13 6.863           Type 'Partial<RawAxiosHeaders & { Accept: AxiosHeaderValue; "Content-Length": AxiosHeaderValue; "User-Agent": AxiosHeaderValue; "Content-Encoding": AxiosHeaderValue; Authorization: AxiosHeaderValue; } & { ...; }> & Partial<...>' is missing the following properties from type '[string, string][]': length, pop, push, concat, and 28 more.
build-and-deploy	Build and Push Frontend	2026-03-30T09:15:07.7148779Z #13 6.863 src/api/generated/prometheus/prometheus.ts(45,60): error TS2559: Type 'string' has no properties in common with type 'AxiosRequestConfig<any>'.
build-and-deploy	Build and Push Frontend	2026-03-30T09:15:07.7150093Z #13 6.863 src/api/generated/prometheus/prometheus.ts(68,49): error TS2345: Argument of type 'AxiosRequestConfig<any> | undefined' is not assignable to parameter of type 'RequestInit | undefined'.
build-and-deploy	Build and Push Frontend	2026-03-30T09:15:07.7151163Z #13 6.863   Type 'AxiosRequestConfig<any>' is not assignable to type 'RequestInit'.
build-and-deploy	Build and Push Frontend	2026-03-30T09:15:07.7151643Z #13 6.863     Types of property 'headers' are incompatible.
build-and-deploy	Build and Push Frontend	2026-03-30T09:15:07.7153032Z #13 6.863       Type 'AxiosHeaders | (Partial<RawAxiosHeaders & { Accept: AxiosHeaderValue; "Content-Length": AxiosHeaderValue; "User-Agent": AxiosHeaderValue; "Content-Encoding": AxiosHeaderValue; Authorization: AxiosHeaderValue; } & { ...; }> & Partial<...>) | undefined' is not assignable to type 'HeadersInit | undefined'.
build-and-deploy	Build and Push Frontend	2026-03-30T09:15:07.7155323Z #13 6.863         Type 'Partial<RawAxiosHeaders & { Accept: AxiosHeaderValue; "Content-Length": AxiosHeaderValue; "User-Agent": AxiosHeaderValue; "Content-Encoding": AxiosHeaderValue; Authorization: AxiosHeaderValue; } & { ...; }> & Partial<...>' is not assignable to type 'HeadersInit | undefined'.
build-and-deploy	Build and Push Frontend	2026-03-30T09:15:07.7157997Z #13 6.863           Type 'Partial<RawAxiosHeaders & { Accept: AxiosHeaderValue; "Content-Length": AxiosHeaderValue; "User-Agent": AxiosHeaderValue; "Content-Encoding": AxiosHeaderValue; Authorization: AxiosHeaderValue; } & { ...; }> & Partial<...>' is missing the following properties from type '[string, string][]': length, pop, push, concat, and 28 more.
build-and-deploy	Build and Push Frontend	2026-03-30T09:15:07.7159869Z #13 6.863 src/api/generated/public-events/public-events.ts(51,71): error TS2559: Type 'string' has no properties in common with type 'AxiosRequestConfig<any>'.
build-and-deploy	Build and Push Frontend	2026-03-30T09:15:07.7161244Z #13 6.863 src/api/generated/public-events/public-events.ts(74,64): error TS2345: Argument of type 'AxiosRequestConfig<any> | undefined' is not assignable to parameter of type 'RequestInit | undefined'.
build-and-deploy	Build and Push Frontend	2026-03-30T09:15:07.7162389Z #13 6.863   Type 'AxiosRequestConfig<any>' is not assignable to type 'RequestInit'.
build-and-deploy	Build and Push Frontend	2026-03-30T09:15:07.7162996Z #13 6.863     Types of property 'headers' are incompatible.
build-and-deploy	Build and Push Frontend	2026-03-30T09:15:07.7164775Z #13 6.863       Type 'AxiosHeaders | (Partial<RawAxiosHeaders & { Accept: AxiosHeaderValue; "Content-Length": AxiosHeaderValue; "User-Agent": AxiosHeaderValue; "Content-Encoding": AxiosHeaderValue; Authorization: AxiosHeaderValue; } & { ...; }> & Partial<...>) | undefined' is not assignable to type 'HeadersInit | undefined'.
build-and-deploy	Build and Push Frontend	2026-03-30T09:15:07.7166843Z #13 6.863         Type 'Partial<RawAxiosHeaders & { Accept: AxiosHeaderValue; "Content-Length": AxiosHeaderValue; "User-Agent": AxiosHeaderValue; "Content-Encoding": AxiosHeaderValue; Authorization: AxiosHeaderValue; } & { ...; }> & Partial<...>' is not assignable to type 'HeadersInit | undefined'.
build-and-deploy	Build and Push Frontend	2026-03-30T09:15:07.7169144Z #13 6.863           Type 'Partial<RawAxiosHeaders & { Accept: AxiosHeaderValue; "Content-Length": AxiosHeaderValue; "User-Agent": AxiosHeaderValue; "Content-Encoding": AxiosHeaderValue; Authorization: AxiosHeaderValue; } & { ...; }> & Partial<...>' is missing the following properties from type '[string, string][]': length, pop, push, concat, and 28 more.
build-and-deploy	Build and Push Frontend	2026-03-30T09:15:07.7171248Z #13 6.863 src/api/generated/public-events/public-events.ts(105,68): error TS2559: Type 'string' has no properties in common with type 'AxiosRequestConfig<any>'.
build-and-deploy	Build and Push Frontend	2026-03-30T09:15:07.7199482Z #13 6.863 src/api/generated/public-events/public-events.ts(128,61): error TS2345: Argument of type 'AxiosRequestConfig<any> | undefined' is not assignable to parameter of type 'RequestInit | undefined'.
build-and-deploy	Build and Push Frontend	2026-03-30T09:15:07.7201113Z #13 6.863   Type 'AxiosRequestConfig<any>' is not assignable to type 'RequestInit'.
build-and-deploy	Build and Push Frontend	2026-03-30T09:15:07.7201972Z #13 6.863     Types of property 'headers' are incompatible.
build-and-deploy	Build and Push Frontend	2026-03-30T09:15:07.7204265Z #13 6.863       Type 'AxiosHeaders | (Partial<RawAxiosHeaders & { Accept: AxiosHeaderValue; "Content-Length": AxiosHeaderValue; "User-Agent": AxiosHeaderValue; "Content-Encoding": AxiosHeaderValue; Authorization: AxiosHeaderValue; } & { ...; }> & Partial<...>) | undefined' is not assignable to type 'HeadersInit | undefined'.
build-and-deploy	Build and Push Frontend	2026-03-30T09:15:07.7206541Z #13 6.863         Type 'Partial<RawAxiosHeaders & { Accept: AxiosHeaderValue; "Content-Length": AxiosHeaderValue; "User-Agent": AxiosHeaderValue; "Content-Encoding": AxiosHeaderValue; Authorization: AxiosHeaderValue; } & { ...; }> & Partial<...>' is not assignable to type 'HeadersInit | undefined'.
build-and-deploy	Build and Push Frontend	2026-03-30T09:15:07.7210092Z #13 6.863           Type 'Partial<RawAxiosHeaders & { Accept: AxiosHeaderValue; "Content-Length": AxiosHeaderValue; "User-Agent": AxiosHeaderValue; "Content-Encoding": AxiosHeaderValue; Authorization: AxiosHeaderValue; } & { ...; }> & Partial<...>' is missing the following properties from type '[string, string][]': length, pop, push, concat, and 28 more.
build-and-deploy	Build and Push Frontend	2026-03-30T09:15:07.7213199Z #13 6.863 src/api/generated/public-events/public-events.ts(159,68): error TS2559: Type 'string' has no properties in common with type 'AxiosRequestConfig<any>'.
build-and-deploy	Build and Push Frontend	2026-03-30T09:15:07.7215700Z #13 6.864 src/api/generated/public-events/public-events.ts(182,61): error TS2345: Argument of type 'AxiosRequestConfig<any> | undefined' is not assignable to parameter of type 'RequestInit | undefined'.
build-and-deploy	Build and Push Frontend	2026-03-30T09:15:07.7217475Z #13 6.864   Type 'AxiosRequestConfig<any>' is not assignable to type 'RequestInit'.
build-and-deploy	Build and Push Frontend	2026-03-30T09:15:07.7218423Z #13 6.864     Types of property 'headers' are incompatible.
build-and-deploy	Build and Push Frontend	2026-03-30T09:15:07.7219707Z #13 6.864       Type 'AxiosHeaders | (Partial<RawAxiosHeaders & { Accept: AxiosHeaderValue; "Content-Length": AxiosHeaderValue; "User-Agent": AxiosHeaderValue; "Content-Encoding": AxiosHeaderValue; Authorization: AxiosHeaderValue; } & { ...; }> & Partial<...>) | undefined' is not assignable to type 'HeadersInit | undefined'.
build-and-deploy	Build and Push Frontend	2026-03-30T09:15:07.7221693Z #13 6.864         Type 'Partial<RawAxiosHeaders & { Accept: AxiosHeaderValue; "Content-Length": AxiosHeaderValue; "User-Agent": AxiosHeaderValue; "Content-Encoding": AxiosHeaderValue; Authorization: AxiosHeaderValue; } & { ...; }> & Partial<...>' is not assignable to type 'HeadersInit | undefined'.
build-and-deploy	Build and Push Frontend	2026-03-30T09:15:07.7224040Z #13 6.864           Type 'Partial<RawAxiosHeaders & { Accept: AxiosHeaderValue; "Content-Length": AxiosHeaderValue; "User-Agent": AxiosHeaderValue; "Content-Encoding": AxiosHeaderValue; Authorization: AxiosHeaderValue; } & { ...; }> & Partial<...>' is missing the following properties from type '[string, string][]': length, pop, push, concat, and 28 more.
build-and-deploy	Build and Push Frontend	2026-03-30T09:15:07.7225883Z #13 6.864 src/api/generated/public-events/public-events.ts(213,68): error TS2559: Type 'string' has no properties in common with type 'AxiosRequestConfig<any>'.
build-and-deploy	Build and Push Frontend	2026-03-30T09:15:07.7227075Z #13 6.864 src/api/generated/public-events/public-events.ts(236,61): error TS2345: Argument of type 'AxiosRequestConfig<any> | undefined' is not assignable to parameter of type 'RequestInit | undefined'.
build-and-deploy	Build and Push Frontend	2026-03-30T09:15:07.7228276Z #13 6.864   Type 'AxiosRequestConfig<any>' is not assignable to type 'RequestInit'.
build-and-deploy	Build and Push Frontend	2026-03-30T09:15:07.7228746Z #13 6.864     Types of property 'headers' are incompatible.
build-and-deploy	Build and Push Frontend	2026-03-30T09:15:07.7229996Z #13 6.864       Type 'AxiosHeaders | (Partial<RawAxiosHeaders & { Accept: AxiosHeaderValue; "Content-Length": AxiosHeaderValue; "User-Agent": AxiosHeaderValue; "Content-Encoding": AxiosHeaderValue; Authorization: AxiosHeaderValue; } & { ...; }> & Partial<...>) | undefined' is not assignable to type 'HeadersInit | undefined'.
build-and-deploy	Build and Push Frontend	2026-03-30T09:15:07.7232124Z #13 6.864         Type 'Partial<RawAxiosHeaders & { Accept: AxiosHeaderValue; "Content-Length": AxiosHeaderValue; "User-Agent": AxiosHeaderValue; "Content-Encoding": AxiosHeaderValue; Authorization: AxiosHeaderValue; } & { ...; }> & Partial<...>' is not assignable to type 'HeadersInit | undefined'.
build-and-deploy	Build and Push Frontend	2026-03-30T09:15:07.7234202Z #13 6.864           Type 'Partial<RawAxiosHeaders & { Accept: AxiosHeaderValue; "Content-Length": AxiosHeaderValue; "User-Agent": AxiosHeaderValue; "Content-Encoding": AxiosHeaderValue; Authorization: AxiosHeaderValue; } & { ...; }> & Partial<...>' is missing the following properties from type '[string, string][]': length, pop, push, concat, and 28 more.
build-and-deploy	Build and Push Frontend	2026-03-30T09:15:07.7235820Z #13 6.864 src/api/generated/sessions/sessions.ts(60,59): error TS2559: Type 'string' has no properties in common with type 'AxiosRequestConfig<any>'.
build-and-deploy	Build and Push Frontend	2026-03-30T09:15:07.7236920Z #13 6.864 src/api/generated/sessions/sessions.ts(75,42): error TS2345: Argument of type 'AxiosRequestConfig<any> | undefined' is not assignable to parameter of type 'RequestInit | undefined'.
build-and-deploy	Build and Push Frontend	2026-03-30T09:15:07.7238040Z #13 6.864   Type 'AxiosRequestConfig<any>' is not assignable to type 'RequestInit'.
build-and-deploy	Build and Push Frontend	2026-03-30T09:15:07.7238502Z #13 6.864     Types of property 'headers' are incompatible.
build-and-deploy	Build and Push Frontend	2026-03-30T09:15:07.7239737Z #13 6.864       Type 'AxiosHeaders | (Partial<RawAxiosHeaders & { Accept: AxiosHeaderValue; "Content-Length": AxiosHeaderValue; "User-Agent": AxiosHeaderValue; "Content-Encoding": AxiosHeaderValue; Authorization: AxiosHeaderValue; } & { ...; }> & Partial<...>) | undefined' is not assignable to type 'HeadersInit | undefined'.
build-and-deploy	Build and Push Frontend	2026-03-30T09:15:07.7241726Z #13 6.864         Type 'Partial<RawAxiosHeaders & { Accept: AxiosHeaderValue; "Content-Length": AxiosHeaderValue; "User-Agent": AxiosHeaderValue; "Content-Encoding": AxiosHeaderValue; Authorization: AxiosHeaderValue; } & { ...; }> & Partial<...>' is not assignable to type 'HeadersInit | undefined'.
build-and-deploy	Build and Push Frontend	2026-03-30T09:15:07.7243813Z #13 6.864           Type 'Partial<RawAxiosHeaders & { Accept: AxiosHeaderValue; "Content-Length": AxiosHeaderValue; "User-Agent": AxiosHeaderValue; "Content-Encoding": AxiosHeaderValue; Authorization: AxiosHeaderValue; } & { ...; }> & Partial<...>' is missing the following properties from type '[string, string][]': length, pop, push, concat, and 28 more.
build-and-deploy	Build and Push Frontend	2026-03-30T09:15:07.7245424Z #13 6.864 src/api/generated/sessions/sessions.ts(120,60): error TS2559: Type 'string' has no properties in common with type 'AxiosRequestConfig<any>'.
build-and-deploy	Build and Push Frontend	2026-03-30T09:15:07.7246514Z #13 6.864 src/api/generated/sessions/sessions.ts(143,49): error TS2345: Argument of type 'AxiosRequestConfig<any> | undefined' is not assignable to parameter of type 'RequestInit | undefined'.
build-and-deploy	Build and Push Frontend	2026-03-30T09:15:07.7247716Z #13 6.864   Type 'AxiosRequestConfig<any>' is not assignable to type 'RequestInit'.
build-and-deploy	Build and Push Frontend	2026-03-30T09:15:07.7248191Z #13 6.864     Types of property 'headers' are incompatible.
build-and-deploy	Build and Push Frontend	2026-03-30T09:15:07.7249457Z #13 6.864       Type 'AxiosHeaders | (Partial<RawAxiosHeaders & { Accept: AxiosHeaderValue; "Content-Length": AxiosHeaderValue; "User-Agent": AxiosHeaderValue; "Content-Encoding": AxiosHeaderValue; Authorization: AxiosHeaderValue; } & { ...; }> & Partial<...>) | undefined' is not assignable to type 'HeadersInit | undefined'.
build-and-deploy	Build and Push Frontend	2026-03-30T09:15:07.7251449Z #13 6.864         Type 'Partial<RawAxiosHeaders & { Accept: AxiosHeaderValue; "Content-Length": AxiosHeaderValue; "User-Agent": AxiosHeaderValue; "Content-Encoding": AxiosHeaderValue; Authorization: AxiosHeaderValue; } & { ...; }> & Partial<...>' is not assignable to type 'HeadersInit | undefined'.
build-and-deploy	Build and Push Frontend	2026-03-30T09:15:07.7253516Z #13 6.864           Type 'Partial<RawAxiosHeaders & { Accept: AxiosHeaderValue; "Content-Length": AxiosHeaderValue; "User-Agent": AxiosHeaderValue; "Content-Encoding": AxiosHeaderValue; Authorization: AxiosHeaderValue; } & { ...; }> & Partial<...>' is missing the following properties from type '[string, string][]': length, pop, push, concat, and 28 more.
build-and-deploy	Build and Push Frontend	2026-03-30T09:15:07.7255255Z #13 6.864 src/api/generated/sessions/sessions.ts(174,60): error TS2559: Type 'string' has no properties in common with type 'AxiosRequestConfig<any>'.
build-and-deploy	Build and Push Frontend	2026-03-30T09:15:07.7256330Z #13 6.864 src/api/generated/sessions/sessions.ts(197,53): error TS2345: Argument of type 'AxiosRequestConfig<any> | undefined' is not assignable to parameter of type 'RequestInit | undefined'.
build-and-deploy	Build and Push Frontend	2026-03-30T09:15:07.7257197Z #13 6.864   Type 'AxiosRequestConfig<any>' is not assignable to type 'RequestInit'.
build-and-deploy	Build and Push Frontend	2026-03-30T09:15:07.7257841Z #13 6.864     Types of property 'headers' are incompatible.
build-and-deploy	Build and Push Frontend	2026-03-30T09:15:07.7259065Z #13 6.864       Type 'AxiosHeaders | (Partial<RawAxiosHeaders & { Accept: AxiosHeaderValue; "Content-Length": AxiosHeaderValue; "User-Agent": AxiosHeaderValue; "Content-Encoding": AxiosHeaderValue; Authorization: AxiosHeaderValue; } & { ...; }> & Partial<...>) | undefined' is not assignable to type 'HeadersInit | undefined'.
build-and-deploy	Build and Push Frontend	2026-03-30T09:15:07.7261072Z #13 6.864         Type 'Partial<RawAxiosHeaders & { Accept: AxiosHeaderValue; "Content-Length": AxiosHeaderValue; "User-Agent": AxiosHeaderValue; "Content-Encoding": AxiosHeaderValue; Authorization: AxiosHeaderValue; } & { ...; }> & Partial<...>' is not assignable to type 'HeadersInit | undefined'.
build-and-deploy	Build and Push Frontend	2026-03-30T09:15:07.7263154Z #13 6.864           Type 'Partial<RawAxiosHeaders & { Accept: AxiosHeaderValue; "Content-Length": AxiosHeaderValue; "User-Agent": AxiosHeaderValue; "Content-Encoding": AxiosHeaderValue; Authorization: AxiosHeaderValue; } & { ...; }> & Partial<...>' is missing the following properties from type '[string, string][]': length, pop, push, concat, and 28 more.
build-and-deploy	Build and Push Frontend	2026-03-30T09:15:07.7264748Z #13 6.864 src/api/generated/sessions/sessions.ts(229,59): error TS2559: Type 'string' has no properties in common with type 'AxiosRequestConfig<any>'.
build-and-deploy	Build and Push Frontend	2026-03-30T09:15:07.7265833Z #13 6.864 src/api/generated/sessions/sessions.ts(244,46): error TS2345: Argument of type 'AxiosRequestConfig<any> | undefined' is not assignable to parameter of type 'RequestInit | undefined'.
build-and-deploy	Build and Push Frontend	2026-03-30T09:15:07.7266700Z #13 6.864   Type 'AxiosRequestConfig<any>' is not assignable to type 'RequestInit'.
build-and-deploy	Build and Push Frontend	2026-03-30T09:15:07.7267145Z #13 6.864     Types of property 'headers' are incompatible.
build-and-deploy	Build and Push Frontend	2026-03-30T09:15:07.7268582Z #13 6.864       Type 'AxiosHeaders | (Partial<RawAxiosHeaders & { Accept: AxiosHeaderValue; "Content-Length": AxiosHeaderValue; "User-Agent": AxiosHeaderValue; "Content-Encoding": AxiosHeaderValue; Authorization: AxiosHeaderValue; } & { ...; }> & Partial<...>) | undefined' is not assignable to type 'HeadersInit | undefined'.
build-and-deploy	Build and Push Frontend	2026-03-30T09:15:07.7270565Z #13 6.864         Type 'Partial<RawAxiosHeaders & { Accept: AxiosHeaderValue; "Content-Length": AxiosHeaderValue; "User-Agent": AxiosHeaderValue; "Content-Encoding": AxiosHeaderValue; Authorization: AxiosHeaderValue; } & { ...; }> & Partial<...>' is not assignable to type 'HeadersInit | undefined'.
build-and-deploy	Build and Push Frontend	2026-03-30T09:15:07.7273021Z #13 6.864           Type 'Partial<RawAxiosHeaders & { Accept: AxiosHeaderValue; "Content-Length": AxiosHeaderValue; "User-Agent": AxiosHeaderValue; "Content-Encoding": AxiosHeaderValue; Authorization: AxiosHeaderValue; } & { ...; }> & Partial<...>' is missing the following properties from type '[string, string][]': length, pop, push, concat, and 28 more.
build-and-deploy	Build and Push Frontend	2026-03-30T09:15:07.7275450Z #13 6.864 src/api/generated/sessions/sessions.ts(289,59): error TS2559: Type 'string' has no properties in common with type 'AxiosRequestConfig<any>'.
build-and-deploy	Build and Push Frontend	2026-03-30T09:15:07.7277325Z #13 6.864 src/api/generated/sessions/sessions.ts(303,41): error TS2345: Argument of type 'AxiosRequestConfig<any> | undefined' is not assignable to parameter of type 'RequestInit | undefined'.
build-and-deploy	Build and Push Frontend	2026-03-30T09:15:07.7279864Z #13 6.864   Type 'AxiosRequestConfig<any>' is not assignable to type 'RequestInit'.
build-and-deploy	Build and Push Frontend	2026-03-30T09:15:07.7280876Z #13 6.864     Types of property 'headers' are incompatible.
build-and-deploy	Build and Push Frontend	2026-03-30T09:15:07.7283061Z #13 6.864       Type 'AxiosHeaders | (Partial<RawAxiosHeaders & { Accept: AxiosHeaderValue; "Content-Length": AxiosHeaderValue; "User-Agent": AxiosHeaderValue; "Content-Encoding": AxiosHeaderValue; Authorization: AxiosHeaderValue; } & { ...; }> & Partial<...>) | undefined' is not assignable to type 'HeadersInit | undefined'.
build-and-deploy	Build and Push Frontend	2026-03-30T09:15:07.7286595Z #13 6.864         Type 'Partial<RawAxiosHeaders & { Accept: AxiosHeaderValue; "Content-Length": AxiosHeaderValue; "User-Agent": AxiosHeaderValue; "Content-Encoding": AxiosHeaderValue; Authorization: AxiosHeaderValue; } & { ...; }> & Partial<...>' is not assignable to type 'HeadersInit | undefined'.
build-and-deploy	Build and Push Frontend	2026-03-30T09:15:07.7290526Z #13 6.864           Type 'Partial<RawAxiosHeaders & { Accept: AxiosHeaderValue; "Content-Length": AxiosHeaderValue; "User-Agent": AxiosHeaderValue; "Content-Encoding": AxiosHeaderValue; Authorization: AxiosHeaderValue; } & { ...; }> & Partial<...>' is missing the following properties from type '[string, string][]': length, pop, push, concat, and 28 more.
build-and-deploy	Build and Push Frontend	2026-03-30T09:15:07.7293399Z #13 6.864 src/api/generated/speakers/speakers.ts(61,59): error TS2559: Type 'string' has no properties in common with type 'AxiosRequestConfig<any>'.
build-and-deploy	Build and Push Frontend	2026-03-30T09:15:07.7295911Z #13 6.864 src/api/generated/speakers/speakers.ts(76,42): error TS2345: Argument of type 'AxiosRequestConfig<any> | undefined' is not assignable to parameter of type 'RequestInit | undefined'.
build-and-deploy	Build and Push Frontend	2026-03-30T09:15:07.7297765Z #13 6.864   Type 'AxiosRequestConfig<any>' is not assignable to type 'RequestInit'.
build-and-deploy	Build and Push Frontend	2026-03-30T09:15:07.7298556Z #13 6.864     Types of property 'headers' are incompatible.
build-and-deploy	Build and Push Frontend	2026-03-30T09:15:07.7302052Z #13 6.864       Type 'AxiosHeaders | (Partial<RawAxiosHeaders & { Accept: AxiosHeaderValue; "Content-Length": AxiosHeaderValue; "User-Agent": AxiosHeaderValue; "Content-Encoding": AxiosHeaderValue; Authorization: AxiosHeaderValue; } & { ...; }> & Partial<...>) | undefined' is not assignable to type 'HeadersInit | undefined'.
build-and-deploy	Build and Push Frontend	2026-03-30T09:15:07.7305760Z #13 6.864         Type 'Partial<RawAxiosHeaders & { Accept: AxiosHeaderValue; "Content-Length": AxiosHeaderValue; "User-Agent": AxiosHeaderValue; "Content-Encoding": AxiosHeaderValue; Authorization: AxiosHeaderValue; } & { ...; }> & Partial<...>' is not assignable to type 'HeadersInit | undefined'.
build-and-deploy	Build and Push Frontend	2026-03-30T09:15:07.7309749Z #13 6.864           Type 'Partial<RawAxiosHeaders & { Accept: AxiosHeaderValue; "Content-Length": AxiosHeaderValue; "User-Agent": AxiosHeaderValue; "Content-Encoding": AxiosHeaderValue; Authorization: AxiosHeaderValue; } & { ...; }> & Partial<...>' is missing the following properties from type '[string, string][]': length, pop, push, concat, and 28 more.
build-and-deploy	Build and Push Frontend	2026-03-30T09:15:07.7312678Z #13 6.864 src/api/generated/speakers/speakers.ts(127,60): error TS2559: Type 'string' has no properties in common with type 'AxiosRequestConfig<any>'.
build-and-deploy	Build and Push Frontend	2026-03-30T09:15:07.7314943Z #13 6.864 src/api/generated/speakers/speakers.ts(153,49): error TS2345: Argument of type 'AxiosRequestConfig<any> | undefined' is not assignable to parameter of type 'RequestInit | undefined'.
build-and-deploy	Build and Push Frontend	2026-03-30T09:15:07.7316538Z #13 6.864   Type 'AxiosRequestConfig<any>' is not assignable to type 'RequestInit'.
build-and-deploy	Build and Push Frontend	2026-03-30T09:15:07.7317348Z #13 6.864     Types of property 'headers' are incompatible.
build-and-deploy	Build and Push Frontend	2026-03-30T09:15:07.7319741Z #13 6.864       Type 'AxiosHeaders | (Partial<RawAxiosHeaders & { Accept: AxiosHeaderValue; "Content-Length": AxiosHeaderValue; "User-Agent": AxiosHeaderValue; "Content-Encoding": AxiosHeaderValue; Authorization: AxiosHeaderValue; } & { ...; }> & Partial<...>) | undefined' is not assignable to type 'HeadersInit | undefined'.
build-and-deploy	Build and Push Frontend	2026-03-30T09:15:07.7323356Z #13 6.864         Type 'Partial<RawAxiosHeaders & { Accept: AxiosHeaderValue; "Content-Length": AxiosHeaderValue; "User-Agent": AxiosHeaderValue; "Content-Encoding": AxiosHeaderValue; Authorization: AxiosHeaderValue; } & { ...; }> & Partial<...>' is not assignable to type 'HeadersInit | undefined'.
build-and-deploy	Build and Push Frontend	2026-03-30T09:15:07.7327298Z #13 6.864           Type 'Partial<RawAxiosHeaders & { Accept: AxiosHeaderValue; "Content-Length": AxiosHeaderValue; "User-Agent": AxiosHeaderValue; "Content-Encoding": AxiosHeaderValue; Authorization: AxiosHeaderValue; } & { ...; }> & Partial<...>' is missing the following properties from type '[string, string][]': length, pop, push, concat, and 28 more.
build-and-deploy	Build and Push Frontend	2026-03-30T09:15:07.7330341Z #13 6.864 src/api/generated/speakers/speakers.ts(187,65): error TS2559: Type 'string' has no properties in common with type 'AxiosRequestConfig<any>'.
build-and-deploy	Build and Push Frontend	2026-03-30T09:15:07.7332371Z #13 6.864 src/api/generated/speakers/speakers.ts(201,43): error TS2345: Argument of type 'AxiosRequestConfig<any> | undefined' is not assignable to parameter of type 'RequestInit | undefined'.
build-and-deploy	Build and Push Frontend	2026-03-30T09:15:07.7333966Z #13 6.864   Type 'AxiosRequestConfig<any>' is not assignable to type 'RequestInit'.
build-and-deploy	Build and Push Frontend	2026-03-30T09:15:07.7334840Z #13 6.864     Types of property 'headers' are incompatible.
build-and-deploy	Build and Push Frontend	2026-03-30T09:15:07.7337077Z #13 6.864       Type 'AxiosHeaders | (Partial<RawAxiosHeaders & { Accept: AxiosHeaderValue; "Content-Length": AxiosHeaderValue; "User-Agent": AxiosHeaderValue; "Content-Encoding": AxiosHeaderValue; Authorization: AxiosHeaderValue; } & { ...; }> & Partial<...>) | undefined' is not assignable to type 'HeadersInit | undefined'.
build-and-deploy	Build and Push Frontend	2026-03-30T09:15:07.7341028Z #13 6.864         Type 'Partial<RawAxiosHeaders & { Accept: AxiosHeaderValue; "Content-Length": AxiosHeaderValue; "User-Agent": AxiosHeaderValue; "Content-Encoding": AxiosHeaderValue; Authorization: AxiosHeaderValue; } & { ...; }> & Partial<...>' is not assignable to type 'HeadersInit | undefined'.
build-and-deploy	Build and Push Frontend	2026-03-30T09:15:07.7345056Z #13 6.864           Type 'Partial<RawAxiosHeaders & { Accept: AxiosHeaderValue; "Content-Length": AxiosHeaderValue; "User-Agent": AxiosHeaderValue; "Content-Encoding": AxiosHeaderValue; Authorization: AxiosHeaderValue; } & { ...; }> & Partial<...>' is missing the following properties from type '[string, string][]': length, pop, push, concat, and 28 more.
build-and-deploy	Build and Push Frontend	2026-03-30T09:15:07.7349696Z #13 6.864 src/api/generated/speakers/speakers.ts(252,63): error TS2559: Type 'string' has no properties in common with type 'AxiosRequestConfig<any>'.
build-and-deploy	Build and Push Frontend	2026-03-30T09:15:07.7351741Z #13 6.864 src/api/generated/speakers/speakers.ts(267,46): error TS2345: Argument of type 'AxiosRequestConfig<any> | undefined' is not assignable to parameter of type 'RequestInit | undefined'.
build-and-deploy	Build and Push Frontend	2026-03-30T09:15:07.7353363Z #13 6.864   Type 'AxiosRequestConfig<any>' is not assignable to type 'RequestInit'.
build-and-deploy	Build and Push Frontend	2026-03-30T09:15:07.7354300Z #13 6.864     Types of property 'headers' are incompatible.
build-and-deploy	Build and Push Frontend	2026-03-30T09:15:07.7356669Z #13 6.864       Type 'AxiosHeaders | (Partial<RawAxiosHeaders & { Accept: AxiosHeaderValue; "Content-Length": AxiosHeaderValue; "User-Agent": AxiosHeaderValue; "Content-Encoding": AxiosHeaderValue; Authorization: AxiosHeaderValue; } & { ...; }> & Partial<...>) | undefined' is not assignable to type 'HeadersInit | undefined'.
build-and-deploy	Build and Push Frontend	2026-03-30T09:15:07.7360746Z #13 6.864         Type 'Partial<RawAxiosHeaders & { Accept: AxiosHeaderValue; "Content-Length": AxiosHeaderValue; "User-Agent": AxiosHeaderValue; "Content-Encoding": AxiosHeaderValue; Authorization: AxiosHeaderValue; } & { ...; }> & Partial<...>' is not assignable to type 'HeadersInit | undefined'.
build-and-deploy	Build and Push Frontend	2026-03-30T09:15:07.7365088Z #13 6.864           Type 'Partial<RawAxiosHeaders & { Accept: AxiosHeaderValue; "Content-Length": AxiosHeaderValue; "User-Agent": AxiosHeaderValue; "Content-Encoding": AxiosHeaderValue; Authorization: AxiosHeaderValue; } & { ...; }> & Partial<...>' is missing the following properties from type '[string, string][]': length, pop, push, concat, and 28 more.
build-and-deploy	Build and Push Frontend	2026-03-30T09:15:07.7368720Z #13 6.864 src/api/generated/speakers/speakers.ts(318,60): error TS2559: Type 'string' has no properties in common with type 'AxiosRequestConfig<any>'.
build-and-deploy	Build and Push Frontend	2026-03-30T09:15:07.7370887Z #13 6.865 src/api/generated/speakers/speakers.ts(344,53): error TS2345: Argument of type 'AxiosRequestConfig<any> | undefined' is not assignable to parameter of type 'RequestInit | undefined'.
build-and-deploy	Build and Push Frontend	2026-03-30T09:15:07.7372938Z #13 6.865   Type 'AxiosRequestConfig<any>' is not assignable to type 'RequestInit'.
build-and-deploy	Build and Push Frontend	2026-03-30T09:15:07.7373747Z #13 6.865     Types of property 'headers' are incompatible.
build-and-deploy	Build and Push Frontend	2026-03-30T09:15:07.7375959Z #13 6.865       Type 'AxiosHeaders | (Partial<RawAxiosHeaders & { Accept: AxiosHeaderValue; "Content-Length": AxiosHeaderValue; "User-Agent": AxiosHeaderValue; "Content-Encoding": AxiosHeaderValue; Authorization: AxiosHeaderValue; } & { ...; }> & Partial<...>) | undefined' is not assignable to type 'HeadersInit | undefined'.
build-and-deploy	Build and Push Frontend	2026-03-30T09:15:07.7379760Z #13 6.865         Type 'Partial<RawAxiosHeaders & { Accept: AxiosHeaderValue; "Content-Length": AxiosHeaderValue; "User-Agent": AxiosHeaderValue; "Content-Encoding": AxiosHeaderValue; Authorization: AxiosHeaderValue; } & { ...; }> & Partial<...>' is not assignable to type 'HeadersInit | undefined'.
build-and-deploy	Build and Push Frontend	2026-03-30T09:15:07.7383508Z #13 6.865           Type 'Partial<RawAxiosHeaders & { Accept: AxiosHeaderValue; "Content-Length": AxiosHeaderValue; "User-Agent": AxiosHeaderValue; "Content-Encoding": AxiosHeaderValue; Authorization: AxiosHeaderValue; } & { ...; }> & Partial<...>' is missing the following properties from type '[string, string][]': length, pop, push, concat, and 28 more.
build-and-deploy	Build and Push Frontend	2026-03-30T09:15:07.7386401Z #13 6.865 src/api/generated/speakers/speakers.ts(379,59): error TS2559: Type 'string' has no properties in common with type 'AxiosRequestConfig<any>'.
build-and-deploy	Build and Push Frontend	2026-03-30T09:15:07.7388551Z #13 6.865 src/api/generated/speakers/speakers.ts(394,46): error TS2345: Argument of type 'AxiosRequestConfig<any> | undefined' is not assignable to parameter of type 'RequestInit | undefined'.
build-and-deploy	Build and Push Frontend	2026-03-30T09:15:07.7390121Z #13 6.865   Type 'AxiosRequestConfig<any>' is not assignable to type 'RequestInit'.
build-and-deploy	Build and Push Frontend	2026-03-30T09:15:07.7390933Z #13 6.865     Types of property 'headers' are incompatible.
build-and-deploy	Build and Push Frontend	2026-03-30T09:15:07.7393108Z #13 6.865       Type 'AxiosHeaders | (Partial<RawAxiosHeaders & { Accept: AxiosHeaderValue; "Content-Length": AxiosHeaderValue; "User-Agent": AxiosHeaderValue; "Content-Encoding": AxiosHeaderValue; Authorization: AxiosHeaderValue; } & { ...; }> & Partial<...>) | undefined' is not assignable to type 'HeadersInit | undefined'.
build-and-deploy	Build and Push Frontend	2026-03-30T09:15:07.7396782Z #13 6.865         Type 'Partial<RawAxiosHeaders & { Accept: AxiosHeaderValue; "Content-Length": AxiosHeaderValue; "User-Agent": AxiosHeaderValue; "Content-Encoding": AxiosHeaderValue; Authorization: AxiosHeaderValue; } & { ...; }> & Partial<...>' is not assignable to type 'HeadersInit | undefined'.
build-and-deploy	Build and Push Frontend	2026-03-30T09:15:07.7400855Z #13 6.865           Type 'Partial<RawAxiosHeaders & { Accept: AxiosHeaderValue; "Content-Length": AxiosHeaderValue; "User-Agent": AxiosHeaderValue; "Content-Encoding": AxiosHeaderValue; Authorization: AxiosHeaderValue; } & { ...; }> & Partial<...>' is missing the following properties from type '[string, string][]': length, pop, push, concat, and 28 more.
build-and-deploy	Build and Push Frontend	2026-03-30T09:15:07.7404097Z #13 6.865 src/api/generated/speakers/speakers.ts(445,59): error TS2559: Type 'string' has no properties in common with type 'AxiosRequestConfig<any>'.
build-and-deploy	Build and Push Frontend	2026-03-30T09:15:07.7406109Z #13 6.865 src/api/generated/speakers/speakers.ts(459,41): error TS2345: Argument of type 'AxiosRequestConfig<any> | undefined' is not assignable to parameter of type 'RequestInit | undefined'.
build-and-deploy	Build and Push Frontend	2026-03-30T09:15:07.7407801Z #13 6.865   Type 'AxiosRequestConfig<any>' is not assignable to type 'RequestInit'.
build-and-deploy	Build and Push Frontend	2026-03-30T09:15:07.7408652Z #13 6.865     Types of property 'headers' are incompatible.
build-and-deploy	Build and Push Frontend	2026-03-30T09:15:07.7410925Z #13 6.865       Type 'AxiosHeaders | (Partial<RawAxiosHeaders & { Accept: AxiosHeaderValue; "Content-Length": AxiosHeaderValue; "User-Agent": AxiosHeaderValue; "Content-Encoding": AxiosHeaderValue; Authorization: AxiosHeaderValue; } & { ...; }> & Partial<...>) | undefined' is not assignable to type 'HeadersInit | undefined'.
build-and-deploy	Build and Push Frontend	2026-03-30T09:15:07.7414680Z #13 6.865         Type 'Partial<RawAxiosHeaders & { Accept: AxiosHeaderValue; "Content-Length": AxiosHeaderValue; "User-Agent": AxiosHeaderValue; "Content-Encoding": AxiosHeaderValue; Authorization: AxiosHeaderValue; } & { ...; }> & Partial<...>' is not assignable to type 'HeadersInit | undefined'.
build-and-deploy	Build and Push Frontend	2026-03-30T09:15:07.7418993Z #13 6.865           Type 'Partial<RawAxiosHeaders & { Accept: AxiosHeaderValue; "Content-Length": AxiosHeaderValue; "User-Agent": AxiosHeaderValue; "Content-Encoding": AxiosHeaderValue; Authorization: AxiosHeaderValue; } & { ...; }> & Partial<...>' is missing the following properties from type '[string, string][]': length, pop, push, concat, and 28 more.
build-and-deploy	Build and Push Frontend	2026-03-30T09:15:07.7421899Z #13 6.865 src/api/generated/sponsors/sponsors.ts(63,67): error TS2559: Type 'string' has no properties in common with type 'AxiosRequestConfig<any>'.
build-and-deploy	Build and Push Frontend	2026-03-30T09:15:07.7423846Z #13 6.865 src/api/generated/sponsors/sponsors.ts(89,65): error TS2345: Argument of type 'AxiosRequestConfig<any> | undefined' is not assignable to parameter of type 'RequestInit | undefined'.
build-and-deploy	Build and Push Frontend	2026-03-30T09:15:07.7425728Z #13 6.865   Type 'AxiosRequestConfig<any>' is not assignable to type 'RequestInit'.
build-and-deploy	Build and Push Frontend	2026-03-30T09:15:07.7426743Z #13 6.865     Types of property 'headers' are incompatible.
build-and-deploy	Build and Push Frontend	2026-03-30T09:15:07.7429165Z #13 6.865       Type 'AxiosHeaders | (Partial<RawAxiosHeaders & { Accept: AxiosHeaderValue; "Content-Length": AxiosHeaderValue; "User-Agent": AxiosHeaderValue; "Content-Encoding": AxiosHeaderValue; Authorization: AxiosHeaderValue; } & { ...; }> & Partial<...>) | undefined' is not assignable to type 'HeadersInit | undefined'.
build-and-deploy	Build and Push Frontend	2026-03-30T09:15:07.7432826Z #13 6.865         Type 'Partial<RawAxiosHeaders & { Accept: AxiosHeaderValue; "Content-Length": AxiosHeaderValue; "User-Agent": AxiosHeaderValue; "Content-Encoding": AxiosHeaderValue; Authorization: AxiosHeaderValue; } & { ...; }> & Partial<...>' is not assignable to type 'HeadersInit | undefined'.
build-and-deploy	Build and Push Frontend	2026-03-30T09:15:07.7436731Z #13 6.865           Type 'Partial<RawAxiosHeaders & { Accept: AxiosHeaderValue; "Content-Length": AxiosHeaderValue; "User-Agent": AxiosHeaderValue; "Content-Encoding": AxiosHeaderValue; Authorization: AxiosHeaderValue; } & { ...; }> & Partial<...>' is missing the following properties from type '[string, string][]': length, pop, push, concat, and 28 more.
build-and-deploy	Build and Push Frontend	2026-03-30T09:15:07.7444958Z #13 6.865 src/api/generated/sponsors/sponsors.ts(123,60): error TS2559: Type 'string' has no properties in common with type 'AxiosRequestConfig<any>'.
build-and-deploy	Build and Push Frontend	2026-03-30T09:15:07.7446945Z #13 6.865 src/api/generated/sponsors/sponsors.ts(149,49): error TS2345: Argument of type 'AxiosRequestConfig<any> | undefined' is not assignable to parameter of type 'RequestInit | undefined'.
build-and-deploy	Build and Push Frontend	2026-03-30T09:15:07.7448809Z #13 6.865   Type 'AxiosRequestConfig<any>' is not assignable to type 'RequestInit'.
build-and-deploy	Build and Push Frontend	2026-03-30T09:15:07.7449607Z #13 6.865     Types of property 'headers' are incompatible.
build-and-deploy	Build and Push Frontend	2026-03-30T09:15:07.7451802Z #13 6.865       Type 'AxiosHeaders | (Partial<RawAxiosHeaders & { Accept: AxiosHeaderValue; "Content-Length": AxiosHeaderValue; "User-Agent": AxiosHeaderValue; "Content-Encoding": AxiosHeaderValue; Authorization: AxiosHeaderValue; } & { ...; }> & Partial<...>) | undefined' is not assignable to type 'HeadersInit | undefined'.
build-and-deploy	Build and Push Frontend	2026-03-30T09:15:07.7456711Z #13 6.865         Type 'Partial<RawAxiosHeaders & { Accept: AxiosHeaderValue; "Content-Length": AxiosHeaderValue; "User-Agent": AxiosHeaderValue; "Content-Encoding": AxiosHeaderValue; Authorization: AxiosHeaderValue; } & { ...; }> & Partial<...>' is not assignable to type 'HeadersInit | undefined'.
build-and-deploy	Build and Push Frontend	2026-03-30T09:15:07.7460638Z #13 6.865           Type 'Partial<RawAxiosHeaders & { Accept: AxiosHeaderValue; "Content-Length": AxiosHeaderValue; "User-Agent": AxiosHeaderValue; "Content-Encoding": AxiosHeaderValue; Authorization: AxiosHeaderValue; } & { ...; }> & Partial<...>' is missing the following properties from type '[string, string][]': length, pop, push, concat, and 28 more.
build-and-deploy	Build and Push Frontend	2026-03-30T09:15:07.7463541Z #13 6.865 src/api/generated/sponsors/sponsors.ts(183,59): error TS2559: Type 'string' has no properties in common with type 'AxiosRequestConfig<any>'.
build-and-deploy	Build and Push Frontend	2026-03-30T09:15:07.7465677Z #13 6.865 src/api/generated/sponsors/sponsors.ts(198,42): error TS2345: Argument of type 'AxiosRequestConfig<any> | undefined' is not assignable to parameter of type 'RequestInit | undefined'.
build-and-deploy	Build and Push Frontend	2026-03-30T09:15:07.7467224Z #13 6.865   Type 'AxiosRequestConfig<any>' is not assignable to type 'RequestInit'.
build-and-deploy	Build and Push Frontend	2026-03-30T09:15:07.7468243Z #13 6.865     Types of property 'headers' are incompatible.
build-and-deploy	Build and Push Frontend	2026-03-30T09:15:07.7470483Z #13 6.865       Type 'AxiosHeaders | (Partial<RawAxiosHeaders & { Accept: AxiosHeaderValue; "Content-Length": AxiosHeaderValue; "User-Agent": AxiosHeaderValue; "Content-Encoding": AxiosHeaderValue; Authorization: AxiosHeaderValue; } & { ...; }> & Partial<...>) | undefined' is not assignable to type 'HeadersInit | undefined'.
build-and-deploy	Build and Push Frontend	2026-03-30T09:15:07.7474059Z #13 6.865         Type 'Partial<RawAxiosHeaders & { Accept: AxiosHeaderValue; "Content-Length": AxiosHeaderValue; "User-Agent": AxiosHeaderValue; "Content-Encoding": AxiosHeaderValue; Authorization: AxiosHeaderValue; } & { ...; }> & Partial<...>' is not assignable to type 'HeadersInit | undefined'.
build-and-deploy	Build and Push Frontend	2026-03-30T09:15:07.7478157Z #13 6.865           Type 'Partial<RawAxiosHeaders & { Accept: AxiosHeaderValue; "Content-Length": AxiosHeaderValue; "User-Agent": AxiosHeaderValue; "Content-Encoding": AxiosHeaderValue; Authorization: AxiosHeaderValue; } & { ...; }> & Partial<...>' is missing the following properties from type '[string, string][]': length, pop, push, concat, and 28 more.
build-and-deploy	Build and Push Frontend	2026-03-30T09:15:07.7481045Z #13 6.865 src/api/generated/sponsors/sponsors.ts(250,59): error TS2559: Type 'string' has no properties in common with type 'AxiosRequestConfig<any>'.
build-and-deploy	Build and Push Frontend	2026-03-30T09:15:07.7483049Z #13 6.865 src/api/generated/sponsors/sponsors.ts(265,46): error TS2345: Argument of type 'AxiosRequestConfig<any> | undefined' is not assignable to parameter of type 'RequestInit | undefined'.
build-and-deploy	Build and Push Frontend	2026-03-30T09:15:07.7484766Z #13 6.865   Type 'AxiosRequestConfig<any>' is not assignable to type 'RequestInit'.
build-and-deploy	Build and Push Frontend	2026-03-30T09:15:07.7485571Z #13 6.865     Types of property 'headers' are incompatible.
build-and-deploy	Build and Push Frontend	2026-03-30T09:15:07.7487842Z #13 6.865       Type 'AxiosHeaders | (Partial<RawAxiosHeaders & { Accept: AxiosHeaderValue; "Content-Length": AxiosHeaderValue; "User-Agent": AxiosHeaderValue; "Content-Encoding": AxiosHeaderValue; Authorization: AxiosHeaderValue; } & { ...; }> & Partial<...>) | undefined' is not assignable to type 'HeadersInit | undefined'.
build-and-deploy	Build and Push Frontend	2026-03-30T09:15:07.7491871Z #13 6.865         Type 'Partial<RawAxiosHeaders & { Accept: AxiosHeaderValue; "Content-Length": AxiosHeaderValue; "User-Agent": AxiosHeaderValue; "Content-Encoding": AxiosHeaderValue; Authorization: AxiosHeaderValue; } & { ...; }> & Partial<...>' is not assignable to type 'HeadersInit | undefined'.
build-and-deploy	Build and Push Frontend	2026-03-30T09:15:07.7495939Z #13 6.865           Type 'Partial<RawAxiosHeaders & { Accept: AxiosHeaderValue; "Content-Length": AxiosHeaderValue; "User-Agent": AxiosHeaderValue; "Content-Encoding": AxiosHeaderValue; Authorization: AxiosHeaderValue; } & { ...; }> & Partial<...>' is missing the following properties from type '[string, string][]': length, pop, push, concat, and 28 more.
build-and-deploy	Build and Push Frontend	2026-03-30T09:15:07.7499546Z #13 6.865 src/api/generated/sponsors/sponsors.ts(316,59): error TS2559: Type 'string' has no properties in common with type 'AxiosRequestConfig<any>'.
build-and-deploy	Build and Push Frontend	2026-03-30T09:15:07.7501533Z #13 6.865 src/api/generated/sponsors/sponsors.ts(330,41): error TS2345: Argument of type 'AxiosRequestConfig<any> | undefined' is not assignable to parameter of type 'RequestInit | undefined'.
build-and-deploy	Build and Push Frontend	2026-03-30T09:15:07.7503154Z #13 6.865   Type 'AxiosRequestConfig<any>' is not assignable to type 'RequestInit'.
build-and-deploy	Build and Push Frontend	2026-03-30T09:15:07.7503968Z #13 6.865     Types of property 'headers' are incompatible.
build-and-deploy	Build and Push Frontend	2026-03-30T09:15:07.7506240Z #13 6.865       Type 'AxiosHeaders | (Partial<RawAxiosHeaders & { Accept: AxiosHeaderValue; "Content-Length": AxiosHeaderValue; "User-Agent": AxiosHeaderValue; "Content-Encoding": AxiosHeaderValue; Authorization: AxiosHeaderValue; } & { ...; }> & Partial<...>) | undefined' is not assignable to type 'HeadersInit | undefined'.
build-and-deploy	Build and Push Frontend	2026-03-30T09:15:07.7510285Z #13 6.865         Type 'Partial<RawAxiosHeaders & { Accept: AxiosHeaderValue; "Content-Length": AxiosHeaderValue; "User-Agent": AxiosHeaderValue; "Content-Encoding": AxiosHeaderValue; Authorization: AxiosHeaderValue; } & { ...; }> & Partial<...>' is not assignable to type 'HeadersInit | undefined'.
build-and-deploy	Build and Push Frontend	2026-03-30T09:15:07.7514101Z #13 6.865           Type 'Partial<RawAxiosHeaders & { Accept: AxiosHeaderValue; "Content-Length": AxiosHeaderValue; "User-Agent": AxiosHeaderValue; "Content-Encoding": AxiosHeaderValue; Authorization: AxiosHeaderValue; } & { ...; }> & Partial<...>' is missing the following properties from type '[string, string][]': length, pop, push, concat, and 28 more.
build-and-deploy	Build and Push Frontend	2026-03-30T09:15:07.7516988Z #13 6.865 src/api/generated/sponsors/sponsors.ts(383,66): error TS2559: Type 'string' has no properties in common with type 'AxiosRequestConfig<any>'.
build-and-deploy	Build and Push Frontend	2026-03-30T09:15:07.7519214Z #13 6.865 src/api/generated/sponsors/sponsors.ts(398,57): error TS2345: Argument of type 'AxiosRequestConfig<any> | undefined' is not assignable to parameter of type 'RequestInit | undefined'.
build-and-deploy	Build and Push Frontend	2026-03-30T09:15:07.7520780Z #13 6.865   Type 'AxiosRequestConfig<any>' is not assignable to type 'RequestInit'.
build-and-deploy	Build and Push Frontend	2026-03-30T09:15:07.7521592Z #13 6.865     Types of property 'headers' are incompatible.
build-and-deploy	Build and Push Frontend	2026-03-30T09:15:07.7523811Z #13 6.865       Type 'AxiosHeaders | (Partial<RawAxiosHeaders & { Accept: AxiosHeaderValue; "Content-Length": AxiosHeaderValue; "User-Agent": AxiosHeaderValue; "Content-Encoding": AxiosHeaderValue; Authorization: AxiosHeaderValue; } & { ...; }> & Partial<...>) | undefined' is not assignable to type 'HeadersInit | undefined'.
build-and-deploy	Build and Push Frontend	2026-03-30T09:15:07.7527449Z #13 6.865         Type 'Partial<RawAxiosHeaders & { Accept: AxiosHeaderValue; "Content-Length": AxiosHeaderValue; "User-Agent": AxiosHeaderValue; "Content-Encoding": AxiosHeaderValue; Authorization: AxiosHeaderValue; } & { ...; }> & Partial<...>' is not assignable to type 'HeadersInit | undefined'.
build-and-deploy	Build and Push Frontend	2026-03-30T09:15:07.7531663Z #13 6.865           Type 'Partial<RawAxiosHeaders & { Accept: AxiosHeaderValue; "Content-Length": AxiosHeaderValue; "User-Agent": AxiosHeaderValue; "Content-Encoding": AxiosHeaderValue; Authorization: AxiosHeaderValue; } & { ...; }> & Partial<...>' is missing the following properties from type '[string, string][]': length, pop, push, concat, and 28 more.
build-and-deploy	Build and Push Frontend	2026-03-30T09:15:07.7534639Z #13 6.865 src/api/generated/sponsors/sponsors.ts(453,68): error TS2559: Type 'string' has no properties in common with type 'AxiosRequestConfig<any>'.
build-and-deploy	Build and Push Frontend	2026-03-30T09:15:07.7536641Z #13 6.865 src/api/generated/sponsors/sponsors.ts(468,59): error TS2345: Argument of type 'AxiosRequestConfig<any> | undefined' is not assignable to parameter of type 'RequestInit | undefined'.
build-and-deploy	Build and Push Frontend	2026-03-30T09:15:07.7538491Z #13 6.865   Type 'AxiosRequestConfig<any>' is not assignable to type 'RequestInit'.
build-and-deploy	Build and Push Frontend	2026-03-30T09:15:07.7539328Z #13 6.865     Types of property 'headers' are incompatible.
build-and-deploy	Build and Push Frontend	2026-03-30T09:15:07.7541824Z #13 6.865       Type 'AxiosHeaders | (Partial<RawAxiosHeaders & { Accept: AxiosHeaderValue; "Content-Length": AxiosHeaderValue; "User-Agent": AxiosHeaderValue; "Content-Encoding": AxiosHeaderValue; Authorization: AxiosHeaderValue; } & { ...; }> & Partial<...>) | undefined' is not assignable to type 'HeadersInit | undefined'.
build-and-deploy	Build and Push Frontend	2026-03-30T09:15:07.7545433Z #13 6.865         Type 'Partial<RawAxiosHeaders & { Accept: AxiosHeaderValue; "Content-Length": AxiosHeaderValue; "User-Agent": AxiosHeaderValue; "Content-Encoding": AxiosHeaderValue; Authorization: AxiosHeaderValue; } & { ...; }> & Partial<...>' is not assignable to type 'HeadersInit | undefined'.
build-and-deploy	Build and Push Frontend	2026-03-30T09:15:07.7549536Z #13 6.865           Type 'Partial<RawAxiosHeaders & { Accept: AxiosHeaderValue; "Content-Length": AxiosHeaderValue; "User-Agent": AxiosHeaderValue; "Content-Encoding": AxiosHeaderValue; Authorization: AxiosHeaderValue; } & { ...; }> & Partial<...>' is missing the following properties from type '[string, string][]': length, pop, push, concat, and 28 more.
build-and-deploy	Build and Push Frontend	2026-03-30T09:15:07.7552676Z #13 6.865 src/api/generated/sponsors/sponsors.ts(521,74): error TS2559: Type 'string' has no properties in common with type 'AxiosRequestConfig<any>'.
build-and-deploy	Build and Push Frontend	2026-03-30T09:15:07.7554634Z #13 6.865 src/api/generated/sponsors/sponsors.ts(547,69): error TS2345: Argument of type 'AxiosRequestConfig<any> | undefined' is not assignable to parameter of type 'RequestInit | undefined'.
build-and-deploy	Build and Push Frontend	2026-03-30T09:15:07.7556242Z #13 6.865   Type 'AxiosRequestConfig<any>' is not assignable to type 'RequestInit'.
build-and-deploy	Build and Push Frontend	2026-03-30T09:15:07.7557027Z #13 6.865     Types of property 'headers' are incompatible.
build-and-deploy	Build and Push Frontend	2026-03-30T09:15:07.7559522Z #13 6.865       Type 'AxiosHeaders | (Partial<RawAxiosHeaders & { Accept: AxiosHeaderValue; "Content-Length": AxiosHeaderValue; "User-Agent": AxiosHeaderValue; "Content-Encoding": AxiosHeaderValue; Authorization: AxiosHeaderValue; } & { ...; }> & Partial<...>) | undefined' is not assignable to type 'HeadersInit | undefined'.
build-and-deploy	Build and Push Frontend	2026-03-30T09:15:07.7563308Z #13 6.865         Type 'Partial<RawAxiosHeaders & { Accept: AxiosHeaderValue; "Content-Length": AxiosHeaderValue; "User-Agent": AxiosHeaderValue; "Content-Encoding": AxiosHeaderValue; Authorization: AxiosHeaderValue; } & { ...; }> & Partial<...>' is not assignable to type 'HeadersInit | undefined'.
build-and-deploy	Build and Push Frontend	2026-03-30T09:15:07.7567048Z #13 6.865           Type 'Partial<RawAxiosHeaders & { Accept: AxiosHeaderValue; "Content-Length": AxiosHeaderValue; "User-Agent": AxiosHeaderValue; "Content-Encoding": AxiosHeaderValue; Authorization: AxiosHeaderValue; } & { ...; }> & Partial<...>' is missing the following properties from type '[string, string][]': length, pop, push, concat, and 28 more.
build-and-deploy	Build and Push Frontend	2026-03-30T09:15:07.7584544Z #13 6.865 src/api/generated/sponsors/sponsors.ts(582,73): error TS2559: Type 'string' has no properties in common with type 'AxiosRequestConfig<any>'.
build-and-deploy	Build and Push Frontend	2026-03-30T09:15:07.7586587Z #13 6.865 src/api/generated/sponsors/sponsors.ts(597,62): error TS2345: Argument of type 'AxiosRequestConfig<any> | undefined' is not assignable to parameter of type 'RequestInit | undefined'.
build-and-deploy	Build and Push Frontend	2026-03-30T09:15:07.7588408Z #13 6.865   Type 'AxiosRequestConfig<any>' is not assignable to type 'RequestInit'.
build-and-deploy	Build and Push Frontend	2026-03-30T09:15:07.7589248Z #13 6.865     Types of property 'headers' are incompatible.
build-and-deploy	Build and Push Frontend	2026-03-30T09:15:07.7591526Z #13 6.865       Type 'AxiosHeaders | (Partial<RawAxiosHeaders & { Accept: AxiosHeaderValue; "Content-Length": AxiosHeaderValue; "User-Agent": AxiosHeaderValue; "Content-Encoding": AxiosHeaderValue; Authorization: AxiosHeaderValue; } & { ...; }> & Partial<...>) | undefined' is not assignable to type 'HeadersInit | undefined'.
build-and-deploy	Build and Push Frontend	2026-03-30T09:15:07.7595236Z #13 6.865         Type 'Partial<RawAxiosHeaders & { Accept: AxiosHeaderValue; "Content-Length": AxiosHeaderValue; "User-Agent": AxiosHeaderValue; "Content-Encoding": AxiosHeaderValue; Authorization: AxiosHeaderValue; } & { ...; }> & Partial<...>' is not assignable to type 'HeadersInit | undefined'.
build-and-deploy	Build and Push Frontend	2026-03-30T09:15:07.7599612Z #13 6.865           Type 'Partial<RawAxiosHeaders & { Accept: AxiosHeaderValue; "Content-Length": AxiosHeaderValue; "User-Agent": AxiosHeaderValue; "Content-Encoding": AxiosHeaderValue; Authorization: AxiosHeaderValue; } & { ...; }> & Partial<...>' is missing the following properties from type '[string, string][]': length, pop, push, concat, and 28 more.
build-and-deploy	Build and Push Frontend	2026-03-30T09:15:07.7603251Z #13 6.865 src/api/generated/sponsors/sponsors.ts(648,71): error TS2559: Type 'string' has no properties in common with type 'AxiosRequestConfig<any>'.
build-and-deploy	Build and Push Frontend	2026-03-30T09:15:07.7605286Z #13 6.866 src/api/generated/sponsors/sponsors.ts(662,49): error TS2345: Argument of type 'AxiosRequestConfig<any> | undefined' is not assignable to parameter of type 'RequestInit | undefined'.
build-and-deploy	Build and Push Frontend	2026-03-30T09:15:07.7606909Z #13 6.866   Type 'AxiosRequestConfig<any>' is not assignable to type 'RequestInit'.
build-and-deploy	Build and Push Frontend	2026-03-30T09:15:07.7608002Z #13 6.866     Types of property 'headers' are incompatible.
build-and-deploy	Build and Push Frontend	2026-03-30T09:15:07.7610302Z #13 6.866       Type 'AxiosHeaders | (Partial<RawAxiosHeaders & { Accept: AxiosHeaderValue; "Content-Length": AxiosHeaderValue; "User-Agent": AxiosHeaderValue; "Content-Encoding": AxiosHeaderValue; Authorization: AxiosHeaderValue; } & { ...; }> & Partial<...>) | undefined' is not assignable to type 'HeadersInit | undefined'.
build-and-deploy	Build and Push Frontend	2026-03-30T09:15:07.7614364Z #13 6.866         Type 'Partial<RawAxiosHeaders & { Accept: AxiosHeaderValue; "Content-Length": AxiosHeaderValue; "User-Agent": AxiosHeaderValue; "Content-Encoding": AxiosHeaderValue; Authorization: AxiosHeaderValue; } & { ...; }> & Partial<...>' is not assignable to type 'HeadersInit | undefined'.
build-and-deploy	Build and Push Frontend	2026-03-30T09:15:07.7627025Z #13 6.866           Type 'Partial<RawAxiosHeaders & { Accept: AxiosHeaderValue; "Content-Length": AxiosHeaderValue; "User-Agent": AxiosHeaderValue; "Content-Encoding": AxiosHeaderValue; Authorization: AxiosHeaderValue; } & { ...; }> & Partial<...>' is missing the following properties from type '[string, string][]': length, pop, push, concat, and 28 more.
build-and-deploy	Build and Push Frontend	2026-03-30T09:15:07.7630250Z #13 6.866 src/api/generated/sponsors/sponsors.ts(713,62): error TS2559: Type 'string' has no properties in common with type 'AxiosRequestConfig<any>'.
build-and-deploy	Build and Push Frontend	2026-03-30T09:15:07.7632414Z #13 6.866 src/api/generated/sponsors/sponsors.ts(739,51): error TS2345: Argument of type 'AxiosRequestConfig<any> | undefined' is not assignable to parameter of type 'RequestInit | undefined'.
build-and-deploy	Build and Push Frontend	2026-03-30T09:15:07.7634151Z #13 6.866   Type 'AxiosRequestConfig<any>' is not assignable to type 'RequestInit'.
build-and-deploy	Build and Push Frontend	2026-03-30T09:15:07.7635024Z #13 6.866     Types of property 'headers' are incompatible.
build-and-deploy	Build and Push Frontend	2026-03-30T09:15:07.7637382Z #13 6.866       Type 'AxiosHeaders | (Partial<RawAxiosHeaders & { Accept: AxiosHeaderValue; "Content-Length": AxiosHeaderValue; "User-Agent": AxiosHeaderValue; "Content-Encoding": AxiosHeaderValue; Authorization: AxiosHeaderValue; } & { ...; }> & Partial<...>) | undefined' is not assignable to type 'HeadersInit | undefined'.
build-and-deploy	Build and Push Frontend	2026-03-30T09:15:07.7641430Z #13 6.866         Type 'Partial<RawAxiosHeaders & { Accept: AxiosHeaderValue; "Content-Length": AxiosHeaderValue; "User-Agent": AxiosHeaderValue; "Content-Encoding": AxiosHeaderValue; Authorization: AxiosHeaderValue; } & { ...; }> & Partial<...>' is not assignable to type 'HeadersInit | undefined'.
build-and-deploy	Build and Push Frontend	2026-03-30T09:15:07.7645521Z #13 6.866           Type 'Partial<RawAxiosHeaders & { Accept: AxiosHeaderValue; "Content-Length": AxiosHeaderValue; "User-Agent": AxiosHeaderValue; "Content-Encoding": AxiosHeaderValue; Authorization: AxiosHeaderValue; } & { ...; }> & Partial<...>' is missing the following properties from type '[string, string][]': length, pop, push, concat, and 28 more.
build-and-deploy	Build and Push Frontend	2026-03-30T09:15:07.7648698Z #13 6.866 src/api/generated/tracks/tracks.ts(56,57): error TS2559: Type 'string' has no properties in common with type 'AxiosRequestConfig<any>'.
build-and-deploy	Build and Push Frontend	2026-03-30T09:15:07.7650736Z #13 6.866 src/api/generated/tracks/tracks.ts(71,40): error TS2345: Argument of type 'AxiosRequestConfig<any> | undefined' is not assignable to parameter of type 'RequestInit | undefined'.
build-and-deploy	Build and Push Frontend	2026-03-30T09:15:07.7652795Z #13 6.866   Type 'AxiosRequestConfig<any>' is not assignable to type 'RequestInit'.
build-and-deploy	Build and Push Frontend	2026-03-30T09:15:07.7653640Z #13 6.866     Types of property 'headers' are incompatible.
build-and-deploy	Build and Push Frontend	2026-03-30T09:15:07.7655962Z #13 6.866       Type 'AxiosHeaders | (Partial<RawAxiosHeaders & { Accept: AxiosHeaderValue; "Content-Length": AxiosHeaderValue; "User-Agent": AxiosHeaderValue; "Content-Encoding": AxiosHeaderValue; Authorization: AxiosHeaderValue; } & { ...; }> & Partial<...>) | undefined' is not assignable to type 'HeadersInit | undefined'.
build-and-deploy	Build and Push Frontend	2026-03-30T09:15:07.7659940Z #13 6.866         Type 'Partial<RawAxiosHeaders & { Accept: AxiosHeaderValue; "Content-Length": AxiosHeaderValue; "User-Agent": AxiosHeaderValue; "Content-Encoding": AxiosHeaderValue; Authorization: AxiosHeaderValue; } & { ...; }> & Partial<...>' is not assignable to type 'HeadersInit | undefined'.
build-and-deploy	Build and Push Frontend	2026-03-30T09:15:07.7663821Z #13 6.866           Type 'Partial<RawAxiosHeaders & { Accept: AxiosHeaderValue; "Content-Length": AxiosHeaderValue; "User-Agent": AxiosHeaderValue; "Content-Encoding": AxiosHeaderValue; Authorization: AxiosHeaderValue; } & { ...; }> & Partial<...>' is missing the following properties from type '[string, string][]': length, pop, push, concat, and 28 more.
build-and-deploy	Build and Push Frontend	2026-03-30T09:15:07.7666919Z #13 6.866 src/api/generated/tracks/tracks.ts(116,58): error TS2559: Type 'string' has no properties in common with type 'AxiosRequestConfig<any>'.
build-and-deploy	Build and Push Frontend	2026-03-30T09:15:07.7669002Z #13 6.866 src/api/generated/tracks/tracks.ts(139,47): error TS2345: Argument of type 'AxiosRequestConfig<any> | undefined' is not assignable to parameter of type 'RequestInit | undefined'.
build-and-deploy	Build and Push Frontend	2026-03-30T09:15:07.7670531Z #13 6.866   Type 'AxiosRequestConfig<any>' is not assignable to type 'RequestInit'.
build-and-deploy	Build and Push Frontend	2026-03-30T09:15:07.7671335Z #13 6.866     Types of property 'headers' are incompatible.
build-and-deploy	Build and Push Frontend	2026-03-30T09:15:07.7673565Z #13 6.866       Type 'AxiosHeaders | (Partial<RawAxiosHeaders & { Accept: AxiosHeaderValue; "Content-Length": AxiosHeaderValue; "User-Agent": AxiosHeaderValue; "Content-Encoding": AxiosHeaderValue; Authorization: AxiosHeaderValue; } & { ...; }> & Partial<...>) | undefined' is not assignable to type 'HeadersInit | undefined'.
build-and-deploy	Build and Push Frontend	2026-03-30T09:15:07.7681819Z #13 6.866         Type 'Partial<RawAxiosHeaders & { Accept: AxiosHeaderValue; "Content-Length": AxiosHeaderValue; "User-Agent": AxiosHeaderValue; "Content-Encoding": AxiosHeaderValue; Authorization: AxiosHeaderValue; } & { ...; }> & Partial<...>' is not assignable to type 'HeadersInit | undefined'.
build-and-deploy	Build and Push Frontend	2026-03-30T09:15:07.7685669Z #13 6.866           Type 'Partial<RawAxiosHeaders & { Accept: AxiosHeaderValue; "Content-Length": AxiosHeaderValue; "User-Agent": AxiosHeaderValue; "Content-Encoding": AxiosHeaderValue; Authorization: AxiosHeaderValue; } & { ...; }> & Partial<...>' is missing the following properties from type '[string, string][]': length, pop, push, concat, and 28 more.
build-and-deploy	Build and Push Frontend	2026-03-30T09:15:07.7701576Z #13 6.866 src/api/generated/tracks/tracks.ts(170,58): error TS2559: Type 'string' has no properties in common with type 'AxiosRequestConfig<any>'.
build-and-deploy	Build and Push Frontend	2026-03-30T09:15:07.7703497Z #13 6.866 src/api/generated/tracks/tracks.ts(193,51): error TS2345: Argument of type 'AxiosRequestConfig<any> | undefined' is not assignable to parameter of type 'RequestInit | undefined'.
build-and-deploy	Build and Push Frontend	2026-03-30T09:15:07.7705067Z #13 6.866   Type 'AxiosRequestConfig<any>' is not assignable to type 'RequestInit'.
build-and-deploy	Build and Push Frontend	2026-03-30T09:15:07.7705916Z #13 6.866     Types of property 'headers' are incompatible.
build-and-deploy	Build and Push Frontend	2026-03-30T09:15:07.7708291Z #13 6.866       Type 'AxiosHeaders | (Partial<RawAxiosHeaders & { Accept: AxiosHeaderValue; "Content-Length": AxiosHeaderValue; "User-Agent": AxiosHeaderValue; "Content-Encoding": AxiosHeaderValue; Authorization: AxiosHeaderValue; } & { ...; }> & Partial<...>) | undefined' is not assignable to type 'HeadersInit | undefined'.
build-and-deploy	Build and Push Frontend	2026-03-30T09:15:07.7730686Z #13 6.866         Type 'Partial<RawAxiosHeaders & { Accept: AxiosHeaderValue; "Content-Length": AxiosHeaderValue; "User-Agent": AxiosHeaderValue; "Content-Encoding": AxiosHeaderValue; Authorization: AxiosHeaderValue; } & { ...; }> & Partial<...>' is not assignable to type 'HeadersInit | undefined'.
build-and-deploy	Build and Push Frontend	2026-03-30T09:15:07.7734745Z #13 6.866           Type 'Partial<RawAxiosHeaders & { Accept: AxiosHeaderValue; "Content-Length": AxiosHeaderValue; "User-Agent": AxiosHeaderValue; "Content-Encoding": AxiosHeaderValue; Authorization: AxiosHeaderValue; } & { ...; }> & Partial<...>' is missing the following properties from type '[string, string][]': length, pop, push, concat, and 28 more.
build-and-deploy	Build and Push Frontend	2026-03-30T09:15:07.7737907Z #13 6.866 src/api/generated/tracks/tracks.ts(225,57): error TS2559: Type 'string' has no properties in common with type 'AxiosRequestConfig<any>'.
build-and-deploy	Build and Push Frontend	2026-03-30T09:15:07.7739840Z #13 6.866 src/api/generated/tracks/tracks.ts(240,44): error TS2345: Argument of type 'AxiosRequestConfig<any> | undefined' is not assignable to parameter of type 'RequestInit | undefined'.
build-and-deploy	Build and Push Frontend	2026-03-30T09:15:07.7741396Z #13 6.866   Type 'AxiosRequestConfig<any>' is not assignable to type 'RequestInit'.
build-and-deploy	Build and Push Frontend	2026-03-30T09:15:07.7742219Z #13 6.866     Types of property 'headers' are incompatible.
build-and-deploy	Build and Push Frontend	2026-03-30T09:15:07.7744668Z #13 6.866       Type 'AxiosHeaders | (Partial<RawAxiosHeaders & { Accept: AxiosHeaderValue; "Content-Length": AxiosHeaderValue; "User-Agent": AxiosHeaderValue; "Content-Encoding": AxiosHeaderValue; Authorization: AxiosHeaderValue; } & { ...; }> & Partial<...>) | undefined' is not assignable to type 'HeadersInit | undefined'.
build-and-deploy	Build and Push Frontend	2026-03-30T09:15:07.7750182Z #13 6.866         Type 'Partial<RawAxiosHeaders & { Accept: AxiosHeaderValue; "Content-Length": AxiosHeaderValue; "User-Agent": AxiosHeaderValue; "Content-Encoding": AxiosHeaderValue; Authorization: AxiosHeaderValue; } & { ...; }> & Partial<...>' is not assignable to type 'HeadersInit | undefined'.
build-and-deploy	Build and Push Frontend	2026-03-30T09:15:07.7754015Z #13 6.866           Type 'Partial<RawAxiosHeaders & { Accept: AxiosHeaderValue; "Content-Length": AxiosHeaderValue; "User-Agent": AxiosHeaderValue; "Content-Encoding": AxiosHeaderValue; Authorization: AxiosHeaderValue; } & { ...; }> & Partial<...>' is missing the following properties from type '[string, string][]': length, pop, push, concat, and 28 more.
build-and-deploy	Build and Push Frontend	2026-03-30T09:15:07.7756904Z #13 6.866 src/api/generated/tracks/tracks.ts(285,57): error TS2559: Type 'string' has no properties in common with type 'AxiosRequestConfig<any>'.
build-and-deploy	Build and Push Frontend	2026-03-30T09:15:07.7758999Z #13 6.866 src/api/generated/tracks/tracks.ts(299,39): error TS2345: Argument of type 'AxiosRequestConfig<any> | undefined' is not assignable to parameter of type 'RequestInit | undefined'.
build-and-deploy	Build and Push Frontend	2026-03-30T09:15:07.7760533Z #13 6.866   Type 'AxiosRequestConfig<any>' is not assignable to type 'RequestInit'.
build-and-deploy	Build and Push Frontend	2026-03-30T09:15:07.7761353Z #13 6.866     Types of property 'headers' are incompatible.
build-and-deploy	Build and Push Frontend	2026-03-30T09:15:07.7763642Z #13 6.866       Type 'AxiosHeaders | (Partial<RawAxiosHeaders & { Accept: AxiosHeaderValue; "Content-Length": AxiosHeaderValue; "User-Agent": AxiosHeaderValue; "Content-Encoding": AxiosHeaderValue; Authorization: AxiosHeaderValue; } & { ...; }> & Partial<...>) | undefined' is not assignable to type 'HeadersInit | undefined'.
build-and-deploy	Build and Push Frontend	2026-03-30T09:15:07.7767238Z #13 6.866         Type 'Partial<RawAxiosHeaders & { Accept: AxiosHeaderValue; "Content-Length": AxiosHeaderValue; "User-Agent": AxiosHeaderValue; "Content-Encoding": AxiosHeaderValue; Authorization: AxiosHeaderValue; } & { ...; }> & Partial<...>' is not assignable to type 'HeadersInit | undefined'.
build-and-deploy	Build and Push Frontend	2026-03-30T09:15:07.7771149Z #13 6.866           Type 'Partial<RawAxiosHeaders & { Accept: AxiosHeaderValue; "Content-Length": AxiosHeaderValue; "User-Agent": AxiosHeaderValue; "Content-Encoding": AxiosHeaderValue; Authorization: AxiosHeaderValue; } & { ...; }> & Partial<...>' is missing the following properties from type '[string, string][]': length, pop, push, concat, and 28 more.
build-and-deploy	Build and Push Frontend	2026-03-30T09:15:07.7774065Z #13 6.866 src/api/generated/uploads/uploads.ts(51,70): error TS2559: Type 'string' has no properties in common with type 'AxiosRequestConfig<any>'.
build-and-deploy	Build and Push Frontend	2026-03-30T09:15:07.7775957Z #13 6.866 src/api/generated/uploads/uploads.ts(65,48): error TS2345: Argument of type 'AxiosRequestConfig<any> | undefined' is not assignable to parameter of type 'RequestInit | undefined'.
build-and-deploy	Build and Push Frontend	2026-03-30T09:15:07.7777912Z #13 6.866   Type 'AxiosRequestConfig<any>' is not assignable to type 'RequestInit'.
build-and-deploy	Build and Push Frontend	2026-03-30T09:15:07.7778718Z #13 6.866     Types of property 'headers' are incompatible.
build-and-deploy	Build and Push Frontend	2026-03-30T09:15:07.7780925Z #13 6.866       Type 'AxiosHeaders | (Partial<RawAxiosHeaders & { Accept: AxiosHeaderValue; "Content-Length": AxiosHeaderValue; "User-Agent": AxiosHeaderValue; "Content-Encoding": AxiosHeaderValue; Authorization: AxiosHeaderValue; } & { ...; }> & Partial<...>) | undefined' is not assignable to type 'HeadersInit | undefined'.
build-and-deploy	Build and Push Frontend	2026-03-30T09:15:07.7784551Z #13 6.866         Type 'Partial<RawAxiosHeaders & { Accept: AxiosHeaderValue; "Content-Length": AxiosHeaderValue; "User-Agent": AxiosHeaderValue; "Content-Encoding": AxiosHeaderValue; Authorization: AxiosHeaderValue; } & { ...; }> & Partial<...>' is not assignable to type 'HeadersInit | undefined'.
build-and-deploy	Build and Push Frontend	2026-03-30T09:15:07.7789477Z #13 6.866           Type 'Partial<RawAxiosHeaders & { Accept: AxiosHeaderValue; "Content-Length": AxiosHeaderValue; "User-Agent": AxiosHeaderValue; "Content-Encoding": AxiosHeaderValue; Authorization: AxiosHeaderValue; } & { ...; }> & Partial<...>' is missing the following properties from type '[string, string][]': length, pop, push, concat, and 28 more.
build-and-deploy	Build and Push Frontend	2026-03-30T09:15:07.7792627Z #13 6.866 src/api/generated/uploads/uploads.ts(110,62): error TS2559: Type 'string' has no properties in common with type 'AxiosRequestConfig<any>'.
build-and-deploy	Build and Push Frontend	2026-03-30T09:15:07.7794613Z #13 6.866 src/api/generated/uploads/uploads.ts(124,40): error TS2345: Argument of type 'AxiosRequestConfig<any> | undefined' is not assignable to parameter of type 'RequestInit | undefined'.
build-and-deploy	Build and Push Frontend	2026-03-30T09:15:07.7796284Z #13 6.866   Type 'AxiosRequestConfig<any>' is not assignable to type 'RequestInit'.
build-and-deploy	Build and Push Frontend	2026-03-30T09:15:07.7797101Z #13 6.866     Types of property 'headers' are incompatible.
build-and-deploy	Build and Push Frontend	2026-03-30T09:15:07.7799812Z #13 6.866       Type 'AxiosHeaders | (Partial<RawAxiosHeaders & { Accept: AxiosHeaderValue; "Content-Length": AxiosHeaderValue; "User-Agent": AxiosHeaderValue; "Content-Encoding": AxiosHeaderValue; Authorization: AxiosHeaderValue; } & { ...; }> & Partial<...>) | undefined' is not assignable to type 'HeadersInit | undefined'.
build-and-deploy	Build and Push Frontend	2026-03-30T09:15:07.7803676Z #13 6.866         Type 'Partial<RawAxiosHeaders & { Accept: AxiosHeaderValue; "Content-Length": AxiosHeaderValue; "User-Agent": AxiosHeaderValue; "Content-Encoding": AxiosHeaderValue; Authorization: AxiosHeaderValue; } & { ...; }> & Partial<...>' is not assignable to type 'HeadersInit | undefined'.
build-and-deploy	Build and Push Frontend	2026-03-30T09:15:07.7807468Z #13 6.866           Type 'Partial<RawAxiosHeaders & { Accept: AxiosHeaderValue; "Content-Length": AxiosHeaderValue; "User-Agent": AxiosHeaderValue; "Content-Encoding": AxiosHeaderValue; Authorization: AxiosHeaderValue; } & { ...; }> & Partial<...>' is missing the following properties from type '[string, string][]': length, pop, push, concat, and 28 more.
build-and-deploy	Build and Push Frontend	2026-03-30T09:15:07.7810575Z #13 6.866 src/api/generated/uploads/uploads.ts(169,67): error TS2559: Type 'string' has no properties in common with type 'AxiosRequestConfig<any>'.
build-and-deploy	Build and Push Frontend	2026-03-30T09:15:07.7812530Z #13 6.866 src/api/generated/uploads/uploads.ts(183,55): error TS2345: Argument of type 'AxiosRequestConfig<any> | undefined' is not assignable to parameter of type 'RequestInit | undefined'.
build-and-deploy	Build and Push Frontend	2026-03-30T09:15:07.7814113Z #13 6.866   Type 'AxiosRequestConfig<any>' is not assignable to type 'RequestInit'.
build-and-deploy	Build and Push Frontend	2026-03-30T09:15:07.7814949Z #13 6.866     Types of property 'headers' are incompatible.
build-and-deploy	Build and Push Frontend	2026-03-30T09:15:07.7817192Z #13 6.866       Type 'AxiosHeaders | (Partial<RawAxiosHeaders & { Accept: AxiosHeaderValue; "Content-Length": AxiosHeaderValue; "User-Agent": AxiosHeaderValue; "Content-Encoding": AxiosHeaderValue; Authorization: AxiosHeaderValue; } & { ...; }> & Partial<...>) | undefined' is not assignable to type 'HeadersInit | undefined'.
build-and-deploy	Build and Push Frontend	2026-03-30T09:15:07.7820980Z #13 6.866         Type 'Partial<RawAxiosHeaders & { Accept: AxiosHeaderValue; "Content-Length": AxiosHeaderValue; "User-Agent": AxiosHeaderValue; "Content-Encoding": AxiosHeaderValue; Authorization: AxiosHeaderValue; } & { ...; }> & Partial<...>' is not assignable to type 'HeadersInit | undefined'.
build-and-deploy	Build and Push Frontend	2026-03-30T09:15:07.7825030Z #13 6.866           Type 'Partial<RawAxiosHeaders & { Accept: AxiosHeaderValue; "Content-Length": AxiosHeaderValue; "User-Agent": AxiosHeaderValue; "Content-Encoding": AxiosHeaderValue; Authorization: AxiosHeaderValue; } & { ...; }> & Partial<...>' is missing the following properties from type '[string, string][]': length, pop, push, concat, and 28 more.
build-and-deploy	Build and Push Frontend	2026-03-30T09:15:07.7828174Z #13 6.866 src/api/generated/uploads/uploads.ts(228,70): error TS2559: Type 'string' has no properties in common with type 'AxiosRequestConfig<any>'.
build-and-deploy	Build and Push Frontend	2026-03-30T09:15:07.7830102Z #13 6.866 src/api/generated/uploads/uploads.ts(242,48): error TS2345: Argument of type 'AxiosRequestConfig<any> | undefined' is not assignable to parameter of type 'RequestInit | undefined'.
build-and-deploy	Build and Push Frontend	2026-03-30T09:15:07.7831799Z #13 6.866   Type 'AxiosRequestConfig<any>' is not assignable to type 'RequestInit'.
build-and-deploy	Build and Push Frontend	2026-03-30T09:15:07.7832593Z #13 6.866     Types of property 'headers' are incompatible.
build-and-deploy	Build and Push Frontend	2026-03-30T09:15:07.7834755Z #13 6.866       Type 'AxiosHeaders | (Partial<RawAxiosHeaders & { Accept: AxiosHeaderValue; "Content-Length": AxiosHeaderValue; "User-Agent": AxiosHeaderValue; "Content-Encoding": AxiosHeaderValue; Authorization: AxiosHeaderValue; } & { ...; }> & Partial<...>) | undefined' is not assignable to type 'HeadersInit | undefined'.
build-and-deploy	Build and Push Frontend	2026-03-30T09:15:07.7838562Z #13 6.866         Type 'Partial<RawAxiosHeaders & { Accept: AxiosHeaderValue; "Content-Length": AxiosHeaderValue; "User-Agent": AxiosHeaderValue; "Content-Encoding": AxiosHeaderValue; Authorization: AxiosHeaderValue; } & { ...; }> & Partial<...>' is not assignable to type 'HeadersInit | undefined'.
build-and-deploy	Build and Push Frontend	2026-03-30T09:15:07.7842329Z #13 6.866           Type 'Partial<RawAxiosHeaders & { Accept: AxiosHeaderValue; "Content-Length": AxiosHeaderValue; "User-Agent": AxiosHeaderValue; "Content-Encoding": AxiosHeaderValue; Authorization: AxiosHeaderValue; } & { ...; }> & Partial<...>' is missing the following properties from type '[string, string][]': length, pop, push, concat, and 28 more.
build-and-deploy	Build and Push Frontend	2026-03-30T09:15:07.7845235Z #13 6.866 src/api/generated/uploads/uploads.ts(287,62): error TS2559: Type 'string' has no properties in common with type 'AxiosRequestConfig<any>'.
build-and-deploy	Build and Push Frontend	2026-03-30T09:15:07.7847168Z #13 6.866 src/api/generated/uploads/uploads.ts(310,61): error TS2345: Argument of type 'AxiosRequestConfig<any> | undefined' is not assignable to parameter of type 'RequestInit | undefined'.
build-and-deploy	Build and Push Frontend	2026-03-30T09:15:07.7848944Z #13 6.866   Type 'AxiosRequestConfig<any>' is not assignable to type 'RequestInit'.
build-and-deploy	Build and Push Frontend	2026-03-30T09:15:07.7849764Z #13 6.866     Types of property 'headers' are incompatible.
build-and-deploy	Build and Push Frontend	2026-03-30T09:15:07.7851968Z #13 6.866       Type 'AxiosHeaders | (Partial<RawAxiosHeaders & { Accept: AxiosHeaderValue; "Content-Length": AxiosHeaderValue; "User-Agent": AxiosHeaderValue; "Content-Encoding": AxiosHeaderValue; Authorization: AxiosHeaderValue; } & { ...; }> & Partial<...>) | undefined' is not assignable to type 'HeadersInit | undefined'.
build-and-deploy	Build and Push Frontend	2026-03-30T09:15:07.7855615Z #13 6.866         Type 'Partial<RawAxiosHeaders & { Accept: AxiosHeaderValue; "Content-Length": AxiosHeaderValue; "User-Agent": AxiosHeaderValue; "Content-Encoding": AxiosHeaderValue; Authorization: AxiosHeaderValue; } & { ...; }> & Partial<...>' is not assignable to type 'HeadersInit | undefined'.
build-and-deploy	Build and Push Frontend	2026-03-30T09:15:07.7859513Z #13 6.866           Type 'Partial<RawAxiosHeaders & { Accept: AxiosHeaderValue; "Content-Length": AxiosHeaderValue; "User-Agent": AxiosHeaderValue; "Content-Encoding": AxiosHeaderValue; Authorization: AxiosHeaderValue; } & { ...; }> & Partial<...>' is missing the following properties from type '[string, string][]': length, pop, push, concat, and 28 more.
build-and-deploy	Build and Push Frontend	2026-03-30T09:15:07.7862413Z #13 6.866 src/api/generated/uploads/uploads.ts(341,61): error TS2559: Type 'string' has no properties in common with type 'AxiosRequestConfig<any>'.
build-and-deploy	Build and Push Frontend	2026-03-30T09:15:07.7864573Z #13 6.866 src/api/generated/uploads/uploads.ts(364,60): error TS2345: Argument of type 'AxiosRequestConfig<any> | undefined' is not assignable to parameter of type 'RequestInit | undefined'.
build-and-deploy	Build and Push Frontend	2026-03-30T09:15:07.7866143Z #13 6.866   Type 'AxiosRequestConfig<any>' is not assignable to type 'RequestInit'.
build-and-deploy	Build and Push Frontend	2026-03-30T09:15:07.7866968Z #13 6.866     Types of property 'headers' are incompatible.
build-and-deploy	Build and Push Frontend	2026-03-30T09:15:07.7869400Z #13 6.866       Type 'AxiosHeaders | (Partial<RawAxiosHeaders & { Accept: AxiosHeaderValue; "Content-Length": AxiosHeaderValue; "User-Agent": AxiosHeaderValue; "Content-Encoding": AxiosHeaderValue; Authorization: AxiosHeaderValue; } & { ...; }> & Partial<...>) | undefined' is not assignable to type 'HeadersInit | undefined'.
build-and-deploy	Build and Push Frontend	2026-03-30T09:15:07.7873030Z #13 6.866         Type 'Partial<RawAxiosHeaders & { Accept: AxiosHeaderValue; "Content-Length": AxiosHeaderValue; "User-Agent": AxiosHeaderValue; "Content-Encoding": AxiosHeaderValue; Authorization: AxiosHeaderValue; } & { ...; }> & Partial<...>' is not assignable to type 'HeadersInit | undefined'.
build-and-deploy	Build and Push Frontend	2026-03-30T09:15:07.7877012Z #13 6.866           Type 'Partial<RawAxiosHeaders & { Accept: AxiosHeaderValue; "Content-Length": AxiosHeaderValue; "User-Agent": AxiosHeaderValue; "Content-Encoding": AxiosHeaderValue; Authorization: AxiosHeaderValue; } & { ...; }> & Partial<...>' is missing the following properties from type '[string, string][]': length, pop, push, concat, and 28 more.
build-and-deploy	Build and Push Frontend	2026-03-30T09:15:07.7880080Z #13 6.866 src/api/generated/uploads/uploads.ts(395,69): error TS2559: Type 'string' has no properties in common with type 'AxiosRequestConfig<any>'.
build-and-deploy	Build and Push Frontend	2026-03-30T09:15:07.7882028Z #13 6.866 src/api/generated/uploads/uploads.ts(418,68): error TS2345: Argument of type 'AxiosRequestConfig<any> | undefined' is not assignable to parameter of type 'RequestInit | undefined'.
build-and-deploy	Build and Push Frontend	2026-03-30T09:15:07.7883611Z #13 6.866   Type 'AxiosRequestConfig<any>' is not assignable to type 'RequestInit'.
build-and-deploy	Build and Push Frontend	2026-03-30T09:15:07.7884430Z #13 6.866     Types of property 'headers' are incompatible.
build-and-deploy	Build and Push Frontend	2026-03-30T09:15:07.7886691Z #13 6.866       Type 'AxiosHeaders | (Partial<RawAxiosHeaders & { Accept: AxiosHeaderValue; "Content-Length": AxiosHeaderValue; "User-Agent": AxiosHeaderValue; "Content-Encoding": AxiosHeaderValue; Authorization: AxiosHeaderValue; } & { ...; }> & Partial<...>) | undefined' is not assignable to type 'HeadersInit | undefined'.
build-and-deploy	Build and Push Frontend	2026-03-30T09:15:07.7890477Z #13 6.866         Type 'Partial<RawAxiosHeaders & { Accept: AxiosHeaderValue; "Content-Length": AxiosHeaderValue; "User-Agent": AxiosHeaderValue; "Content-Encoding": AxiosHeaderValue; Authorization: AxiosHeaderValue; } & { ...; }> & Partial<...>' is not assignable to type 'HeadersInit | undefined'.
build-and-deploy	Build and Push Frontend	2026-03-30T09:15:07.7894280Z #13 6.866           Type 'Partial<RawAxiosHeaders & { Accept: AxiosHeaderValue; "Content-Length": AxiosHeaderValue; "User-Agent": AxiosHeaderValue; "Content-Encoding": AxiosHeaderValue; Authorization: AxiosHeaderValue; } & { ...; }> & Partial<...>' is missing the following properties from type '[string, string][]': length, pop, push, concat, and 28 more.
build-and-deploy	Build and Push Frontend	2026-03-30T09:15:07.7897146Z #13 6.866 src/api/generated/users/users.ts(58,57): error TS2559: Type 'string' has no properties in common with type 'AxiosRequestConfig<any>'.
build-and-deploy	Build and Push Frontend	2026-03-30T09:15:07.7899223Z #13 6.866 src/api/generated/users/users.ts(81,46): error TS2345: Argument of type 'AxiosRequestConfig<any> | undefined' is not assignable to parameter of type 'RequestInit | undefined'.
build-and-deploy	Build and Push Frontend	2026-03-30T09:15:07.7900796Z #13 6.866   Type 'AxiosRequestConfig<any>' is not assignable to type 'RequestInit'.
build-and-deploy	Build and Push Frontend	2026-03-30T09:15:07.7901602Z #13 6.866     Types of property 'headers' are incompatible.
build-and-deploy	Build and Push Frontend	2026-03-30T09:15:07.7903854Z #13 6.866       Type 'AxiosHeaders | (Partial<RawAxiosHeaders & { Accept: AxiosHeaderValue; "Content-Length": AxiosHeaderValue; "User-Agent": AxiosHeaderValue; "Content-Encoding": AxiosHeaderValue; Authorization: AxiosHeaderValue; } & { ...; }> & Partial<...>) | undefined' is not assignable to type 'HeadersInit | undefined'.
build-and-deploy	Build and Push Frontend	2026-03-30T09:15:07.7907804Z #13 6.866         Type 'Partial<RawAxiosHeaders & { Accept: AxiosHeaderValue; "Content-Length": AxiosHeaderValue; "User-Agent": AxiosHeaderValue; "Content-Encoding": AxiosHeaderValue; Authorization: AxiosHeaderValue; } & { ...; }> & Partial<...>' is not assignable to type 'HeadersInit | undefined'.
build-and-deploy	Build and Push Frontend	2026-03-30T09:15:07.7911549Z #13 6.866           Type 'Partial<RawAxiosHeaders & { Accept: AxiosHeaderValue; "Content-Length": AxiosHeaderValue; "User-Agent": AxiosHeaderValue; "Content-Encoding": AxiosHeaderValue; Authorization: AxiosHeaderValue; } & { ...; }> & Partial<...>' is missing the following properties from type '[string, string][]': length, pop, push, concat, and 28 more.
build-and-deploy	Build and Push Frontend	2026-03-30T09:15:07.7914398Z #13 6.866 src/api/generated/users/users.ts(112,56): error TS2559: Type 'string' has no properties in common with type 'AxiosRequestConfig<any>'.
build-and-deploy	Build and Push Frontend	2026-03-30T09:15:07.7916299Z #13 6.866 src/api/generated/users/users.ts(127,39): error TS2345: Argument of type 'AxiosRequestConfig<any> | undefined' is not assignable to parameter of type 'RequestInit | undefined'.
build-and-deploy	Build and Push Frontend	2026-03-30T09:15:07.7918193Z #13 6.866   Type 'AxiosRequestConfig<any>' is not assignable to type 'RequestInit'.
build-and-deploy	Build and Push Frontend	2026-03-30T09:15:07.7919030Z #13 6.866     Types of property 'headers' are incompatible.
build-and-deploy	Build and Push Frontend	2026-03-30T09:15:07.7921207Z #13 6.866       Type 'AxiosHeaders | (Partial<RawAxiosHeaders & { Accept: AxiosHeaderValue; "Content-Length": AxiosHeaderValue; "User-Agent": AxiosHeaderValue; "Content-Encoding": AxiosHeaderValue; Authorization: AxiosHeaderValue; } & { ...; }> & Partial<...>) | undefined' is not assignable to type 'HeadersInit | undefined'.
build-and-deploy	Build and Push Frontend	2026-03-30T09:15:07.7924784Z #13 6.866         Type 'Partial<RawAxiosHeaders & { Accept: AxiosHeaderValue; "Content-Length": AxiosHeaderValue; "User-Agent": AxiosHeaderValue; "Content-Encoding": AxiosHeaderValue; Authorization: AxiosHeaderValue; } & { ...; }> & Partial<...>' is not assignable to type 'HeadersInit | undefined'.
build-and-deploy	Build and Push Frontend	2026-03-30T09:15:07.7928786Z #13 6.866           Type 'Partial<RawAxiosHeaders & { Accept: AxiosHeaderValue; "Content-Length": AxiosHeaderValue; "User-Agent": AxiosHeaderValue; "Content-Encoding": AxiosHeaderValue; Authorization: AxiosHeaderValue; } & { ...; }> & Partial<...>' is missing the following properties from type '[string, string][]': length, pop, push, concat, and 28 more.
build-and-deploy	Build and Push Frontend	2026-03-30T09:15:07.7931627Z #13 6.866 src/api/generated/users/users.ts(173,56): error TS2559: Type 'string' has no properties in common with type 'AxiosRequestConfig<any>'.
build-and-deploy	Build and Push Frontend	2026-03-30T09:15:07.7933521Z #13 6.866 src/api/generated/users/users.ts(188,43): error TS2345: Argument of type 'AxiosRequestConfig<any> | undefined' is not assignable to parameter of type 'RequestInit | undefined'.
build-and-deploy	Build and Push Frontend	2026-03-30T09:15:07.7935048Z #13 6.866   Type 'AxiosRequestConfig<any>' is not assignable to type 'RequestInit'.
build-and-deploy	Build and Push Frontend	2026-03-30T09:15:07.7935844Z #13 6.866     Types of property 'headers' are incompatible.
build-and-deploy	Build and Push Frontend	2026-03-30T09:15:07.7938244Z #13 6.866       Type 'AxiosHeaders | (Partial<RawAxiosHeaders & { Accept: AxiosHeaderValue; "Content-Length": AxiosHeaderValue; "User-Agent": AxiosHeaderValue; "Content-Encoding": AxiosHeaderValue; Authorization: AxiosHeaderValue; } & { ...; }> & Partial<...>) | undefined' is not assignable to type 'HeadersInit | undefined'.
build-and-deploy	Build and Push Frontend	2026-03-30T09:15:07.7941838Z #13 6.866         Type 'Partial<RawAxiosHeaders & { Accept: AxiosHeaderValue; "Content-Length": AxiosHeaderValue; "User-Agent": AxiosHeaderValue; "Content-Encoding": AxiosHeaderValue; Authorization: AxiosHeaderValue; } & { ...; }> & Partial<...>' is not assignable to type 'HeadersInit | undefined'.
build-and-deploy	Build and Push Frontend	2026-03-30T09:15:07.7945618Z #13 6.866           Type 'Partial<RawAxiosHeaders & { Accept: AxiosHeaderValue; "Content-Length": AxiosHeaderValue; "User-Agent": AxiosHeaderValue; "Content-Encoding": AxiosHeaderValue; Authorization: AxiosHeaderValue; } & { ...; }> & Partial<...>' is missing the following properties from type '[string, string][]': length, pop, push, concat, and 28 more.
build-and-deploy	Build and Push Frontend	2026-03-30T09:15:07.7948874Z #13 6.866 src/api/generated/users/users.ts(233,56): error TS2559: Type 'string' has no properties in common with type 'AxiosRequestConfig<any>'.
build-and-deploy	Build and Push Frontend	2026-03-30T09:15:07.7950765Z #13 6.866 src/api/generated/users/users.ts(247,38): error TS2345: Argument of type 'AxiosRequestConfig<any> | undefined' is not assignable to parameter of type 'RequestInit | undefined'.
build-and-deploy	Build and Push Frontend	2026-03-30T09:15:07.7952295Z #13 6.866   Type 'AxiosRequestConfig<any>' is not assignable to type 'RequestInit'.
build-and-deploy	Build and Push Frontend	2026-03-30T09:15:07.7953109Z #13 6.866     Types of property 'headers' are incompatible.
build-and-deploy	Build and Push Frontend	2026-03-30T09:15:07.7955307Z #13 6.866       Type 'AxiosHeaders | (Partial<RawAxiosHeaders & { Accept: AxiosHeaderValue; "Content-Length": AxiosHeaderValue; "User-Agent": AxiosHeaderValue; "Content-Encoding": AxiosHeaderValue; Authorization: AxiosHeaderValue; } & { ...; }> & Partial<...>) | undefined' is not assignable to type 'HeadersInit | undefined'.
build-and-deploy	Build and Push Frontend	2026-03-30T09:15:07.7959102Z #13 6.866         Type 'Partial<RawAxiosHeaders & { Accept: AxiosHeaderValue; "Content-Length": AxiosHeaderValue; "User-Agent": AxiosHeaderValue; "Content-Encoding": AxiosHeaderValue; Authorization: AxiosHeaderValue; } & { ...; }> & Partial<...>' is not assignable to type 'HeadersInit | undefined'.
build-and-deploy	Build and Push Frontend	2026-03-30T09:15:07.7962988Z #13 6.866           Type 'Partial<RawAxiosHeaders & { Accept: AxiosHeaderValue; "Content-Length": AxiosHeaderValue; "User-Agent": AxiosHeaderValue; "Content-Encoding": AxiosHeaderValue; Authorization: AxiosHeaderValue; } & { ...; }> & Partial<...>' is missing the following properties from type '[string, string][]': length, pop, push, concat, and 28 more.
build-and-deploy	Build and Push Frontend	2026-03-30T09:15:07.7965829Z #13 6.866 src/api/generated/users/users.ts(292,64): error TS2559: Type 'string' has no properties in common with type 'AxiosRequestConfig<any>'.
build-and-deploy	Build and Push Frontend	2026-03-30T09:15:07.7967869Z #13 6.866 src/api/generated/users/users.ts(307,47): error TS2345: Argument of type 'AxiosRequestConfig<any> | undefined' is not assignable to parameter of type 'RequestInit | undefined'.
build-and-deploy	Build and Push Frontend	2026-03-30T09:15:07.7969408Z #13 6.866   Type 'AxiosRequestConfig<any>' is not assignable to type 'RequestInit'.
build-and-deploy	Build and Push Frontend	2026-03-30T09:15:07.7970201Z #13 6.866     Types of property 'headers' are incompatible.
build-and-deploy	Build and Push Frontend	2026-03-30T09:15:07.7972433Z #13 6.866       Type 'AxiosHeaders | (Partial<RawAxiosHeaders & { Accept: AxiosHeaderValue; "Content-Length": AxiosHeaderValue; "User-Agent": AxiosHeaderValue; "Content-Encoding": AxiosHeaderValue; Authorization: AxiosHeaderValue; } & { ...; }> & Partial<...>) | undefined' is not assignable to type 'HeadersInit | undefined'.
build-and-deploy	Build and Push Frontend	2026-03-30T09:15:07.7976057Z #13 6.866         Type 'Partial<RawAxiosHeaders & { Accept: AxiosHeaderValue; "Content-Length": AxiosHeaderValue; "User-Agent": AxiosHeaderValue; "Content-Encoding": AxiosHeaderValue; Authorization: AxiosHeaderValue; } & { ...; }> & Partial<...>' is not assignable to type 'HeadersInit | undefined'.
build-and-deploy	Build and Push Frontend	2026-03-30T09:15:07.7979998Z #13 6.866           Type 'Partial<RawAxiosHeaders & { Accept: AxiosHeaderValue; "Content-Length": AxiosHeaderValue; "User-Agent": AxiosHeaderValue; "Content-Encoding": AxiosHeaderValue; Authorization: AxiosHeaderValue; } & { ...; }> & Partial<...>' is missing the following properties from type '[string, string][]': length, pop, push, concat, and 28 more.
build-and-deploy	Build and Push Frontend	2026-03-30T09:15:07.7982854Z #13 6.866 src/api/generated/users/users.ts(352,70): error TS2559: Type 'string' has no properties in common with type 'AxiosRequestConfig<any>'.
build-and-deploy	Build and Push Frontend	2026-03-30T09:15:07.7984721Z #13 6.866 src/api/generated/users/users.ts(375,59): error TS2345: Argument of type 'AxiosRequestConfig<any> | undefined' is not assignable to parameter of type 'RequestInit | undefined'.
build-and-deploy	Build and Push Frontend	2026-03-30T09:15:07.7986270Z #13 6.866   Type 'AxiosRequestConfig<any>' is not assignable to type 'RequestInit'.
build-and-deploy	Build and Push Frontend	2026-03-30T09:15:07.7987079Z #13 6.866     Types of property 'headers' are incompatible.
build-and-deploy	Build and Push Frontend	2026-03-30T09:15:07.7989493Z #13 6.866       Type 'AxiosHeaders | (Partial<RawAxiosHeaders & { Accept: AxiosHeaderValue; "Content-Length": AxiosHeaderValue; "User-Agent": AxiosHeaderValue; "Content-Encoding": AxiosHeaderValue; Authorization: AxiosHeaderValue; } & { ...; }> & Partial<...>) | undefined' is not assignable to type 'HeadersInit | undefined'.
build-and-deploy	Build and Push Frontend	2026-03-30T09:15:07.7993264Z #13 6.866         Type 'Partial<RawAxiosHeaders & { Accept: AxiosHeaderValue; "Content-Length": AxiosHeaderValue; "User-Agent": AxiosHeaderValue; "Content-Encoding": AxiosHeaderValue; Authorization: AxiosHeaderValue; } & { ...; }> & Partial<...>' is not assignable to type 'HeadersInit | undefined'.
build-and-deploy	Build and Push Frontend	2026-03-30T09:15:07.7997015Z #13 6.866           Type 'Partial<RawAxiosHeaders & { Accept: AxiosHeaderValue; "Content-Length": AxiosHeaderValue; "User-Agent": AxiosHeaderValue; "Content-Encoding": AxiosHeaderValue; Authorization: AxiosHeaderValue; } & { ...; }> & Partial<...>' is missing the following properties from type '[string, string][]': length, pop, push, concat, and 28 more.
build-and-deploy	Build and Push Frontend	2026-03-30T09:15:07.8000039Z #13 6.866 src/api/generated/users/users.ts(406,63): error TS2559: Type 'string' has no properties in common with type 'AxiosRequestConfig<any>'.
build-and-deploy	Build and Push Frontend	2026-03-30T09:15:07.8002066Z #13 6.866 src/api/generated/users/users.ts(421,46): error TS2345: Argument of type 'AxiosRequestConfig<any> | undefined' is not assignable to parameter of type 'RequestInit | undefined'.
build-and-deploy	Build and Push Frontend	2026-03-30T09:15:07.8003571Z #13 6.866   Type 'AxiosRequestConfig<any>' is not assignable to type 'RequestInit'.
build-and-deploy	Build and Push Frontend	2026-03-30T09:15:07.8004403Z #13 6.866     Types of property 'headers' are incompatible.
build-and-deploy	Build and Push Frontend	2026-03-30T09:15:07.8006604Z #13 6.866       Type 'AxiosHeaders | (Partial<RawAxiosHeaders & { Accept: AxiosHeaderValue; "Content-Length": AxiosHeaderValue; "User-Agent": AxiosHeaderValue; "Content-Encoding": AxiosHeaderValue; Authorization: AxiosHeaderValue; } & { ...; }> & Partial<...>) | undefined' is not assignable to type 'HeadersInit | undefined'.
build-and-deploy	Build and Push Frontend	2026-03-30T09:15:07.8010424Z #13 6.866         Type 'Partial<RawAxiosHeaders & { Accept: AxiosHeaderValue; "Content-Length": AxiosHeaderValue; "User-Agent": AxiosHeaderValue; "Content-Encoding": AxiosHeaderValue; Authorization: AxiosHeaderValue; } & { ...; }> & Partial<...>' is not assignable to type 'HeadersInit | undefined'.
build-and-deploy	Build and Push Frontend	2026-03-30T09:15:07.8014205Z #13 6.866           Type 'Partial<RawAxiosHeaders & { Accept: AxiosHeaderValue; "Content-Length": AxiosHeaderValue; "User-Agent": AxiosHeaderValue; "Content-Encoding": AxiosHeaderValue; Authorization: AxiosHeaderValue; } & { ...; }> & Partial<...>' is missing the following properties from type '[string, string][]': length, pop, push, concat, and 28 more.
build-and-deploy	Build and Push Frontend	2026-03-30T09:15:07.8017117Z #13 6.867 src/pages/ProgramEditor/HallsModal.tsx(5,10): error TS2305: Module '"../../api/generated/halls/halls"' has no exported member 'getHalls'.
build-and-deploy	Build and Push Frontend	2026-03-30T09:15:07.8018803Z #13 6.867 src/pages/ProgramEditor/HallsModal.tsx(23,23): error TS7006: Parameter 'allHalls' implicitly has an 'any' type.
build-and-deploy	Build and Push Frontend	2026-03-30T09:15:07.8020158Z #13 6.867 src/pages/ProgramEditor/HallsModal.tsx(30,24): error TS7006: Parameter '_err' implicitly has an 'any' type.
build-and-deploy	Build and Push Frontend	2026-03-30T09:15:07.8021786Z #13 6.867 src/pages/ProgramEditor/SessionDrawer.tsx(7,10): error TS2305: Module '"../../api/generated/speakers/speakers"' has no exported member 'getSpeakers'.
build-and-deploy	Build and Push Frontend	2026-03-30T09:15:07.8023245Z #13 ERROR: process "/bin/sh -c npm run build" did not complete successfully: exit code: 2
build-and-deploy	Build and Push Frontend	2026-03-30T09:15:07.8024041Z ------
build-and-deploy	Build and Push Frontend	2026-03-30T09:15:07.8024435Z  > [build 6/6] RUN npm run build:
build-and-deploy	Build and Push Frontend	2026-03-30T09:15:07.8025713Z 6.866 src/api/generated/users/users.ts(421,46): error TS2345: Argument of type 'AxiosRequestConfig<any> | undefined' is not assignable to parameter of type 'RequestInit | undefined'.
build-and-deploy	Build and Push Frontend	2026-03-30T09:15:07.8027247Z 6.866   Type 'AxiosRequestConfig<any>' is not assignable to type 'RequestInit'.
build-and-deploy	Build and Push Frontend	2026-03-30T09:15:07.8028177Z 6.866     Types of property 'headers' are incompatible.
build-and-deploy	Build and Push Frontend	2026-03-30T09:15:07.8030404Z 6.866       Type 'AxiosHeaders | (Partial<RawAxiosHeaders & { Accept: AxiosHeaderValue; "Content-Length": AxiosHeaderValue; "User-Agent": AxiosHeaderValue; "Content-Encoding": AxiosHeaderValue; Authorization: AxiosHeaderValue; } & { ...; }> & Partial<...>) | undefined' is not assignable to type 'HeadersInit | undefined'.
build-and-deploy	Build and Push Frontend	2026-03-30T09:15:07.8034208Z 6.866         Type 'Partial<RawAxiosHeaders & { Accept: AxiosHeaderValue; "Content-Length": AxiosHeaderValue; "User-Agent": AxiosHeaderValue; "Content-Encoding": AxiosHeaderValue; Authorization: AxiosHeaderValue; } & { ...; }> & Partial<...>' is not assignable to type 'HeadersInit | undefined'.
build-and-deploy	Build and Push Frontend	2026-03-30T09:15:07.8038117Z 6.866           Type 'Partial<RawAxiosHeaders & { Accept: AxiosHeaderValue; "Content-Length": AxiosHeaderValue; "User-Agent": AxiosHeaderValue; "Content-Encoding": AxiosHeaderValue; Authorization: AxiosHeaderValue; } & { ...; }> & Partial<...>' is missing the following properties from type '[string, string][]': length, pop, push, concat, and 28 more.
build-and-deploy	Build and Push Frontend	2026-03-30T09:15:07.8041032Z 6.867 src/pages/ProgramEditor/HallsModal.tsx(5,10): error TS2305: Module '"../../api/generated/halls/halls"' has no exported member 'getHalls'.
build-and-deploy	Build and Push Frontend	2026-03-30T09:15:07.8042734Z 6.867 src/pages/ProgramEditor/HallsModal.tsx(23,23): error TS7006: Parameter 'allHalls' implicitly has an 'any' type.
build-and-deploy	Build and Push Frontend	2026-03-30T09:15:07.8044106Z 6.867 src/pages/ProgramEditor/HallsModal.tsx(30,24): error TS7006: Parameter '_err' implicitly has an 'any' type.
build-and-deploy	Build and Push Frontend	2026-03-30T09:15:07.8045690Z 6.867 src/pages/ProgramEditor/SessionDrawer.tsx(7,10): error TS2305: Module '"../../api/generated/speakers/speakers"' has no exported member 'getSpeakers'.
build-and-deploy	Build and Push Frontend	2026-03-30T09:15:07.8046874Z ------
build-and-deploy	Build and Push Frontend	2026-03-30T09:15:07.8047211Z Dockerfile:10
build-and-deploy	Build and Push Frontend	2026-03-30T09:15:07.8047688Z --------------------
build-and-deploy	Build and Push Frontend	2026-03-30T09:15:07.8048051Z    8 |     
build-and-deploy	Build and Push Frontend	2026-03-30T09:15:07.8048386Z    9 |     COPY . .
build-and-deploy	Build and Push Frontend	2026-03-30T09:15:07.8048823Z   10 | >>> RUN npm run build
build-and-deploy	Build and Push Frontend	2026-03-30T09:15:07.8049234Z   11 |     
build-and-deploy	Build and Push Frontend	2026-03-30T09:15:07.8049575Z   12 |     # Stage 2: Serve
build-and-deploy	Build and Push Frontend	2026-03-30T09:15:07.8049950Z --------------------
build-and-deploy	Build and Push Frontend	2026-03-30T09:15:07.8050779Z ERROR: failed to build: failed to solve: process "/bin/sh -c npm run build" did not complete successfully: exit code: 2
build-and-deploy	Build and Push Frontend	2026-03-30T09:15:07.8593578Z ##[error]buildx failed with: ERROR: failed to build: failed to solve: process "/bin/sh -c npm run build" did not complete successfully: exit code: 2
build-and-deploy	Post Build and Push Frontend	﻿2026-03-30T09:15:07.8766089Z Post job cleanup.
build-and-deploy	Post Build and Push Frontend	2026-03-30T09:15:08.0939240Z ##[group]Removing temp folder /home/runner/work/_temp/docker-actions-toolkit-bzMLUs
build-and-deploy	Post Build and Push Frontend	2026-03-30T09:15:08.0948476Z ##[endgroup]
build-and-deploy	Post Build and Push Frontend	2026-03-30T09:15:08.0949205Z ##[group]Post cache
build-and-deploy	Post Build and Push Frontend	2026-03-30T09:15:08.0951236Z State not set
build-and-deploy	Post Build and Push Frontend	2026-03-30T09:15:08.0951896Z ##[endgroup]
build-and-deploy	Post Build and Push Backend	﻿2026-03-30T09:15:08.1085564Z Post job cleanup.
build-and-deploy	Post Build and Push Backend	2026-03-30T09:15:08.3209290Z ##[group]Removing temp folder /home/runner/work/_temp/docker-actions-toolkit-eXk7HS
build-and-deploy	Post Build and Push Backend	2026-03-30T09:15:08.3222319Z ##[endgroup]
build-and-deploy	Post Build and Push Backend	2026-03-30T09:15:08.3222966Z ##[group]Post cache
build-and-deploy	Post Build and Push Backend	2026-03-30T09:15:08.3224691Z State not set
build-and-deploy	Post Build and Push Backend	2026-03-30T09:15:08.3225340Z ##[endgroup]
build-and-deploy	Post Log in to Docker Hub	﻿2026-03-30T09:15:08.3355380Z Post job cleanup.
build-and-deploy	Post Log in to Docker Hub	2026-03-30T09:15:08.6333319Z ##[group]Logout from docker.io
build-and-deploy	Post Log in to Docker Hub	2026-03-30T09:15:08.6378901Z [command]/usr/bin/docker logout docker.io
build-and-deploy	Post Log in to Docker Hub	2026-03-30T09:15:08.6514363Z Removing login credentials for docker.io
build-and-deploy	Post Log in to Docker Hub	2026-03-30T09:15:08.6547852Z ##[endgroup]
build-and-deploy	Post Log in to Docker Hub	2026-03-30T09:15:08.6548476Z ##[group]Post cache
build-and-deploy	Post Log in to Docker Hub	2026-03-30T09:15:08.6550299Z State not set
build-and-deploy	Post Log in to Docker Hub	2026-03-30T09:15:08.6551093Z ##[endgroup]
build-and-deploy	Post Checkout code	﻿2026-03-30T09:15:08.6685921Z Post job cleanup.
build-and-deploy	Post Checkout code	2026-03-30T09:15:08.7612508Z [command]/usr/bin/git version
build-and-deploy	Post Checkout code	2026-03-30T09:15:08.7648097Z git version 2.53.0
build-and-deploy	Post Checkout code	2026-03-30T09:15:08.7692035Z Temporarily overriding HOME='/home/runner/work/_temp/3bf9d3a5-e031-400f-abf8-1c0bebb9fefc' before making global git config changes
build-and-deploy	Post Checkout code	2026-03-30T09:15:08.7693452Z Adding repository directory to the temporary git global config as a safe directory
build-and-deploy	Post Checkout code	2026-03-30T09:15:08.7699116Z [command]/usr/bin/git config --global --add safe.directory /home/runner/work/UPGRADE/UPGRADE
build-and-deploy	Post Checkout code	2026-03-30T09:15:08.7733255Z [command]/usr/bin/git config --local --name-only --get-regexp core\.sshCommand
build-and-deploy	Post Checkout code	2026-03-30T09:15:08.7763727Z [command]/usr/bin/git submodule foreach --recursive sh -c "git config --local --name-only --get-regexp 'core\.sshCommand' && git config --local --unset-all 'core.sshCommand' || :"
build-and-deploy	Post Checkout code	2026-03-30T09:15:08.7984564Z [command]/usr/bin/git config --local --name-only --get-regexp http\.https\:\/\/github\.com\/\.extraheader
build-and-deploy	Post Checkout code	2026-03-30T09:15:08.8003957Z http.https://github.com/.extraheader
build-and-deploy	Post Checkout code	2026-03-30T09:15:08.8015807Z [command]/usr/bin/git config --local --unset-all http.https://github.com/.extraheader
build-and-deploy	Post Checkout code	2026-03-30T09:15:08.8044437Z [command]/usr/bin/git submodule foreach --recursive sh -c "git config --local --name-only --get-regexp 'http\.https\:\/\/github\.com\/\.extraheader' && git config --local --unset-all 'http.https://github.com/.extraheader' || :"
build-and-deploy	Post Checkout code	2026-03-30T09:15:08.8256932Z [command]/usr/bin/git config --local --name-only --get-regexp ^includeIf\.gitdir:
build-and-deploy	Post Checkout code	2026-03-30T09:15:08.8286005Z [command]/usr/bin/git submodule foreach --recursive git config --local --show-origin --name-only --get-regexp remote.origin.url
build-and-deploy	Complete job	﻿2026-03-30T09:15:08.8606560Z Cleaning up orphan processes
build-and-deploy	Complete job	2026-03-30T09:15:08.9010315Z ##[warning]Node.js 20 actions are deprecated. The following actions are running on Node.js 20 and may not work as expected: actions/checkout@v4, docker/build-push-action@v5, docker/login-action@v3. Actions will be forced to run with Node.js 24 by default starting June 2nd, 2026. Node.js 20 will be removed from the runner on September 16th, 2026. Please check if updated versions of these actions are available that support Node.js 24. To opt into Node.js 24 now, set the FORCE_JAVASCRIPT_ACTIONS_TO_NODE24=true environment variable on the runner or in your workflow file. Once Node.js 24 becomes the default, you can temporarily opt out by setting ACTIONS_ALLOW_USE_UNSECURE_NODE_VERSION=true. For more information see: https://github.blog/changelog/2025-09-19-deprecation-of-node-20-on-github-actions-runners/
